Archive member included to satisfy reference by file (symbol)

libbb/lib.a(appletlib.o)      /home/joelphilip/Documents/C2S/Trisul32/trisul32_buildroot-master/buildroot/output/host/riscv32-buildroot-linux-gnu/sysroot/usr/lib/Scrt1.o (main)
libbb/lib.a(compare_string_array.o)
                              libbb/lib.a(appletlib.o) (is_prefixed_with)
libbb/lib.a(concat_path_file.o)
                              libbb/lib.a(appletlib.o) (concat_path_file)
libbb/lib.a(default_error_retval.o)
                              libbb/lib.a(appletlib.o) (xfunc_error_retval)
libbb/lib.a(get_last_path_component.o)
                              libbb/lib.a(appletlib.o) (bb_basename)
libbb/lib.a(last_char_is.o)   libbb/lib.a(concat_path_file.o) (last_char_is)
libbb/lib.a(messages.o)       libbb/lib.a(appletlib.o) (bb_busybox_exec_path)
libbb/lib.a(perror_msg.o)     libbb/lib.a(appletlib.o) (bb_simple_perror_msg)
libbb/lib.a(ptr_to_globals.o)
                              libbb/lib.a(appletlib.o) (bb_errno)
libbb/lib.a(verror_msg.o)     libbb/lib.a(perror_msg.o) (bb_verror_msg)
libbb/lib.a(xfunc_die.o)      libbb/lib.a(appletlib.o) (xfunc_die)
libbb/lib.a(xfuncs.o)         libbb/lib.a(appletlib.o) (full_write1_str)
libbb/lib.a(xfuncs_printf.o)  libbb/lib.a(verror_msg.o) (fflush_all)
libbb/lib.a(xreadlink.o)      libbb/lib.a(appletlib.o) (xmalloc_readlink)
libbb/lib.a(copyfd.o)         libbb/lib.a(xfuncs_printf.o) (bb_copyfd_eof)
libbb/lib.a(full_write.o)     libbb/lib.a(verror_msg.o) (full_write)
libbb/lib.a(read.o)           libbb/lib.a(copyfd.o) (safe_read)
libbb/lib.a(safe_write.o)     libbb/lib.a(full_write.o) (safe_write)
libbb/lib.a(signals.o)        libbb/lib.a(xfuncs_printf.o) (kill_myself_with_sig)
libbb/lib.a(time.o)           libbb/lib.a(xfuncs_printf.o) (monotonic_us)
libbb/lib.a(xgetcwd.o)        libbb/lib.a(xreadlink.o) (xrealloc_getcwd_or_warn)
libbb/lib.a(bb_strtonum.o)    libbb/lib.a(time.o) (bb_strtoll)
loginutils/lib.a(addgroup.o)  libbb/lib.a(appletlib.o) (addgroup_main)
loginutils/lib.a(adduser.o)   libbb/lib.a(appletlib.o) (adduser_main)
loginutils/lib.a(cryptpw.o)   libbb/lib.a(appletlib.o) (cryptpw_main)
loginutils/lib.a(deluser.o)   libbb/lib.a(appletlib.o) (deluser_main)
loginutils/lib.a(getty.o)     libbb/lib.a(appletlib.o) (getty_main)
loginutils/lib.a(login.o)     libbb/lib.a(appletlib.o) (login_main)
loginutils/lib.a(passwd.o)    libbb/lib.a(appletlib.o) (passwd_main)
loginutils/lib.a(su.o)        libbb/lib.a(appletlib.o) (su_main)
loginutils/lib.a(sulogin.o)   libbb/lib.a(appletlib.o) (sulogin_main)
loginutils/lib.a(vlock.o)     libbb/lib.a(appletlib.o) (vlock_main)
miscutils/lib.a(ascii.o)      libbb/lib.a(appletlib.o) (ascii_main)
miscutils/lib.a(bc.o)         libbb/lib.a(appletlib.o) (bc_main)
miscutils/lib.a(crond.o)      libbb/lib.a(appletlib.o) (crond_main)
miscutils/lib.a(crontab.o)    libbb/lib.a(appletlib.o) (crontab_main)
miscutils/lib.a(devmem.o)     libbb/lib.a(appletlib.o) (devmem_main)
miscutils/lib.a(hdparm.o)     libbb/lib.a(appletlib.o) (hdparm_main)
miscutils/lib.a(hexedit.o)    libbb/lib.a(appletlib.o) (hexedit_main)
miscutils/lib.a(i2c_tools.o)  libbb/lib.a(appletlib.o) (i2cget_main)
miscutils/lib.a(less.o)       libbb/lib.a(appletlib.o) (less_main)
miscutils/lib.a(lsscsi.o)     libbb/lib.a(appletlib.o) (lsscsi_main)
miscutils/lib.a(makedevs.o)   libbb/lib.a(appletlib.o) (makedevs_main)
miscutils/lib.a(microcom.o)   libbb/lib.a(appletlib.o) (microcom_main)
miscutils/lib.a(mt.o)         libbb/lib.a(appletlib.o) (mt_main)
miscutils/lib.a(partprobe.o)  libbb/lib.a(appletlib.o) (partprobe_main)
miscutils/lib.a(runlevel.o)   libbb/lib.a(appletlib.o) (runlevel_main)
miscutils/lib.a(seedrng.o)    libbb/lib.a(appletlib.o) (seedrng_main)
miscutils/lib.a(setfattr.o)   libbb/lib.a(appletlib.o) (setfattr_main)
miscutils/lib.a(setserial.o)  libbb/lib.a(appletlib.o) (setserial_main)
miscutils/lib.a(strings.o)    libbb/lib.a(appletlib.o) (strings_main)
miscutils/lib.a(time.o)       libbb/lib.a(appletlib.o) (time_main)
miscutils/lib.a(tree.o)       libbb/lib.a(appletlib.o) (tree_main)
miscutils/lib.a(ts.o)         libbb/lib.a(appletlib.o) (ts_main)
miscutils/lib.a(ubirename.o)  libbb/lib.a(appletlib.o) (ubirename_main)
miscutils/lib.a(watchdog.o)   libbb/lib.a(appletlib.o) (watchdog_main)
modutils/lib.a(insmod.o)      libbb/lib.a(appletlib.o) (insmod_main)
modutils/lib.a(lsmod.o)       libbb/lib.a(appletlib.o) (lsmod_main)
modutils/lib.a(modprobe.o)    libbb/lib.a(appletlib.o) (modprobe_main)
modutils/lib.a(modutils.o)    modutils/lib.a(modprobe.o) (replace)
modutils/lib.a(rmmod.o)       libbb/lib.a(appletlib.o) (rmmod_main)
networking/lib.a(arp.o)       libbb/lib.a(appletlib.o) (arp_main)
networking/lib.a(arping.o)    libbb/lib.a(appletlib.o) (arping_main)
networking/lib.a(dnsd.o)      libbb/lib.a(appletlib.o) (dnsd_main)
networking/lib.a(ether-wake.o)
                              libbb/lib.a(appletlib.o) (ether_wake_main)
[...]
Memory Configuration

Name             Origin             Length             Attributes
*default*        0x0000000000000000 0xffffffffffffffff

Linker script and memory map

LOAD /home/joelphilip/Documents/C2S/Trisul32/trisul32_buildroot-master/buildroot/output/host/riscv32-buildroot-linux-gnu/sysroot/usr/lib/Scrt1.o
LOAD /home/joelphilip/Documents/C2S/Trisul32/trisul32_buildroot-master/buildroot/output/host/lib/gcc/riscv32-buildroot-linux-gnu/11.4.0/crti.o
LOAD /home/joelphilip/Documents/C2S/Trisul32/trisul32_buildroot-master/buildroot/output/host/lib/gcc/riscv32-buildroot-linux-gnu/11.4.0/crtbeginS.o
START GROUP
LOAD applets/built-in.o
LOAD archival/lib.a
LOAD archival/libarchive/lib.a
LOAD console-tools/lib.a
LOAD coreutils/lib.a
LOAD coreutils/libcoreutils/lib.a
LOAD debianutils/lib.a
LOAD klibc-utils/lib.a
LOAD e2fsprogs/lib.a
LOAD editors/lib.a
LOAD findutils/lib.a
LOAD init/lib.a
LOAD libbb/lib.a
LOAD libpwdgrp/lib.a
LOAD loginutils/lib.a
LOAD mailutils/lib.a
LOAD miscutils/lib.a
LOAD modutils/lib.a
LOAD networking/lib.a
LOAD networking/libiproute/lib.a
LOAD networking/udhcp/lib.a
LOAD printutils/lib.a
LOAD procps/lib.a
LOAD runit/lib.a
LOAD selinux/lib.a
LOAD shell/lib.a
LOAD sysklogd/lib.a
LOAD util-linux/lib.a
LOAD util-linux/volume_id/lib.a
LOAD archival/built-in.o
LOAD archival/libarchive/built-in.o
LOAD console-tools/built-in.o
LOAD coreutils/built-in.o
LOAD coreutils/libcoreutils/built-in.o
LOAD debianutils/built-in.o
LOAD klibc-utils/built-in.o
LOAD e2fsprogs/built-in.o
LOAD editors/built-in.o
LOAD findutils/built-in.o
LOAD init/built-in.o
LOAD libbb/built-in.o
LOAD libpwdgrp/built-in.o
LOAD loginutils/built-in.o
LOAD mailutils/built-in.o
LOAD miscutils/built-in.o
LOAD modutils/built-in.o
LOAD networking/built-in.o
LOAD networking/libiproute/built-in.o
LOAD networking/udhcp/built-in.o
LOAD printutils/built-in.o
LOAD procps/built-in.o
LOAD runit/built-in.o
LOAD selinux/built-in.o
LOAD shell/built-in.o
LOAD sysklogd/built-in.o
LOAD util-linux/built-in.o
LOAD util-linux/volume_id/built-in.o
END GROUP
START GROUP
LOAD /home/joelphilip/Documents/C2S/Trisul32/trisul32_buildroot-master/buildroot/output/host/riscv32-buildroot-linux-gnu/sysroot/usr/lib/libresolv.so
END GROUP
LOAD /home/joelphilip/Documents/C2S/Trisul32/trisul32_buildroot-master/buildroot/output/host/lib/gcc/riscv32-buildroot-linux-gnu/11.4.0/libgcc.a
LOAD /home/joelphilip/Documents/C2S/Trisul32/trisul32_buildroot-master/buildroot/output/host/lib/gcc/riscv32-buildroot-linux-gnu/11.4.0/libgcc_eh.a
LOAD /home/joelphilip/Documents/C2S/Trisul32/trisul32_buildroot-master/buildroot/output/host/riscv32-buildroot-linux-gnu/sysroot/usr/lib/libc.so
START GROUP
LOAD /home/joelphilip/Documents/C2S/Trisul32/trisul32_buildroot-master/buildroot/output/host/riscv32-buildroot-linux-gnu/sysroot/lib32/libc.so.6
LOAD /home/joelphilip/Documents/C2S/Trisul32/trisul32_buildroot-master/buildroot/output/host/riscv32-buildroot-linux-gnu/sysroot/usr/lib/libc_nonshared.a
LOAD /home/joelphilip/Documents/C2S/Trisul32/trisul32_buildroot-master/buildroot/output/host/riscv32-buildroot-linux-gnu/sysroot/lib/ld-linux-riscv32-ilp32.so.1
END GROUP
LOAD /home/joelphilip/Documents/C2S/Trisul32/trisul32_buildroot-master/buildroot/output/host/lib/gcc/riscv32-buildroot-linux-gnu/11.4.0/libgcc.a
LOAD /home/joelphilip/Documents/C2S/Trisul32/trisul32_buildroot-master/buildroot/output/host/lib/gcc/riscv32-buildroot-linux-gnu/11.4.0/libgcc_eh.a
LOAD /home/joelphilip/Documents/C2S/Trisul32/trisul32_buildroot-master/buildroot/output/host/lib/gcc/riscv32-buildroot-linux-gnu/11.4.0/crtendS.o
LOAD /home/joelphilip/Documents/C2S/Trisul32/trisul32_buildroot-master/buildroot/output/host/lib/gcc/riscv32-buildroot-linux-gnu/11.4.0/crtn.o
                [!provide]                        PROVIDE (__executable_start = SEGMENT_START ("text-segment", 0x0))
                0x0000000000000174                . = (SEGMENT_START ("text-segment", 0x0) + SIZEOF_HEADERS)

.interp         0x0000000000000174       0x21
 *(SORT_BY_ALIGNMENT(.interp))
 .interp        0x0000000000000174       0x21 /home/joelphilip/Documents/C2S/Trisul32/trisul32_buildroot-master/buildroot/output/host/riscv32-buildroot-linux-gnu/sysroot/usr/lib/Scrt1.o

.note.ABI-tag   0x0000000000000198       0x20
 .note.ABI-tag  0x0000000000000198       0x20 /home/joelphilip/Documents/C2S/Trisul32/trisul32_buildroot-master/buildroot/output/host/riscv32-buildroot-linux-gnu/sysroot/usr/lib/Scrt1.o

.note.gnu.build-id
 *(SORT_BY_ALIGNMENT(.note.gnu.build-id))

.hash           0x00000000000001b8      0xa28
 *(SORT_BY_ALIGNMENT(.hash))
 .hash          0x00000000000001b8      0xa28 /home/joelphilip/Documents/C2S/Trisul32/trisul32_buildroot-master/buildroot/output/host/riscv32-buildroot-linux-gnu/sysroot/usr/lib/Scrt1.o

.gnu.hash       0x0000000000000be0       0x40
 *(SORT_BY_ALIGNMENT(.gnu.hash))
 .gnu.hash      0x0000000000000be0       0x40 /home/joelphilip/Documents/C2S/Trisul32/trisul32_buildroot-master/buildroot/output/host/riscv32-buildroot-linux-gnu/sysroot/usr/lib/Scrt1.o

.dynsym         0x0000000000000c20     0x1810
 *(SORT_BY_ALIGNMENT(.dynsym))
 .dynsym        0x0000000000000c20     0x1810 /home/joelphilip/Documents/C2S/Trisul32/trisul32_buildroot-master/buildroot/output/host/riscv32-buildroot-linux-gnu/sysroot/usr/lib/Scrt1.o

.dynstr         0x0000000000002430      0xde8
 *(SORT_BY_ALIGNMENT(.dynstr))
 .dynstr        0x0000000000002430      0xde8 /home/joelphilip/Documents/C2S/Trisul32/trisul32_buildroot-master/buildroot/output/host/riscv32-buildroot-linux-gnu/sysroot/usr/lib/Scrt1.o

.gnu.version    0x0000000000003218      0x302
 *(SORT_BY_ALIGNMENT(.gnu.version))
 .gnu.version   0x0000000000003218      0x302 /home/joelphilip/Documents/C2S/Trisul32/trisul32_buildroot-master/buildroot/output/host/riscv32-buildroot-linux-gnu/sysroot/usr/lib/Scrt1.o

.gnu.version_d  0x000000000000351c        0x0
 *(SORT_BY_ALIGNMENT(.gnu.version_d))
 .gnu.version_d
                0x000000000000351c        0x0 /home/joelphilip/Documents/C2S/Trisul32/trisul32_buildroot-master/buildroot/output/host/riscv32-buildroot-linux-gnu/sysroot/usr/lib/Scrt1.o

.gnu.version_r  0x000000000000351c       0x70
 *(SORT_BY_ALIGNMENT(.gnu.version_r))
 .gnu.version_r
                0x000000000000351c       0x70 /home/joelphilip/Documents/C2S/Trisul32/trisul32_buildroot-master/buildroot/output/host/riscv32-buildroot-linux-gnu/sysroot/usr/lib/Scrt1.o

.rela.dyn       0x000000000000358c     0x2928
 *(SORT_BY_ALIGNMENT(.rela.init))
 *(SORT_BY_ALIGNMENT(.rela.text) SORT_BY_ALIGNMENT(.rela.text.*) SORT_BY_ALIGNMENT(.rela.gnu.linkonce.t.*))
 *(SORT_BY_ALIGNMENT(.rela.fini))
 *(SORT_BY_ALIGNMENT(.rela.rodata) SORT_BY_ALIGNMENT(.rela.rodata.*) SORT_BY_ALIGNMENT(.rela.gnu.linkonce.r.*))
 *(SORT_BY_ALIGNMENT(.rela.data) SORT_BY_ALIGNMENT(.rela.data.*) SORT_BY_ALIGNMENT(.rela.gnu.linkonce.d.*))
 .rela.data.rel.ro
                0x000000000000358c        0x0 /home/joelphilip/Documents/C2S/Trisul32/trisul32_buildroot-master/buildroot/output/host/riscv32-buildroot-linux-gnu/sysroot/usr/lib/Scrt1.o
 .rela.data.rel.local
                0x000000000000358c        0xc /home/joelphilip/Documents/C2S/Trisul32/trisul32_buildroot-master/buildroot/output/host/riscv32-buildroot-linux-gnu/sysroot/usr/lib/Scrt1.o
 .rela.data.rel.ro.applet_main
                0x0000000000003598      0xd14 /home/joelphilip/Documents/C2S/Trisul32/trisul32_buildroot-master/buildroot/output/host/riscv32-buildroot-linux-gnu/sysroot/usr/lib/Scrt1.o
 .rela.data.rel.ro.local.install_dir
                0x00000000000042ac       0x3c /home/joelphilip/Documents/C2S/Trisul32/trisul32_buildroot-master/buildroot/output/host/riscv32-buildroot-linux-gnu/sysroot/usr/lib/Scrt1.o
 .rela.data.rel.local.msg_eol
                0x00000000000042e8        0xc /home/joelphilip/Documents/C2S/Trisul32/trisul32_buildroot-master/buildroot/output/host/riscv32-buildroot-linux-gnu/sysroot/usr/lib/Scrt1.o
 .rela.data.rel.ro.local.msg.2
                0x00000000000042f4       0x24 /home/joelphilip/Documents/C2S/Trisul32/trisul32_buildroot-master/buildroot/output/host/riscv32-buildroot-linux-gnu/sysroot/usr/lib/Scrt1.o
 .rela.data.rel.ro.local.zxc_program_ops
                0x0000000000004318       0x48 /home/joelphilip/Documents/C2S/Trisul32/trisul32_buildroot-master/buildroot/output/host/riscv32-buildroot-linux-gnu/sysroot/usr/lib/Scrt1.o
 .rela.data.rel.ro.local.SpecAry.0
                0x0000000000004360       0x60 /home/joelphilip/Documents/C2S/Trisul32/trisul32_buildroot-master/buildroot/output/host/riscv32-buildroot-linux-gnu/sysroot/usr/lib/Scrt1.o
 .rela.data.rel.ro.local.pio_modes.3
                0x00000000000043c0        0xc /home/joelphilip/Documents/C2S/Trisul32/trisul32_buildroot-master/buildroot/output/host/riscv32-buildroot-linux-gnu/sysroot/usr/lib/Scrt1.o
 .rela.data.rel.ro.local.ultra_modes1.1
                0x00000000000043cc        0xc /home/joelphilip/Documents/C2S/Trisul32/trisul32_buildroot-master/buildroot/output/host/riscv32-buildroot-linux-gnu/sysroot/usr/lib/Scrt1.o
 .rela.data.rel.ro.local.ultra_modes2.0
                0x00000000000043d8        0xc /home/joelphilip/Documents/C2S/Trisul32/trisul32_buildroot-master/buildroot/output/host/riscv32-buildroot-linux-gnu/sysroot/usr/lib/Scrt1.o
 .rela.data.rel.ro.local.adap_descs
                0x00000000000043e4       0x60 /home/joelphilip/Documents/C2S/Trisul32/trisul32_buildroot-master/buildroot/output/host/riscv32-buildroot-linux-gnu/sysroot/usr/lib/Scrt1.o
 .rela.data.rel.ro.local.i2c_funcs_tab
                0x0000000000004444       0xb4 /home/joelphilip/Documents/C2S/Trisul32/trisul32_buildroot-master/buildroot/output/host/riscv32-buildroot-linux-gnu/sysroot/usr/lib/Scrt1.o
 .rela.data.rel.ro.local.Arg1Opt
                0x00000000000044f8       0xc0 /home/joelphilip/Documents/C2S/Trisul32/trisul32_buildroot-master/buildroot/output/host/riscv32-buildroot-linux-gnu/sysroot/usr/lib/Scrt1.o
 .rela.data.rel.ro.local.OptArray
                0x00000000000045b8      0x114 /home/joelphilip/Documents/C2S/Trisul32/trisul32_buildroot-master/buildroot/output/host/riscv32-buildroot-linux-gnu/sysroot/usr/lib/Scrt1.o
 .rela.data.rel.ro.local.addr_fams.0
                0x00000000000046cc       0x24 /home/joelphilip/Documents/C2S/Trisul32/trisul32_buildroot-master/buildroot/output/host/riscv32-buildroot-linux-gnu/sysroot/usr/lib/Scrt1.o
 .rela.data.rel.ro.local.addr_inet
                0x00000000000046f0       0x18 /home/joelphilip/Documents/C2S/Trisul32/trisul32_buildroot-master/buildroot/output/host/riscv32-buildroot-linux-gnu/sysroot/usr/lib/Scrt1.o
 .rela.data.rel.ro.local.addr_inet6
                0x0000000000004708       0x18 /home/joelphilip/Documents/C2S/Trisul32/trisul32_buildroot-master/buildroot/output/host/riscv32-buildroot-linux-gnu/sysroot/usr/lib/Scrt1.o
 .rela.data.rel.ro.local.addr_link
                0x0000000000004720       0x18 /home/joelphilip/Documents/C2S/Trisul32/trisul32_buildroot-master/buildroot/output/host/riscv32-buildroot-linux-gnu/sysroot/usr/lib/Scrt1.o
 .rela.data.rel.ro.local.link_methods
                0x0000000000004738       0x24 /home/joelphilip/Documents/C2S/Trisul32/trisul32_buildroot-master/buildroot/output/host/riscv32-buildroot-linux-gnu/sysroot/usr/lib/Scrt1.o
 .rela.data.rel.ro.local.methods
                0x000000000000475c       0xfc /home/joelphilip/Documents/C2S/Trisul32/trisul32_buildroot-master/buildroot/output/host/riscv32-buildroot-linux-gnu/sysroot/usr/lib/Scrt1.o
 .rela.data.rel.ro.local.methods6
                0x0000000000004858       0x90 /home/joelphilip/Documents/C2S/Trisul32/trisul32_buildroot-master/buildroot/output/host/riscv32-buildroot-linux-gnu/sysroot/usr/lib/Scrt1.o
 .rela.data.rel.ro.local.builtins
                0x00000000000048e8       0x78 /home/joelphilip/Documents/C2S/Trisul32/trisul32_buildroot-master/buildroot/output/host/riscv32-buildroot-linux-gnu/sysroot/usr/lib/Scrt1.o
 .rela.data.rel.ro.local.aftypes
                0x0000000000004960       0x24 /home/joelphilip/Documents/C2S/Trisul32/trisul32_buildroot-master/buildroot/output/host/riscv32-buildroot-linux-gnu/sysroot/usr/lib/Scrt1.o
 .rela.data.rel.ro.local.ether_hwtype
                0x0000000000004984       0x30 /home/joelphilip/Documents/C2S/Trisul32/trisul32_buildroot-master/buildroot/output/host/riscv32-buildroot-linux-gnu/sysroot/usr/lib/Scrt1.o
 .rela.data.rel.ro.local.hwtypes
                0x00000000000049b4       0x48 /home/joelphilip/Documents/C2S/Trisul32/trisul32_buildroot-master/buildroot/output/host/riscv32-buildroot-linux-gnu/sysroot/usr/lib/Scrt1.o
 .rela.data.rel.ro.local.ib_hwtype
                0x00000000000049fc       0x30 /home/joelphilip/Documents/C2S/Trisul32/trisul32_buildroot-master/buildroot/output/host/riscv32-buildroot-linux-gnu/sysroot/usr/lib/Scrt1.o
 .rela.data.rel.ro.local.if_port_text
                0x0000000000004a2c       0x54 /home/joelphilip/Documents/C2S/Trisul32/trisul32_buildroot-master/buildroot/output/host/riscv32-buildroot-linux-gnu/sysroot/usr/lib/Scrt1.o
 .rela.data.rel.ro.local.inet6_aftype
                0x0000000000004a80       0x30 /home/joelphilip/Documents/C2S/Trisul32/trisul32_buildroot-master/buildroot/output/host/riscv32-buildroot-linux-gnu/sysroot/usr/lib/Scrt1.o
 .rela.data.rel.ro.local.inet_aftype
                0x0000000000004ab0       0x30 /home/joelphilip/Documents/C2S/Trisul32/trisul32_buildroot-master/buildroot/output/host/riscv32-buildroot-linux-gnu/sysroot/usr/lib/Scrt1.o
 .rela.data.rel.ro.local.loop_hwtype
                0x0000000000004ae0       0x18 /home/joelphilip/Documents/C2S/Trisul32/trisul32_buildroot-master/buildroot/output/host/riscv32-buildroot-linux-gnu/sysroot/usr/lib/Scrt1.o
 .rela.data.rel.ro.local.ppp_hwtype
                0x0000000000004af8       0x18 /home/joelphilip/Documents/C2S/Trisul32/trisul32_buildroot-master/buildroot/output/host/riscv32-buildroot-linux-gnu/sysroot/usr/lib/Scrt1.o
 .rela.data.rel.ro.local.sit_hwtype
                0x0000000000004b10       0x24 /home/joelphilip/Documents/C2S/Trisul32/trisul32_buildroot-master/buildroot/output/host/riscv32-buildroot-linux-gnu/sysroot/usr/lib/Scrt1.o
 .rela.data.rel.ro.local.ss_fmt
                0x0000000000004b34       0x24 /home/joelphilip/Documents/C2S/Trisul32/trisul32_buildroot-master/buildroot/output/host/riscv32-buildroot-linux-gnu/sysroot/usr/lib/Scrt1.o
 .rela.data.rel.ro.local.unspec_aftype
                0x0000000000004b58       0x30 /home/joelphilip/Documents/C2S/Trisul32/trisul32_buildroot-master/buildroot/output/host/riscv32-buildroot-linux-gnu/sysroot/usr/lib/Scrt1.o
 .rela.data.rel.ro.local.unspec_hwtype
                0x0000000000004b88       0x24 /home/joelphilip/Documents/C2S/Trisul32/trisul32_buildroot-master/buildroot/output/host/riscv32-buildroot-linux-gnu/sysroot/usr/lib/Scrt1.o
 .rela.data.rel.ro.local.ip_func_ptrs.0
                0x0000000000004bac       0x6c /home/joelphilip/Documents/C2S/Trisul32/trisul32_buildroot-master/buildroot/output/host/riscv32-buildroot-linux-gnu/sysroot/usr/lib/Scrt1.o
 .rela.data.rel.ro.local.tcp_state
                0x0000000000004c18       0x90 /home/joelphilip/Documents/C2S/Trisul32/trisul32_buildroot-master/buildroot/output/host/riscv32-buildroot-linux-gnu/sysroot/usr/lib/Scrt1.o
 .rela.data.rel.ro.local.rcodes
                0x0000000000004ca8       0xc0 /home/joelphilip/Documents/C2S/Trisul32/trisul32_buildroot-master/buildroot/output/host/riscv32-buildroot-linux-gnu/sysroot/usr/lib/Scrt1.o
 .rela.data.rel.ro.local.init_tab.0
                0x0000000000004d68       0x78 /home/joelphilip/Documents/C2S/Trisul32/trisul32_buildroot-master/buildroot/output/host/riscv32-buildroot-linux-gnu/sysroot/usr/lib/Scrt1.o
 .rela.data.rel.ro.local.out_spec
                0x0000000000004de0      0x120 /home/joelphilip/Documents/C2S/Trisul32/trisul32_buildroot-master/buildroot/output/host/riscv32-buildroot-linux-gnu/sysroot/usr/lib/Scrt1.o
 .rela.data.rel.local.g_parsefile
                0x0000000000004f00        0xc /home/joelphilip/Documents/C2S/Trisul32/trisul32_buildroot-master/buildroot/output/host/riscv32-buildroot-linux-gnu/sysroot/usr/lib/Scrt1.o
 .rela.data.rel.ro.local.builtintab
                0x0000000000004f0c      0x42c /home/joelphilip/Documents/C2S/Trisul32/trisul32_buildroot-master/buildroot/output/host/riscv32-buildroot-linux-gnu/sysroot/usr/lib/Scrt1.o
 .rela.data.rel.ro.local.null_bltin.2
                0x0000000000005338       0x18 /home/joelphilip/Documents/C2S/Trisul32/trisul32_buildroot-master/buildroot/output/host/riscv32-buildroot-linux-gnu/sysroot/usr/lib/Scrt1.o
 .rela.data.rel.ro.local.optletters_optnames
                0x0000000000005350       0xcc /home/joelphilip/Documents/C2S/Trisul32/trisul32_buildroot-master/buildroot/output/host/riscv32-buildroot-linux-gnu/sysroot/usr/lib/Scrt1.o
 .rela.data.rel.ro.local.tokname_array
                0x000000000000541c      0x168 /home/joelphilip/Documents/C2S/Trisul32/trisul32_buildroot-master/buildroot/output/host/riscv32-buildroot-linux-gnu/sysroot/usr/lib/Scrt1.o
 .rela.data.rel.ro.local.varinit_data
                0x0000000000005584       0xb4 /home/joelphilip/Documents/C2S/Trisul32/trisul32_buildroot-master/buildroot/output/host/riscv32-buildroot-linux-gnu/sysroot/usr/lib/Scrt1.o
 .rela.data.rel.local.facilitynames
                0x0000000000005638      0x108 /home/joelphilip/Documents/C2S/Trisul32/trisul32_buildroot-master/buildroot/output/host/riscv32-buildroot-linux-gnu/sysroot/usr/lib/Scrt1.o
 .rela.data.rel.local.prioritynames
                0x0000000000005740       0x90 /home/joelphilip/Documents/C2S/Trisul32/trisul32_buildroot-master/buildroot/output/host/riscv32-buildroot-linux-gnu/sysroot/usr/lib/Scrt1.o
 .rela.data.rel.ro.local.init_data
                0x00000000000057d0        0xc /home/joelphilip/Documents/C2S/Trisul32/trisul32_buildroot-master/buildroot/output/host/riscv32-buildroot-linux-gnu/sysroot/usr/lib/Scrt1.o
 .rela.data.rel.ro.local.i386_sys_types
                0x00000000000057dc      0x258 /home/joelphilip/Documents/C2S/Trisul32/trisul32_buildroot-master/buildroot/output/host/riscv32-buildroot-linux-gnu/sysroot/usr/lib/Scrt1.o
 .rela.data.rel.ro.local.add_strings
                0x0000000000005a34       0x3c /home/joelphilip/Documents/C2S/Trisul32/trisul32_buildroot-master/buildroot/output/host/riscv32-buildroot-linux-gnu/sysroot/usr/lib/Scrt1.o
 .rela.data.rel.ro.local.fs1
                0x0000000000005a70       0x24 /home/joelphilip/Documents/C2S/Trisul32/trisul32_buildroot-master/buildroot/output/host/riscv32-buildroot-linux-gnu/sysroot/usr/lib/Scrt1.o
 .rela.data.rel.ro.local.fs2
                0x0000000000005a94       0x30 /home/joelphilip/Documents/C2S/Trisul32/trisul32_buildroot-master/buildroot/output/host/riscv32-buildroot-linux-gnu/sysroot/usr/lib/Scrt1.o
 .rela.data.rel.ro.local.args.0
                0x0000000000005ac4       0x18 /home/joelphilip/Documents/C2S/Trisul32/trisul32_buildroot-master/buildroot/output/host/riscv32-buildroot-linux-gnu/sysroot/usr/lib/Scrt1.o
 .rela.data.rel.ro.local.doux_bytes_to_XXX.5
                0x0000000000005adc       0x30 /home/joelphilip/Documents/C2S/Trisul32/trisul32_buildroot-master/buildroot/output/host/riscv32-buildroot-linux-gnu/sysroot/usr/lib/Scrt1.o
 .rela.data.rel.ro.local.capabilities
                0x0000000000005b0c      0x1c8 /home/joelphilip/Documents/C2S/Trisul32/trisul32_buildroot-master/buildroot/output/host/riscv32-buildroot-linux-gnu/sysroot/usr/lib/Scrt1.o
 .rela.data.rel.ro.local.console_names.0
                0x0000000000005cd4       0x24 /home/joelphilip/Documents/C2S/Trisul32/trisul32_buildroot-master/buildroot/output/host/riscv32-buildroot-linux-gnu/sysroot/usr/lib/Scrt1.o
 .rela.data.rel.ro.local.bb_argv_dash
                0x0000000000005cf8        0xc /home/joelphilip/Documents/C2S/Trisul32/trisul32_buildroot-master/buildroot/output/host/riscv32-buildroot-linux-gnu/sysroot/usr/lib/Scrt1.o
 *(SORT_BY_ALIGNMENT(.rela.tdata) SORT_BY_ALIGNMENT(.rela.tdata.*) SORT_BY_ALIGNMENT(.rela.gnu.linkonce.td.*))
 *(SORT_BY_ALIGNMENT(.rela.tbss) SORT_BY_ALIGNMENT(.rela.tbss.*) SORT_BY_ALIGNMENT(.rela.gnu.linkonce.tb.*))
 *(SORT_BY_ALIGNMENT(.rela.ctors))
 *(SORT_BY_ALIGNMENT(.rela.dtors))
 *(SORT_BY_ALIGNMENT(.rela.got))
 .rela.got      0x0000000000005d04      0x18c /home/joelphilip/Documents/C2S/Trisul32/trisul32_buildroot-master/buildroot/output/host/riscv32-buildroot-linux-gnu/sysroot/usr/lib/Scrt1.o
 *(SORT_BY_ALIGNMENT(.rela.sdata) SORT_BY_ALIGNMENT(.rela.sdata.*) SORT_BY_ALIGNMENT(.rela.gnu.linkonce.s.*))
 *(SORT_BY_ALIGNMENT(.rela.sbss) SORT_BY_ALIGNMENT(.rela.sbss.*) SORT_BY_ALIGNMENT(.rela.gnu.linkonce.sb.*))
 *(SORT_BY_ALIGNMENT(.rela.sdata2) SORT_BY_ALIGNMENT(.rela.sdata2.*) SORT_BY_ALIGNMENT(.rela.gnu.linkonce.s2.*))
 *(SORT_BY_ALIGNMENT(.rela.sbss2) SORT_BY_ALIGNMENT(.rela.sbss2.*) SORT_BY_ALIGNMENT(.rela.gnu.linkonce.sb2.*))
 *(SORT_BY_ALIGNMENT(.rela.bss) SORT_BY_ALIGNMENT(.rela.bss.*) SORT_BY_ALIGNMENT(.rela.gnu.linkonce.b.*))
 .rela.bss      0x0000000000005e90        0x0 /home/joelphilip/Documents/C2S/Trisul32/trisul32_buildroot-master/buildroot/output/host/riscv32-buildroot-linux-gnu/sysroot/usr/lib/Scrt1.o
 *(SORT_BY_ALIGNMENT(.rela.ifunc))
 .rela.preinit_array
                0x0000000000005e90        0xc /home/joelphilip/Documents/C2S/Trisul32/trisul32_buildroot-master/buildroot/output/host/riscv32-buildroot-linux-gnu/sysroot/usr/lib/Scrt1.o
 .rela.fini_array
                0x0000000000005e9c        0xc /home/joelphilip/Documents/C2S/Trisul32/trisul32_buildroot-master/buildroot/output/host/riscv32-buildroot-linux-gnu/sysroot/usr/lib/Scrt1.o
 .rela.init_array
                0x0000000000005ea8        0xc /home/joelphilip/Documents/C2S/Trisul32/trisul32_buildroot-master/buildroot/output/host/riscv32-buildroot-linux-gnu/sysroot/usr/lib/Scrt1.o

.rela.plt       0x0000000000005eb4     0x10d4
 *(SORT_BY_ALIGNMENT(.rela.plt))
 .rela.plt      0x0000000000005eb4     0x10d4 /home/joelphilip/Documents/C2S/Trisul32/trisul32_buildroot-master/buildroot/output/host/riscv32-buildroot-linux-gnu/sysroot/usr/lib/Scrt1.o
 *(SORT_BY_ALIGNMENT(.rela.iplt))

.init
 *(SORT_NONE(.init))

.plt            0x0000000000006f90     0x1690
 *(SORT_BY_ALIGNMENT(.plt))
 .plt           0x0000000000006f90     0x1690 /home/joelphilip/Documents/C2S/Trisul32/trisul32_buildroot-master/buildroot/output/host/riscv32-buildroot-linux-gnu/sysroot/usr/lib/Scrt1.o
                0x0000000000006f90                _PROCEDURE_LINKAGE_TABLE_
 *(SORT_BY_ALIGNMENT(.iplt))

.text           0x0000000000008620    0xb19e8
 *(SORT_BY_ALIGNMENT(.text.unlikely) SORT_BY_ALIGNMENT(.text.*_unlikely) SORT_BY_ALIGNMENT(.text.unlikely.*))
 *(SORT_BY_ALIGNMENT(.text.exit) SORT_BY_ALIGNMENT(.text.exit.*))
 *(SORT_BY_ALIGNMENT(.text.startup) SORT_BY_ALIGNMENT(.text.startup.*))
 *(SORT_BY_ALIGNMENT(.text.hot) SORT_BY_ALIGNMENT(.text.hot.*))
 *(SORT_BY_NAME(SORT_BY_ALIGNMENT(.text.sorted.*)))
 *(SORT_BY_ALIGNMENT(.text) SORT_BY_ALIGNMENT(.stub) SORT_BY_ALIGNMENT(.text.*) SORT_BY_ALIGNMENT(.gnu.linkonce.t.*))
 .text          0x0000000000008620       0x3c /home/joelphilip/Documents/C2S/Trisul32/trisul32_buildroot-master/buildroot/output/host/riscv32-buildroot-linux-gnu/sysroot/usr/lib/Scrt1.o
                0x0000000000008620                _start
 .text          0x000000000000865c       0xb4 /home/joelphilip/Documents/C2S/Trisul32/trisul32_buildroot-master/buildroot/output/host/lib/gcc/riscv32-buildroot-linux-gnu/11.4.0/crtbeginS.o
 .text.string_array_len
                0x0000000000008710       0x20 libbb/lib.a(appletlib.o)
                0x0000000000008710                string_array_len
 .text.find_applet_by_name
                0x0000000000008730       0xd0 libbb/lib.a(appletlib.o)
                0x0000000000008730                find_applet_by_name
 .text.bb_show_usage
                0x0000000000008800       0xbc libbb/lib.a(appletlib.o)
                0x0000000000008800                bb_show_usage
 .text.find_script_by_name
                0x00000000000088bc       0x44 libbb/lib.a(appletlib.o)
 .text.scripted_main
                0x0000000000008900       0x40 libbb/lib.a(appletlib.o)
                0x0000000000008900                scripted_main
 .text.lbb_prepare
                0x0000000000008940       0x34 libbb/lib.a(appletlib.o)
                0x0000000000008940                lbb_prepare
 .text.get_script_content
                0x0000000000008974       0x50 libbb/lib.a(appletlib.o)
                0x0000000000008974                get_script_content
 .text.show_usage_if_dash_dash_help
                0x00000000000089c4       0x64 libbb/lib.a(appletlib.o)
                0x00000000000089c4                show_usage_if_dash_dash_help
 .text.run_applet_no_and_exit
                0x0000000000008a28       0xc0 libbb/lib.a(appletlib.o)
                0x0000000000008a28                run_applet_no_and_exit
 .text.run_applet_and_exit
                0x0000000000008ae8      0x3f0 libbb/lib.a(appletlib.o)
 .text.main     0x0000000000008ed8       0x84 libbb/lib.a(appletlib.o)
                0x0000000000008ed8                main
 .text.is_prefixed_with
                0x0000000000008f5c       0x28 libbb/lib.a(compare_string_array.o)
                0x0000000000008f5c                is_prefixed_with
 .text.is_suffixed_with
                0x0000000000008f84       0x68 libbb/lib.a(compare_string_array.o)
                0x0000000000008f84                is_suffixed_with
 .text.index_in_strings
                0x0000000000008fec       0x4c libbb/lib.a(compare_string_array.o)
                0x0000000000008fec                index_in_strings
 .text.index_in_substrings
                0x0000000000009038       0xc4 libbb/lib.a(compare_string_array.o)
                0x0000000000009038                index_in_substrings
 .text.nth_string
                0x00000000000090fc       0x24 libbb/lib.a(compare_string_array.o)
                0x00000000000090fc                nth_string
 .text.concat_path_file
                0x0000000000009120       0x78 libbb/lib.a(concat_path_file.o)
                0x0000000000009120                concat_path_file
 .text.bb_basename
                0x0000000000009198       0x34 libbb/lib.a(get_last_path_component.o)
                0x0000000000009198                bb_basename
 .text.bb_get_last_path_component_nostrip
                0x00000000000091cc       0x44 libbb/lib.a(get_last_path_component.o)
                0x00000000000091cc                bb_get_last_path_component_nostrip
 .text.bb_get_last_path_component_strip
                0x0000000000009210       0x4c libbb/lib.a(get_last_path_component.o)
                0x0000000000009210                bb_get_last_path_component_strip
 .text.last_char_is
                0x000000000000925c       0x30 libbb/lib.a(last_char_is.o)
                0x000000000000925c                last_char_is
 .text.bb_perror_msg
                0x000000000000928c       0xa4 libbb/lib.a(perror_msg.o)
                0x000000000000928c                bb_perror_msg
 .text.bb_perror_msg_and_die
                0x0000000000009330       0x78 libbb/lib.a(perror_msg.o)
                0x0000000000009330                bb_perror_msg_and_die
 .text.bb_simple_perror_msg
                0x00000000000093a8       0x10 libbb/lib.a(perror_msg.o)
                0x00000000000093a8                bb_simple_perror_msg
 .text.bb_simple_perror_msg_and_die
                0x00000000000093b8       0x18 libbb/lib.a(perror_msg.o)
                0x00000000000093b8                bb_simple_perror_msg_and_die
 .text.bb_verror_msg
                0x00000000000093d0      0x284 libbb/lib.a(verror_msg.o)
                0x00000000000093d0                bb_verror_msg
 .text.bb_error_msg_and_die
                0x0000000000009654       0x4c libbb/lib.a(verror_msg.o)
                0x0000000000009654                bb_error_msg_and_die
 .text.bb_error_msg
                0x00000000000096a0       0x74 libbb/lib.a(verror_msg.o)
                0x00000000000096a0                bb_error_msg
 .text.bb_vinfo_msg
                0x0000000000009714       0x3c libbb/lib.a(verror_msg.o)
                0x0000000000009714                bb_vinfo_msg
 .text.bb_info_msg
                0x0000000000009750       0x70 libbb/lib.a(verror_msg.o)
                0x0000000000009750                bb_info_msg
 .text.bb_simple_info_msg
                0x00000000000097c0       0x10 libbb/lib.a(verror_msg.o)
                0x00000000000097c0                bb_simple_info_msg
 .text.bb_simple_error_msg
                0x00000000000097d0       0x10 libbb/lib.a(verror_msg.o)
                0x00000000000097d0                bb_simple_error_msg
 .text.bb_simple_error_msg_and_die
                0x00000000000097e0       0x18 libbb/lib.a(verror_msg.o)
                0x00000000000097e0                bb_simple_error_msg_and_die
 .text.xfunc_die
                0x00000000000097f8       0x24 libbb/lib.a(xfunc_die.o)
                0x00000000000097f8                xfunc_die
 .text.ndelay_on
                0x000000000000981c       0x58 libbb/lib.a(xfuncs.o)
                0x000000000000981c                ndelay_on
 .text.ndelay_off
                0x0000000000009874       0x5c libbb/lib.a(xfuncs.o)
                0x0000000000009874                ndelay_off
 .text.close_on_exec_on
                0x00000000000098d0        0xc libbb/lib.a(xfuncs.o)
                0x00000000000098d0                close_on_exec_on
 .text.strncpy_IFNAMSIZ
                0x00000000000098dc        0x8 libbb/lib.a(xfuncs.o)
                0x00000000000098dc                strncpy_IFNAMSIZ
 .text.utoa_to_buf
                0x00000000000098e4       0x64 libbb/lib.a(xfuncs.o)
                0x00000000000098e4                utoa_to_buf
 .text.itoa_to_buf
                0x0000000000009948       0x28 libbb/lib.a(xfuncs.o)
                0x0000000000009948                itoa_to_buf
 .text.utoa     0x0000000000009970       0x38 libbb/lib.a(xfuncs.o)
                0x0000000000009970                utoa
 .text.itoa     0x00000000000099a8       0x38 libbb/lib.a(xfuncs.o)
                0x00000000000099a8                itoa
 .text.bin2hex  0x00000000000099e0       0x58 libbb/lib.a(xfuncs.o)
                0x00000000000099e0                bin2hex
 .text.hex2bin  0x0000000000009a38       0xe0 libbb/lib.a(xfuncs.o)
                0x0000000000009a38                hex2bin
 .text.bb_putchar_stderr
                0x0000000000009b18       0x28 libbb/lib.a(xfuncs.o)
                0x0000000000009b18                bb_putchar_stderr
 .text.full_write1_str
                0x0000000000009b40       0x28 libbb/lib.a(xfuncs.o)
                0x0000000000009b40                full_write1_str
 .text.full_write2_str
                0x0000000000009b68       0x28 libbb/lib.a(xfuncs.o)
                0x0000000000009b68                full_write2_str
 .text.get_terminal_width_height
                0x0000000000009b90      0x190 libbb/lib.a(xfuncs.o)
                0x0000000000009b90                get_terminal_width_height
 .text.get_terminal_width
                0x0000000000009d20       0x58 libbb/lib.a(xfuncs.o)
                0x0000000000009d20                get_terminal_width
 .text.is_TERM_dumb
                0x0000000000009d78       0x3c libbb/lib.a(xfuncs.o)
                0x0000000000009d78                is_TERM_dumb
 .text.tcsetattr_stdin_TCSANOW
                0x0000000000009db4       0x10 libbb/lib.a(xfuncs.o)
                0x0000000000009db4                tcsetattr_stdin_TCSANOW
 .text.get_termios_and_make_raw
                0x0000000000009dc4       0xe0 libbb/lib.a(xfuncs.o)
                0x0000000000009dc4                get_termios_and_make_raw
 .text.set_termios_to_raw
                0x0000000000009ea4       0x80 libbb/lib.a(xfuncs.o)
                0x0000000000009ea4                set_termios_to_raw
 .text.safe_waitpid
                0x0000000000009f24       0x80 libbb/lib.a(xfuncs.o)
                0x0000000000009f24                safe_waitpid
 .text.wait_any_nohang
                0x0000000000009fa4       0x10 libbb/lib.a(xfuncs.o)
                0x0000000000009fa4                wait_any_nohang
 .text.wait4pid
                0x0000000000009fb4       0x9c libbb/lib.a(xfuncs.o)
                0x0000000000009fb4                wait4pid
 .text.exit_SUCCESS
                0x000000000000a050       0x10 libbb/lib.a(xfuncs.o)
                0x000000000000a050                exit_SUCCESS
 .text._exit_SUCCESS
                0x000000000000a060       0x10 libbb/lib.a(xfuncs.o)
                0x000000000000a060                _exit_SUCCESS
 .text.bb_die_memory_exhausted
                0x000000000000a070       0x14 libbb/lib.a(xfuncs_printf.o)
                0x000000000000a070                bb_die_memory_exhausted
 .text.malloc_or_warn
                0x000000000000a084       0x48 libbb/lib.a(xfuncs_printf.o)
                0x000000000000a084                malloc_or_warn
 .text.xmalloc  0x000000000000a0cc       0x30 libbb/lib.a(xfuncs_printf.o)
                0x000000000000a0cc                xmalloc
 .text.xrealloc
                0x000000000000a0fc       0x30 libbb/lib.a(xfuncs_printf.o)
                0x000000000000a0fc                xrealloc
 .text.xzalloc  0x000000000000a12c       0x38 libbb/lib.a(xfuncs_printf.o)
                0x000000000000a12c                xzalloc
 .text.xstrdup  0x000000000000a164       0x28 libbb/lib.a(xfuncs_printf.o)
                0x000000000000a164                xstrdup
 .text.xstrndup
                0x000000000000a18c       0x20 libbb/lib.a(xfuncs_printf.o)
                0x000000000000a18c                xstrndup
 .text.xmemdup  0x000000000000a1ac       0x34 libbb/lib.a(xfuncs_printf.o)
                0x000000000000a1ac                xmemdup
 .text.mmap_anon
                0x000000000000a1e0       0x20 libbb/lib.a(xfuncs_printf.o)
                0x000000000000a1e0                mmap_anon
 .text.xmmap_anon
                0x000000000000a200       0x24 libbb/lib.a(xfuncs_printf.o)
                0x000000000000a200                xmmap_anon
 .text.xfopen   0x000000000000a224       0x38 libbb/lib.a(xfuncs_printf.o)
                0x000000000000a224                xfopen
 .text.xopen3   0x000000000000a25c       0x38 libbb/lib.a(xfuncs_printf.o)
                0x000000000000a25c                xopen3
 .text.xopen    0x000000000000a294        0x8 libbb/lib.a(xfuncs_printf.o)
                0x000000000000a294                xopen
 .text.open3_or_warn
                0x000000000000a29c       0x48 libbb/lib.a(xfuncs_printf.o)
                0x000000000000a29c                open3_or_warn
 .text.open_or_warn
                0x000000000000a2e4        0x8 libbb/lib.a(xfuncs_printf.o)
                0x000000000000a2e4                open_or_warn
 .text.xopen_nonblocking
                0x000000000000a2ec        0xc libbb/lib.a(xfuncs_printf.o)
                0x000000000000a2ec                xopen_nonblocking
 .text.xunlink  0x000000000000a2f8       0x30 libbb/lib.a(xfuncs_printf.o)
                0x000000000000a2f8                xunlink
 .text.xrename  0x000000000000a328       0x40 libbb/lib.a(xfuncs_printf.o)
                0x000000000000a328                xrename
 .text.xpipe    0x000000000000a368       0x28 libbb/lib.a(xfuncs_printf.o)
                0x000000000000a368                xpipe
 .text.xdup2    0x000000000000a390       0x34 libbb/lib.a(xfuncs_printf.o)
                0x000000000000a390                xdup2
 .text.xmove_fd
                0x000000000000a3c4       0x30 libbb/lib.a(xfuncs_printf.o)
                0x000000000000a3c4                xmove_fd
 .text.xwrite   0x000000000000a3f4       0x4c libbb/lib.a(xfuncs_printf.o)
                0x000000000000a3f4                xwrite
 .text.xwrite_str
                0x000000000000a440       0x38 libbb/lib.a(xfuncs_printf.o)
                0x000000000000a440                xwrite_str
 .text.xclose   0x000000000000a478       0x28 libbb/lib.a(xfuncs_printf.o)
                0x000000000000a478                xclose
 .text.xlseek   0x000000000000a4a0       0x58 libbb/lib.a(xfuncs_printf.o)
                0x000000000000a4a0                xlseek
 .text.xmkstemp
                0x000000000000a4f8       0x30 libbb/lib.a(xfuncs_printf.o)
                0x000000000000a4f8                xmkstemp
 .text.die_if_ferror
                0x000000000000a528       0x30 libbb/lib.a(xfuncs_printf.o)
                0x000000000000a528                die_if_ferror
 .text.die_if_ferror_stdout
                0x000000000000a558       0x18 libbb/lib.a(xfuncs_printf.o)
                0x000000000000a558                die_if_ferror_stdout
 .text.fflush_all
                0x000000000000a570        0x8 libbb/lib.a(xfuncs_printf.o)
                0x000000000000a570                fflush_all
 .text.bb_putchar
                0x000000000000a578        0x4 libbb/lib.a(xfuncs_printf.o)
                0x000000000000a578                bb_putchar
 .text.fputs_stdout
                0x000000000000a57c       0x10 libbb/lib.a(xfuncs_printf.o)
                0x000000000000a57c                fputs_stdout
 .text.xasprintf
                0x000000000000a58c       0x84 libbb/lib.a(xfuncs_printf.o)
                0x000000000000a58c                xasprintf
 .text.xsetenv  0x000000000000a610       0x24 libbb/lib.a(xfuncs_printf.o)
                0x000000000000a610                xsetenv
 .text.bb_unsetenv
                0x000000000000a634       0xb8 libbb/lib.a(xfuncs_printf.o)
                0x000000000000a634                bb_unsetenv
 .text.bb_unsetenv_and_free
                0x000000000000a6ec       0x28 libbb/lib.a(xfuncs_printf.o)
                0x000000000000a6ec                bb_unsetenv_and_free
 .text.xsetgid  0x000000000000a714       0x28 libbb/lib.a(xfuncs_printf.o)
                0x000000000000a714                xsetgid
 .text.xsetuid  0x000000000000a73c       0x28 libbb/lib.a(xfuncs_printf.o)
                0x000000000000a73c                xsetuid
 .text.xsetegid
                0x000000000000a764       0x28 libbb/lib.a(xfuncs_printf.o)
                0x000000000000a764                xsetegid
 .text.xseteuid
                0x000000000000a78c       0x28 libbb/lib.a(xfuncs_printf.o)
                0x000000000000a78c                xseteuid
 .text.xopen_as_uid_gid
                0x000000000000a7b4       0x90 libbb/lib.a(xfuncs_printf.o)
                0x000000000000a7b4                xopen_as_uid_gid
 .text.chdir_or_warn
                0x000000000000a844       0x40 libbb/lib.a(xfuncs_printf.o)
                0x000000000000a844                chdir_or_warn
 .text.xchdir   0x000000000000a884       0x20 libbb/lib.a(xfuncs_printf.o)
                0x000000000000a884                xchdir
 .text.xfchdir  0x000000000000a8a4       0x28 libbb/lib.a(xfuncs_printf.o)
                0x000000000000a8a4                xfchdir
 .text.xchroot  0x000000000000a8cc       0x38 libbb/lib.a(xfuncs_printf.o)
                0x000000000000a8cc                xchroot
 .text.warn_opendir
                0x000000000000a904       0x40 libbb/lib.a(xfuncs_printf.o)
                0x000000000000a904                warn_opendir
 .text.xopendir
                0x000000000000a944       0x30 libbb/lib.a(xfuncs_printf.o)
                0x000000000000a944                xopendir
 .text.xsocket  0x000000000000a974       0x28 libbb/lib.a(xfuncs_printf.o)
                0x000000000000a974                xsocket
 .text.xbind    0x000000000000a99c       0x28 libbb/lib.a(xfuncs_printf.o)
                0x000000000000a99c                xbind
 .text.xsendto  0x000000000000a9c4       0x34 libbb/lib.a(xfuncs_printf.o)
                0x000000000000a9c4                xsendto
 .text.xstat    0x000000000000a9f8       0x38 libbb/lib.a(xfuncs_printf.o)
                0x000000000000a9f8                xstat
 .text.xfstat   0x000000000000aa30       0x30 libbb/lib.a(xfuncs_printf.o)
                0x000000000000aa30                xfstat
 .text.ioctl_or_perror_and_die
                0x000000000000aa60       0x9c libbb/lib.a(xfuncs_printf.o)
                0x000000000000aa60                ioctl_or_perror_and_die
 .text.ioctl_or_perror
                0x000000000000aafc       0xa8 libbb/lib.a(xfuncs_printf.o)
                0x000000000000aafc                ioctl_or_perror
 .text.bb_ioctl_or_warn
                0x000000000000aba4       0x40 libbb/lib.a(xfuncs_printf.o)
                0x000000000000aba4                bb_ioctl_or_warn
 .text.bb_xioctl
                0x000000000000abe4       0x30 libbb/lib.a(xfuncs_printf.o)
                0x000000000000abe4                bb_xioctl
 .text.xmalloc_ttyname
                0x000000000000ac14       0x74 libbb/lib.a(xfuncs_printf.o)
                0x000000000000ac14                xmalloc_ttyname
 .text.generate_uuid
                0x000000000000ac88       0xb4 libbb/lib.a(xfuncs_printf.o)
                0x000000000000ac88                generate_uuid
 .text.xfork    0x000000000000ad3c       0x28 libbb/lib.a(xfuncs_printf.o)
                0x000000000000ad3c                xfork
 .text.wait_for_exitstatus
                0x000000000000ad64       0x68 libbb/lib.a(xfuncs_printf.o)
                0x000000000000ad64                wait_for_exitstatus
 .text.xsettimeofday
                0x000000000000adcc       0x2c libbb/lib.a(xfuncs_printf.o)
                0x000000000000adcc                xsettimeofday
 .text.xgettimeofday
                0x000000000000adf8        0x8 libbb/lib.a(xfuncs_printf.o)
                0x000000000000adf8                xgettimeofday
 .text.xmalloc_readlink
                0x000000000000ae00       0x8c libbb/lib.a(xreadlink.o)
                0x000000000000ae00                xmalloc_readlink
 .text.xmalloc_follow_symlinks
                0x000000000000ae8c       0xec libbb/lib.a(xreadlink.o)
                0x000000000000ae8c                xmalloc_follow_symlinks
 .text.xmalloc_readlink_or_warn
                0x000000000000af78       0x6c libbb/lib.a(xreadlink.o)
                0x000000000000af78                xmalloc_readlink_or_warn
 .text.xmalloc_realpath
                0x000000000000afe4        0x8 libbb/lib.a(xreadlink.o)
                0x000000000000afe4                xmalloc_realpath
 .text.xmalloc_realpath_coreutils
                0x000000000000afec      0x1b0 libbb/lib.a(xreadlink.o)
                0x000000000000afec                xmalloc_realpath_coreutils
 .text.bb_full_fd_action
                0x000000000000b19c      0x260 libbb/lib.a(copyfd.o)
 .text.bb_copyfd_size
                0x000000000000b3fc       0x18 libbb/lib.a(copyfd.o)
                0x000000000000b3fc                bb_copyfd_size
 .text.bb_copyfd_exact_size
                0x000000000000b414       0x70 libbb/lib.a(copyfd.o)
                0x000000000000b414                bb_copyfd_exact_size
 .text.bb_copyfd_eof
                0x000000000000b484        0xc libbb/lib.a(copyfd.o)
                0x000000000000b484                bb_copyfd_eof
 .text.full_write
                0x000000000000b490       0x78 libbb/lib.a(full_write.o)
                0x000000000000b490                full_write
 .text.safe_read
                0x000000000000b508       0x7c libbb/lib.a(read.o)
                0x000000000000b508                safe_read
 .text.full_read
                0x000000000000b584       0x7c libbb/lib.a(read.o)
                0x000000000000b584                full_read
 .text.read_close
                0x000000000000b600       0x3c libbb/lib.a(read.o)
                0x000000000000b600                read_close
 .text.open_read_close
                0x000000000000b63c       0x48 libbb/lib.a(read.o)
                0x000000000000b63c                open_read_close
 .text.safe_write
                0x000000000000b684       0x7c libbb/lib.a(safe_write.o)
                0x000000000000b684                safe_write
 .text.record_signo
                0x000000000000b700        0xc libbb/lib.a(signals.o)
                0x000000000000b700                record_signo
 .text.sigaction_set
                0x000000000000b70c        0x8 libbb/lib.a(signals.o)
                0x000000000000b70c                sigaction_set
 .text.sigprocmask_allsigs
                0x000000000000b714       0x74 libbb/lib.a(signals.o)
                0x000000000000b714                sigprocmask_allsigs
 .text.sigprocmask2
                0x000000000000b788        0x8 libbb/lib.a(signals.o)
                0x000000000000b788                sigprocmask2
 .text.bb_signals
                0x000000000000b790       0x6c libbb/lib.a(signals.o)
                0x000000000000b790                bb_signals
 .text.bb_signals_norestart
                0x000000000000b7fc       0xb8 libbb/lib.a(signals.o)
                0x000000000000b7fc                bb_signals_norestart
 .text.sig_unblock
                0x000000000000b8b4       0x7c libbb/lib.a(signals.o)
                0x000000000000b8b4                sig_unblock
 .text.kill_myself_with_sig
                0x000000000000b930       0x30 libbb/lib.a(signals.o)
                0x000000000000b930                kill_myself_with_sig
 .text.signal_SA_RESTART_empty_mask
                0x000000000000b960       0x88 libbb/lib.a(signals.o)
                0x000000000000b960                signal_SA_RESTART_empty_mask
 .text.signal_no_SA_RESTART_empty_mask
                0x000000000000b9e8       0x80 libbb/lib.a(signals.o)
                0x000000000000b9e8                signal_no_SA_RESTART_empty_mask
 .text.get_mono
                0x000000000000ba68       0x30 libbb/lib.a(time.o)
 .text.parse_datestr
                0x000000000000ba98      0x3ec libbb/lib.a(time.o)
                0x000000000000ba98                parse_datestr
 .text.validate_tm_time
                0x000000000000be84       0x44 libbb/lib.a(time.o)
                0x000000000000be84                validate_tm_time
 .text.strftime_HHMMSS
                0x000000000000bec8       0xa0 libbb/lib.a(time.o)
                0x000000000000bec8                strftime_HHMMSS
 .text.strftime_YYYYMMDDHHMMSS
                0x000000000000bf68       0xa0 libbb/lib.a(time.o)
                0x000000000000bf68                strftime_YYYYMMDDHHMMSS
 .text.monotonic_us
                0x000000000000c008       0x90 libbb/lib.a(time.o)
                0x000000000000c008                monotonic_us
 .text.monotonic_ms
                0x000000000000c098       0x90 libbb/lib.a(time.o)
                0x000000000000c098                monotonic_ms
 .text.monotonic_sec
                0x000000000000c128       0x54 libbb/lib.a(time.o)
                0x000000000000c128                monotonic_sec
 .text.xrealloc_getcwd_or_warn
                0x000000000000c17c       0xb8 libbb/lib.a(xgetcwd.o)
                0x000000000000c17c                xrealloc_getcwd_or_warn
 .text.handle_errors.isra.0
                0x000000000000c234       0x5c libbb/lib.a(bb_strtonum.o)
 .text.bb_strtoull
                0x000000000000c290       0xb8 libbb/lib.a(bb_strtonum.o)
                0x000000000000c290                bb_strtoull
 .text.bb_strtoll
                0x000000000000c348       0xc4 libbb/lib.a(bb_strtonum.o)
                0x000000000000c348                bb_strtoll
 .text.bb_strtoul
                0x000000000000c40c       0xb8 libbb/lib.a(bb_strtonum.o)
                0x000000000000c40c                bb_strtoul
 .text.bb_strtol
                0x000000000000c4c4       0xc4 libbb/lib.a(bb_strtonum.o)
                0x000000000000c4c4                bb_strtol
 .text.addgroup_main
                0x000000000000c588      0x1c0 loginutils/lib.a(addgroup.o)
                0x000000000000c588                addgroup_main
 .text.addgroup_wrapper
                0x000000000000c748       0xbc loginutils/lib.a(adduser.o)
 .text.adduser_main
                0x000000000000c804      0x42c loginutils/lib.a(adduser.o)
                0x000000000000c804                adduser_main
 .text.cryptpw_main
                0x000000000000cc30      0x14c loginutils/lib.a(cryptpw.o)
                0x000000000000cc30                cryptpw_main
 .text.deluser_main
                0x000000000000cd7c      0x1f0 loginutils/lib.a(deluser.o)
                0x000000000000cd7c                deluser_main
 .text.sleep10  0x000000000000cf6c        0x8 loginutils/lib.a(getty.o)
 .text.bcode    0x000000000000cf74       0x30 loginutils/lib.a(getty.o)
 .text.set_tty_attrs
                0x000000000000cfa4       0x34 loginutils/lib.a(getty.o)
 .text.finalize_tty_attrs
                0x000000000000cfd8       0x8c loginutils/lib.a(getty.o)
 .text.alarm_handler
                0x000000000000d064       0x10 loginutils/lib.a(getty.o)
 .text.getty_main
                0x000000000000d074      0x794 loginutils/lib.a(getty.o)
                0x000000000000d074                getty_main
 .text.alarm_handler
                0x000000000000d808       0x68 loginutils/lib.a(login.o)
 .text.login_main
                0x000000000000d870      0x4e8 loginutils/lib.a(login.o)
                0x000000000000d870                login_main
 .text.passwd_main
                0x000000000000dd58      0x488 loginutils/lib.a(passwd.o)
                0x000000000000dd58                passwd_main
 .text.su_main  0x000000000000e1e0      0x258 loginutils/lib.a(su.o)
                0x000000000000e1e0                su_main
 .text.sulogin_main
                0x000000000000e438      0x1e8 loginutils/lib.a(sulogin.o)
                0x000000000000e438                sulogin_main
 .text.acquire_vt
                0x000000000000e620       0x14 loginutils/lib.a(vlock.o)
 .text.release_vt
                0x000000000000e634       0x1c loginutils/lib.a(vlock.o)
 .text.vlock_main
                0x000000000000e650      0x1d8 loginutils/lib.a(vlock.o)
                0x000000000000e650                vlock_main
 .text.ascii_main
                0x000000000000e828      0x154 miscutils/lib.a(ascii.o)
                0x000000000000e828                ascii_main
 .text.bc_vec_pop
                0x000000000000e97c       0x2c miscutils/lib.a(bc.o)
 .text.bc_vec_npop
                0x000000000000e9a8       0x68 miscutils/lib.a(bc.o)
 .text.bc_vec_pop_all
                0x000000000000ea10        0x8 miscutils/lib.a(bc.o)
 .text.bc_vec_item_rev
                0x000000000000ea18       0x20 miscutils/lib.a(bc.o)
 .text.bc_vec_top
                0x000000000000ea38       0x1c miscutils/lib.a(bc.o)
 .text.xc_program_func
                0x000000000000ea54       0x1c miscutils/lib.a(bc.o)
 .text.bc_program_current_func
                0x000000000000ea70       0x28 miscutils/lib.a(bc.o)
 .text.xc_program_str
                0x000000000000ea98       0x60 miscutils/lib.a(bc.o)
 .text.bc_num_one
                0x000000000000eaf8       0x1c miscutils/lib.a(bc.o)
 .text.bc_num_subArrays
                0x000000000000eb14       0x54 miscutils/lib.a(bc.o)
 .text.BC_NUM_MREQ
                0x000000000000eb68       0x34 miscutils/lib.a(bc.o)
 .text.bc_num_cmp
                0x000000000000eb9c      0x118 miscutils/lib.a(bc.o)
 .text.bc_num_clean
                0x000000000000ecb4       0x40 miscutils/lib.a(bc.o)
 .text.xc_lex_lineComment
                0x000000000000ecf4       0x34 miscutils/lib.a(bc.o)
 .text.xc_lex_whitespace
                0x000000000000ed28       0x48 miscutils/lib.a(bc.o)
 .text.parse_lex_by_checking_eq_sign
                0x000000000000ed70       0x30 miscutils/lib.a(bc.o)
 .text.xc_program_reset
                0x000000000000eda0       0x5c miscutils/lib.a(bc.o)
 .text.bc_parse_inst_isLeaf
                0x000000000000edfc       0x20 miscutils/lib.a(bc.o)
 .text.rewrite_label_to_current
                0x000000000000ee1c       0x28 miscutils/lib.a(bc.o)
 .text.xc_program_index
                0x000000000000ee44       0x60 miscutils/lib.a(bc.o)
 .text.bc_vec_init
                0x000000000000eea4       0x40 miscutils/lib.a(bc.o)
 .text.bc_char_vec_init
                0x000000000000eee4        0xc miscutils/lib.a(bc.o)
 .text.bc_func_init
                0x000000000000eef0       0x74 miscutils/lib.a(bc.o)
 .text.bc_num_init
                0x000000000000ef64       0x54 miscutils/lib.a(bc.o)
 .text.bc_num_init_DEF_SIZE
                0x000000000000efb8        0x8 miscutils/lib.a(bc.o)
 .text.bc_num_free
                0x000000000000efc0        0x8 miscutils/lib.a(bc.o)
 .text.bc_result_free
                0x000000000000efc8       0x30 miscutils/lib.a(bc.o)
 .text.bc_string_free
                0x000000000000eff8        0x8 miscutils/lib.a(bc.o)
 .text.bc_vec_free
                0x000000000000f000       0x28 miscutils/lib.a(bc.o)
 .text.bc_func_free
                0x000000000000f028       0x40 miscutils/lib.a(bc.o)
 .text.xc_parse_free
                0x000000000000f068       0x40 miscutils/lib.a(bc.o)
 .text.bc_id_free
                0x000000000000f0a8        0x8 miscutils/lib.a(bc.o)
 .text.xc_parse_create
                0x000000000000f0b0       0x88 miscutils/lib.a(bc.o)
 .text.bc_map_find_ge
                0x000000000000f138       0x94 miscutils/lib.a(bc.o)
 .text.bc_vec_grow
                0x000000000000f1cc       0x5c miscutils/lib.a(bc.o)
 .text.bc_vec_expand
                0x000000000000f228       0x50 miscutils/lib.a(bc.o)
 .text.bc_num_expand
                0x000000000000f278       0x54 miscutils/lib.a(bc.o)
 .text.bc_num_ulong2num
                0x000000000000f2cc       0x78 miscutils/lib.a(bc.o)
 .text.bc_num_truncate
                0x000000000000f344       0x30 miscutils/lib.a(bc.o)
 .text.bc_vec_npush
                0x000000000000f374       0x80 miscutils/lib.a(bc.o)
 .text.bc_vec_push
                0x000000000000f3f4        0xc miscutils/lib.a(bc.o)
 .text.xc_program_add_fn
                0x000000000000f400       0x6c miscutils/lib.a(bc.o)
 .text.bc_array_expand
                0x000000000000f46c       0xc0 miscutils/lib.a(bc.o)
 .text.bc_array_init
                0x000000000000f52c       0x44 miscutils/lib.a(bc.o)
 .text.bc_num_extend
                0x000000000000f570       0x80 miscutils/lib.a(bc.o)
 .text.zbc_num_shift
                0x000000000000f5f0       0x60 miscutils/lib.a(bc.o)
 .text.bc_num_retireMul
                0x000000000000f650       0x6c miscutils/lib.a(bc.o)
 .text.bc_args  0x000000000000f6bc       0xe0 miscutils/lib.a(bc.o)
 .text.bc_verror_msg
                0x000000000000f79c       0xa4 miscutils/lib.a(bc.o)
 .text.zbc_posix_error_fmt
                0x000000000000f840       0xb4 miscutils/lib.a(bc.o)
 .text.bc_error_fmt
                0x000000000000f8f4       0x8c miscutils/lib.a(bc.o)
 .text.bc_error
                0x000000000000f980       0x10 miscutils/lib.a(bc.o)
 .text.zbc_func_insert
                0x000000000000f990      0x114 miscutils/lib.a(bc.o)
 .text.bc_error_variable_is_wrong_type
                0x000000000000faa4        0xc miscutils/lib.a(bc.o)
 .text.zbc_num_ulong_abs
                0x000000000000fab0       0x54 miscutils/lib.a(bc.o)
 .text.zbc_num_ulong
                0x000000000000fb04       0x18 miscutils/lib.a(bc.o)
 .text.bc_error_stack_has_too_few_elements
                0x000000000000fb1c        0xc miscutils/lib.a(bc.o)
 .text.bad_input_byte
                0x000000000000fb28       0x60 miscutils/lib.a(bc.o)
 .text.bc_error_bad_character
                0x000000000000fb88       0x20 miscutils/lib.a(bc.o)
 .text.xc_program_name
                0x000000000000fba8       0x50 miscutils/lib.a(bc.o)
 .text.xc_parse_pushName
                0x000000000000fbf8       0x74 miscutils/lib.a(bc.o)
 .text.bc_num_copy
                0x000000000000fc6c       0x5c miscutils/lib.a(bc.o)
 .text.zbc_num_a
                0x000000000000fcc8      0x1c4 miscutils/lib.a(bc.o)
 .text.bc_num_init_and_copy
                0x000000000000fe8c       0x3c miscutils/lib.a(bc.o)
 .text.zbc_num_s
                0x000000000000fec8      0x148 miscutils/lib.a(bc.o)
 .text.bc_num_split
                0x0000000000010010       0xa8 miscutils/lib.a(bc.o)
 .text.fflush_and_check
                0x00000000000100b8       0x4c miscutils/lib.a(bc.o)
 .text.quit     0x0000000000010104       0x34 miscutils/lib.a(bc.o)
 .text.bc_error_at
                0x0000000000010138       0x70 miscutils/lib.a(bc.o)
 .text.bc_error_bad_expression
                0x00000000000101a8        0xc miscutils/lib.a(bc.o)
 .text.bc_error_bad_token
                0x00000000000101b4        0xc miscutils/lib.a(bc.o)
 .text.bc_num_printNewline
                0x00000000000101c0       0x48 miscutils/lib.a(bc.o)
 .text.bc_num_printHex
                0x0000000000010208       0x7c miscutils/lib.a(bc.o)
 .text.bc_num_printDigits
                0x0000000000010284       0xd8 miscutils/lib.a(bc.o)
 .text.dc_num_printChar
                0x000000000001035c       0x3c miscutils/lib.a(bc.o)
 .text.zbc_num_binary
                0x0000000000010398      0x118 miscutils/lib.a(bc.o)
 .text.zbc_num_mul
                0x00000000000104b0       0x60 miscutils/lib.a(bc.o)
 .text.zbc_num_sub
                0x0000000000010510       0x54 miscutils/lib.a(bc.o)
 .text.zbc_num_div
                0x0000000000010564       0x60 miscutils/lib.a(bc.o)
 .text.zbc_num_mod
                0x00000000000105c4       0x60 miscutils/lib.a(bc.o)
 .text.zbc_num_pow
                0x0000000000010624       0x1c miscutils/lib.a(bc.o)
 .text.xc_program_dereference.isra.0
                0x0000000000010640       0xa4 miscutils/lib.a(bc.o)
 .text.bc_vec_pushZeroByte.isra.0
                0x00000000000106e4        0xc miscutils/lib.a(bc.o)
 .text.bc_vec_string
                0x00000000000106f0       0x60 miscutils/lib.a(bc.o)
 .text.xc_lex_name
                0x0000000000010750       0x94 miscutils/lib.a(bc.o)
 .text.bc_result_pop_and_push.isra.0
                0x00000000000107e4       0x60 miscutils/lib.a(bc.o)
 .text.xc_program_binOpRetire
                0x0000000000010844       0x38 miscutils/lib.a(bc.o)
 .text.bc_vec_pushIndex
                0x000000000001087c       0xcc miscutils/lib.a(bc.o)
 .text.xc_parse_push
                0x0000000000010948       0x60 miscutils/lib.a(bc.o)
 .text.xc_parse_pushInst_and_Index
                0x00000000000109a8       0x2c miscutils/lib.a(bc.o)
 .text.xc_parse_pushNUM
                0x00000000000109d4       0x98 miscutils/lib.a(bc.o)
 .text.bc_parse_operator
                0x0000000000010a6c      0x10c miscutils/lib.a(bc.o)
 .text.xc_read_line
                0x0000000000010b78      0x254 miscutils/lib.a(bc.o)
 .text.peek_inbuf
                0x0000000000010dcc       0x64 miscutils/lib.a(bc.o)
 .text.eat_inbuf
                0x0000000000010e30       0x30 miscutils/lib.a(bc.o)
 .text.zxc_lex_number
                0x0000000000010e60      0x1ac miscutils/lib.a(bc.o)
 .text.zbc_num_p
                0x000000000001100c      0x308 miscutils/lib.a(bc.o)
 .text.zbc_num_add
                0x0000000000011314       0x54 miscutils/lib.a(bc.o)
 .text.zbc_num_k
                0x0000000000011368      0x47c miscutils/lib.a(bc.o)
 .text.zbc_num_m
                0x00000000000117e4      0x1a8 miscutils/lib.a(bc.o)
 .text.zbc_num_sqrt
                0x000000000001198c      0x390 miscutils/lib.a(bc.o)
 .text.zbc_num_d
                0x0000000000011d1c      0x360 miscutils/lib.a(bc.o)
 .text.zbc_num_r
                0x000000000001207c      0x1bc miscutils/lib.a(bc.o)
 .text.zbc_num_rem
                0x0000000000012238       0xe0 miscutils/lib.a(bc.o)
 .text.zbc_num_divmod
                0x0000000000012318      0x134 miscutils/lib.a(bc.o)
 .text.zxc_num_printNum
                0x000000000001244c      0x2d4 miscutils/lib.a(bc.o)
 .text.bc_map_insert
                0x0000000000012720       0xdc miscutils/lib.a(bc.o)
 .text.bc_program_addFunc
                0x00000000000127fc       0xdc miscutils/lib.a(bc.o)
 .text.xc_vm_init
                0x00000000000128d8      0x30c miscutils/lib.a(bc.o)
 .text.xc_program_search
                0x0000000000012be4      0x104 miscutils/lib.a(bc.o)
 .text.zxc_program_num
                0x0000000000012ce8      0x56c miscutils/lib.a(bc.o)
 .text.zxc_program_binOpPrep
                0x0000000000013254      0x198 miscutils/lib.a(bc.o)
 .text.zxc_program_prep
                0x00000000000133ec       0xa4 miscutils/lib.a(bc.o)
 .text.xc_program_print
                0x0000000000013490      0x3f0 miscutils/lib.a(bc.o)
 .text.zxc_program_assign
                0x0000000000013880      0x30c miscutils/lib.a(bc.o)
 .text.bc_map_find_exact
                0x0000000000013b8c       0x70 miscutils/lib.a(bc.o)
 .text.zxc_program_popResultAndCopyToVar
                0x0000000000013bfc      0x350 miscutils/lib.a(bc.o)
 .text.zxc_lex_next
                0x0000000000013f4c      0x7f4 miscutils/lib.a(bc.o)
 .text.zxc_parse_text_init
                0x0000000000014740       0x4c miscutils/lib.a(bc.o)
 .text.zbc_parse_pushSTR
                0x000000000001478c       0x88 miscutils/lib.a(bc.o)
 .text.zdc_parse_register
                0x0000000000014814       0x64 miscutils/lib.a(bc.o)
 .text.zdc_parse_mem
                0x0000000000014878       0x64 miscutils/lib.a(bc.o)
 .text.zdc_parse_expr
                0x00000000000148dc      0x26c miscutils/lib.a(bc.o)
 .text.zdc_parse_exprs_until_eof
                0x0000000000014b48       0x3c miscutils/lib.a(bc.o)
 .text.zbc_parse_expr
                0x0000000000014b84      0x804 miscutils/lib.a(bc.o)
 .text.zbc_parse_name
                0x0000000000015388      0x274 miscutils/lib.a(bc.o)
 .text.zbc_parse_stmt_possibly_auto
                0x00000000000155fc      0x888 miscutils/lib.a(bc.o)
 .text.zbc_parse_stmt_allow_NLINE_before
                0x0000000000015e84       0x9c miscutils/lib.a(bc.o)
 .text.zxc_vm_process
                0x0000000000015f20     0x17d0 miscutils/lib.a(bc.o)
 .text.zxc_vm_execute_FILE
                0x00000000000176f0       0x70 miscutils/lib.a(bc.o)
 .text.zxc_vm_exec
                0x0000000000017760      0x110 miscutils/lib.a(bc.o)
 .text.bc_main  0x0000000000017870       0x78 miscutils/lib.a(bc.o)
                0x0000000000017870                bc_main
 .text.dc_main  0x00000000000178e8      0x1bc miscutils/lib.a(bc.o)
                0x00000000000178e8                dc_main
 .text.log8     0x0000000000017aa4       0xa8 miscutils/lib.a(crond.o)
 .text.reopen_logfile_to_stderr
                0x0000000000017b4c       0x68 miscutils/lib.a(crond.o)
 .text.delete_cronfile
                0x0000000000017bb4       0xe0 miscutils/lib.a(crond.o)
 .text.ParseField
                0x0000000000017c94      0x344 miscutils/lib.a(crond.o)
 .text.safe_setenv
                0x0000000000017fd8       0x4c miscutils/lib.a(crond.o)
 .text.log7.constprop.0
                0x0000000000018024       0xb0 miscutils/lib.a(crond.o)
 .text.log5     0x00000000000180d4       0xa8 miscutils/lib.a(crond.o)
 .text.load_crontab
                0x000000000001817c      0x528 miscutils/lib.a(crond.o)
 .text.rescan_crontab_dir
                0x00000000000186a4      0x120 miscutils/lib.a(crond.o)
 .text.start_one_job
                0x00000000000187c4      0x1a8 miscutils/lib.a(crond.o)
 .text.start_jobs
                0x000000000001896c       0xec miscutils/lib.a(crond.o)
 .text.crond_main
                0x0000000000018a58      0x5c0 miscutils/lib.a(crond.o)
                0x0000000000018a58                crond_main
 .text.edit_file
                0x0000000000019018       0xa4 miscutils/lib.a(crontab.o)
 .text.crontab_main
                0x00000000000190bc      0x314 miscutils/lib.a(crontab.o)
                0x00000000000190bc                crontab_main
 .text.devmem_main
                0x00000000000193d0      0x240 miscutils/lib.a(devmem.o)
                0x00000000000193d0                devmem_main
 .text.parse_opts
                0x0000000000019610       0x44 miscutils/lib.a(hdparm.o)
 .text.parse_opts_0_1
                0x0000000000019654        0xc miscutils/lib.a(hdparm.o)
 .text.parse_opts_0_INTMAX
                0x0000000000019660       0x10 miscutils/lib.a(hdparm.o)
 .text.translate_xfermode
                0x0000000000019670       0xb0 miscutils/lib.a(hdparm.o)
 .text.read_big_block
                0x0000000000019720       0x48 miscutils/lib.a(hdparm.o)
 .text.xprint_ascii
                0x0000000000019768       0xbc miscutils/lib.a(hdparm.o)
 .text.mode_loop
                0x0000000000019824       0xec miscutils/lib.a(hdparm.o)
 .text.print_value_on_off
                0x0000000000019910       0x48 miscutils/lib.a(hdparm.o)
 .text.identify
                0x0000000000019958     0x134c miscutils/lib.a(hdparm.o)
 .text.identify_from_stdin
                0x000000000001aca4       0xa0 miscutils/lib.a(hdparm.o)
 .text.dump_identity
                0x000000000001ad44      0x4f8 miscutils/lib.a(hdparm.o)
 .text.seek_to_zero
                0x000000000001b23c       0x14 miscutils/lib.a(hdparm.o)
 .text.flush_buffer_cache
                0x000000000001b250       0x78 miscutils/lib.a(hdparm.o)
 .text.do_time  0x000000000001b2c8      0x218 miscutils/lib.a(hdparm.o)
 .text.ioctl_alt_func.constprop.0
                0x000000000001b4e0       0x60 miscutils/lib.a(hdparm.o)
 .text.print_flag_on_off.constprop.0
                0x000000000001b540       0x48 miscutils/lib.a(hdparm.o)
 .text.process_dev
                0x000000000001b588     0x1584 miscutils/lib.a(hdparm.o)
 .text.hdparm_main
                0x000000000001cb0c      0x8d0 miscutils/lib.a(hdparm.o)
                0x000000000001cb0c                hdparm_main
 .text.format_line
                0x000000000001d3dc      0x194 miscutils/lib.a(hexedit.o)
 .text.redraw_cur_line
                0x000000000001d570       0xc4 miscutils/lib.a(hexedit.o)
 .text.redraw   0x000000000001d634      0x18c miscutils/lib.a(hexedit.o)
 .text.restore_term
                0x000000000001d7c0       0x30 miscutils/lib.a(hexedit.o)
 .text.sig_catcher
                0x000000000001d7f0       0x34 miscutils/lib.a(hexedit.o)
 .text.remap    0x000000000001d824       0xc8 miscutils/lib.a(hexedit.o)
 .text.move_mapping_further
                0x000000000001d8ec       0x8c miscutils/lib.a(hexedit.o)
 .text.move_mapping_lower
                0x000000000001d978       0x6c miscutils/lib.a(hexedit.o)
 .text.hexedit_main
                0x000000000001d9e4      0x5e8 miscutils/lib.a(hexedit.o)
                0x000000000001d9e4                hexedit_main
 .text.i2c_bus_lookup
                0x000000000001dfcc       0x14 miscutils/lib.a(i2c_tools.o)
 .text.i2c_dev_open
                0x000000000001dfe0       0xb8 miscutils/lib.a(i2c_tools.o)
 .text.get_funcs_matrix
                0x000000000001e098       0x14 miscutils/lib.a(i2c_tools.o)
 .text.i2c_set_slave_addr
                0x000000000001e0ac       0x20 miscutils/lib.a(i2c_tools.o)
 .text.check_funcs_test_end
                0x000000000001e0cc       0x4c miscutils/lib.a(i2c_tools.o)
 .text.check_read_funcs
                0x000000000001e118      0x168 miscutils/lib.a(i2c_tools.o)
 .text.confirm_or_abort
                0x000000000001e280       0x40 miscutils/lib.a(i2c_tools.o)
 .text.confirm_action
                0x000000000001e2c0       0x9c miscutils/lib.a(i2c_tools.o)
 .text.i2c_smbus_access
                0x000000000001e35c       0x64 miscutils/lib.a(i2c_tools.o)
 .text.i2c_smbus_read_byte
                0x000000000001e3c0       0x64 miscutils/lib.a(i2c_tools.o)
 .text.i2c_smbus_read_word_data
                0x000000000001e424       0x64 miscutils/lib.a(i2c_tools.o)
 .text.i2c_smbus_read_byte_data
                0x000000000001e488       0x64 miscutils/lib.a(i2c_tools.o)
 .text.list_i2c_busses_and_exit
                0x000000000001e4ec      0x260 miscutils/lib.a(i2c_tools.o)
 .text.i2cget_main
                0x000000000001e74c      0x230 miscutils/lib.a(i2c_tools.o)
                0x000000000001e74c                i2cget_main
 .text.i2cset_main
                0x000000000001e97c      0x614 miscutils/lib.a(i2c_tools.o)
                0x000000000001e97c                i2cset_main
 .text.i2cdump_main
                0x000000000001ef90      0x6cc miscutils/lib.a(i2c_tools.o)
                0x000000000001ef90                i2cdump_main
 .text.i2cdetect_main
                0x000000000001f65c      0x3c8 miscutils/lib.a(i2c_tools.o)
                0x000000000001f65c                i2cdetect_main
 .text.i2ctransfer_main
                0x000000000001fa24      0x3ec miscutils/lib.a(i2c_tools.o)
                0x000000000001fa24                i2ctransfer_main
 .text.at_end   0x000000000001fe10       0x68 miscutils/lib.a(less.o)
 .text.safe_lineno
                0x000000000001fe78       0x3c miscutils/lib.a(less.o)
 .text.opp_bracket
                0x000000000001feb4       0x6c miscutils/lib.a(less.o)
 .text.set_tty_cooked
                0x000000000001ff20       0x2c miscutils/lib.a(less.o)
 .text.clear_line
                0x000000000001ff4c       0x1c miscutils/lib.a(less.o)
 .text.restore_tty
                0x000000000001ff68       0x38 miscutils/lib.a(less.o)
 .text.sig_catcher
                0x000000000001ffa0       0x18 miscutils/lib.a(less.o)
 .text.print_statusline
                0x000000000001ffb8       0x38 miscutils/lib.a(less.o)
 .text.fill_match_lines
                0x000000000001fff0       0xd0 miscutils/lib.a(less.o)
 .text.read_lines
                0x00000000000200c0      0x3f4 miscutils/lib.a(less.o)
 .text.goto_lineno
                0x00000000000204b4       0xb8 miscutils/lib.a(less.o)
 .text.cap_cur_fline
                0x000000000002056c       0x94 miscutils/lib.a(less.o)
 .text.less_exit
                0x0000000000020600       0x10 miscutils/lib.a(less.o)
 .text.update_num_lines
                0x0000000000020610      0x1a8 miscutils/lib.a(less.o)
 .text.m_status_print
                0x00000000000207b8      0x174 miscutils/lib.a(less.o)
 .text.status_print
                0x000000000002092c       0xc4 miscutils/lib.a(less.o)
 .text.buffer_print
                0x00000000000209f0      0x3b0 miscutils/lib.a(less.o)
 .text.buffer_fill_and_print
                0x0000000000020da0       0xc4 miscutils/lib.a(less.o)
 .text.reinitialize
                0x0000000000020e64       0xc8 miscutils/lib.a(less.o)
 .text.change_file
                0x0000000000020f2c       0x94 miscutils/lib.a(less.o)
 .text.buffer_down
                0x0000000000020fc0       0x60 miscutils/lib.a(less.o)
 .text.buffer_up
                0x0000000000021020       0x68 miscutils/lib.a(less.o)
 .text.buffer_to_line
                0x0000000000021088       0x48 miscutils/lib.a(less.o)
 .text.goto_match
                0x00000000000210d0       0xb8 miscutils/lib.a(less.o)
 .text.getch_nowait
                0x0000000000021188      0x17c miscutils/lib.a(less.o)
 .text.less_getch
                0x0000000000021304       0x78 miscutils/lib.a(less.o)
 .text.less_gets
                0x000000000002137c      0x120 miscutils/lib.a(less.o)
 .text.examine_file
                0x000000000002149c       0xa4 miscutils/lib.a(less.o)
 .text.regex_process
                0x0000000000021540      0x174 miscutils/lib.a(less.o)
 .text.less_main
                0x00000000000216b4      0x928 miscutils/lib.a(less.o)
                0x00000000000216b4                less_main
 .text.get_line
                0x0000000000021fdc       0x54 miscutils/lib.a(lsscsi.o)
 .text.lsscsi_main
                0x0000000000022030      0x210 miscutils/lib.a(lsscsi.o)
                0x0000000000022030                lsscsi_main
 .text.makedevs_main
                0x0000000000022240      0x4cc miscutils/lib.a(makedevs.o)
                0x0000000000022240                makedevs_main
 .text.microcom_main
                0x000000000002270c      0x380 miscutils/lib.a(microcom.o)
                0x000000000002270c                microcom_main
 .text.mt_main  0x0000000000022a8c      0x16c miscutils/lib.a(mt.o)
                0x0000000000022a8c                mt_main
 .text.partprobe_main
                0x0000000000022bf8       0xa4 miscutils/lib.a(partprobe.o)
                0x0000000000022bf8                partprobe_main
 .text.runlevel_main
                0x0000000000022c9c       0x84 miscutils/lib.a(runlevel.o)
                0x0000000000022c9c                runlevel_main
 .text.seedrng_main
                0x0000000000022d20      0x470 miscutils/lib.a(seedrng.o)
                0x0000000000022d20                seedrng_main
 .text.setfattr_main
                0x0000000000023190      0x150 miscutils/lib.a(setfattr.o)
                0x0000000000023190                setfattr_main
 .text.index_in_strings_case_insensitive
                0x00000000000232e0       0x70 miscutils/lib.a(setserial.o)
 .text.get_numeric
                0x0000000000023350        0xc miscutils/lib.a(setserial.o)
 .text.setserial_main
                0x000000000002335c      0x6cc miscutils/lib.a(setserial.o)
                0x000000000002335c                setserial_main
 .text.strings_main
                0x0000000000023a28      0x238 miscutils/lib.a(strings.o)
                0x0000000000023a28                strings_main
 .text.ptok     0x0000000000023c60       0x28 miscutils/lib.a(time.o)
 .text.run_command
                0x0000000000023c88      0x120 miscutils/lib.a(time.o)
 .text.time_main
                0x0000000000023da8      0x5c0 miscutils/lib.a(time.o)
                0x0000000000023da8                time_main
 .text.tree_print
                0x0000000000024368      0x22c miscutils/lib.a(tree.o)
 .text.tree_main
                0x0000000000024594       0xc4 miscutils/lib.a(tree.o)
                0x0000000000024594                tree_main
 .text.ts_main  0x0000000000024658      0x290 miscutils/lib.a(ts.o)
                0x0000000000024658                ts_main
 .text.ubirename_main
                0x00000000000248e8      0x190 miscutils/lib.a(ubirename.o)
                0x00000000000248e8                ubirename_main
 .text.shutdown_on_signal
                0x0000000000024a78       0x28 miscutils/lib.a(watchdog.o)
 .text.watchdog_main
                0x0000000000024aa0      0x150 miscutils/lib.a(watchdog.o)
                0x0000000000024aa0                watchdog_main
 .text.insmod_main
                0x0000000000024bf0       0x70 modutils/lib.a(insmod.o)
                0x0000000000024bf0                insmod_main
 .text.lsmod_main
                0x0000000000024c60      0x170 modutils/lib.a(lsmod.o)
                0x0000000000024c60                lsmod_main
 .text.gather_options_str
                0x0000000000024dd0       0x94 modutils/lib.a(modprobe.o)
 .text.load_modules_dep
                0x0000000000024e64      0x18c modutils/lib.a(modprobe.o)
 .text.get_or_add_modentry
                0x0000000000024ff0       0x14 modutils/lib.a(modprobe.o)
 .text.add_probe
                0x0000000000025004       0x94 modutils/lib.a(modprobe.o)
 .text.do_modprobe
                0x0000000000025098      0x360 modutils/lib.a(modprobe.o)
 .text.read_config.isra.0
                0x00000000000253f8       0x18 modutils/lib.a(modprobe.o)
 .text.config_file_action
                0x0000000000025410      0x278 modutils/lib.a(modprobe.o)
 .text.modprobe_main
                0x0000000000025688      0x3cc modutils/lib.a(modprobe.o)
                0x0000000000025688                modprobe_main
 .text.replace  0x0000000000025a54       0x1c modutils/lib.a(modutils.o)
                0x0000000000025a54                replace
 .text.string_to_llist
                0x0000000000025a70       0x90 modutils/lib.a(modutils.o)
                0x0000000000025a70                string_to_llist
 .text.filename2modname
                0x0000000000025b00       0xac modutils/lib.a(modutils.o)
                0x0000000000025b00                filename2modname
 .text.helper_get_module
                0x0000000000025bac       0xfc modutils/lib.a(modutils.o)
 .text.moddb_get
                0x0000000000025ca8        0x8 modutils/lib.a(modutils.o)
                0x0000000000025ca8                moddb_get
 .text.moddb_get_or_create
                0x0000000000025cb0        0x8 modutils/lib.a(modutils.o)
                0x0000000000025cb0                moddb_get_or_create
 .text.parse_cmdline_module_options
                0x0000000000025cb8      0x104 modutils/lib.a(modutils.o)
                0x0000000000025cb8                parse_cmdline_module_options
 .text.bb_init_module
                0x0000000000025dbc      0x118 modutils/lib.a(modutils.o)
                0x0000000000025dbc                bb_init_module
 .text.bb_delete_module
                0x0000000000025ed4       0x3c modutils/lib.a(modutils.o)
                0x0000000000025ed4                bb_delete_module
 .text.moderror
                0x0000000000025f10       0x80 modutils/lib.a(modutils.o)
                0x0000000000025f10                moderror
 .text.rmmod_main
                0x0000000000025f90      0x120 modutils/lib.a(rmmod.o)
                0x0000000000025f90                rmmod_main
 .text.arp_show
                0x00000000000260b0      0x49c networking/lib.a(arp.o)
 .text.arp_main
                0x000000000002654c      0x898 networking/lib.a(arp.o)
                0x000000000002654c                arp_main
 .text.finish   0x0000000000026de4       0x88 networking/lib.a(arping.o)
 .text.catcher  0x0000000000026e6c      0x1c0 networking/lib.a(arping.o)
 .text.arping_main
                0x000000000002702c      0x768 networking/lib.a(arping.o)
                0x000000000002702c                arping_main
 .text.undot    0x0000000000027794       0x48 networking/lib.a(dnsd.o)
 .text.dnsd_main
                0x00000000000277dc      0x5f4 networking/lib.a(dnsd.o)
                0x00000000000277dc                dnsd_main
 .text.ether_wake_main
                0x0000000000027dd0      0x324 networking/lib.a(ether-wake.o)
                0x0000000000027dd0                ether_wake_main
 .text.do_sethostname
                0x00000000000280f4       0xac networking/lib.a(hostname.o)
 .text.hostname_main
                0x00000000000281a0      0x1cc networking/lib.a(hostname.o)
                0x00000000000281a0                hostname_main
 .text.ifconfig_main
                0x000000000002836c      0x534 networking/lib.a(ifconfig.o)
                0x000000000002836c                ifconfig_main
 .text.manual_up_down6
                0x00000000000288a0        0x8 networking/lib.a(ifupdown.o)
 .text.check    0x00000000000288a8        0x8 networking/lib.a(ifupdown.o)
 .text.doit     0x00000000000288b0      0x12c networking/lib.a(ifupdown.o)
 .text.setlocalenv
                0x00000000000289dc       0xa0 networking/lib.a(ifupdown.o)
 .text.set_environ
                0x0000000000028a7c      0x248 networking/lib.a(ifupdown.o)
 .text.execute_all
                0x0000000000028cc4       0xd8 networking/lib.a(ifupdown.o)
 .text.iface_down
                0x0000000000028d9c       0xbc networking/lib.a(ifupdown.o)
 .text.iface_up
                0x0000000000028e58       0xbc networking/lib.a(ifupdown.o)
 .text.find_iface_state
                0x0000000000028f14       0x60 networking/lib.a(ifupdown.o)
 .text.next_word
                0x0000000000028f74       0x70 networking/lib.a(ifupdown.o)
 .text.strncmpz
                0x0000000000028fe4       0x40 networking/lib.a(ifupdown.o)
 .text.get_var  0x0000000000029024       0xc4 networking/lib.a(ifupdown.o)
 .text.addstr   0x00000000000290e8       0x8c networking/lib.a(ifupdown.o)
 .text.execute  0x0000000000029174      0x354 networking/lib.a(ifupdown.o)
 .text.loopback_down6
                0x00000000000294c8       0x14 networking/lib.a(ifupdown.o)
 .text.loopback_up6
                0x00000000000294dc       0x68 networking/lib.a(ifupdown.o)
 .text.static_up6
                0x0000000000029544       0x80 networking/lib.a(ifupdown.o)
 .text.v4tunnel_down
                0x00000000000295c4       0x14 networking/lib.a(ifupdown.o)
 .text.v4tunnel_up
                0x00000000000295d8       0xa0 networking/lib.a(ifupdown.o)
 .text.loopback_down
                0x0000000000029678       0x68 networking/lib.a(ifupdown.o)
 .text.loopback_up
                0x00000000000296e0       0x68 networking/lib.a(ifupdown.o)
 .text.dhcp_up  0x0000000000029748       0x5c networking/lib.a(ifupdown.o)
 .text.bootp_up
                0x00000000000297a4       0x14 networking/lib.a(ifupdown.o)
 .text.static_up
                0x00000000000297b8       0x80 networking/lib.a(ifupdown.o)
 .text.ppp_down
                0x0000000000029838       0x14 networking/lib.a(ifupdown.o)
 .text.ppp_up   0x000000000002984c       0x14 networking/lib.a(ifupdown.o)
 .text.wvdial_down
                0x0000000000029860       0x14 networking/lib.a(ifupdown.o)
 .text.wvdial_up
                0x0000000000029874       0x14 networking/lib.a(ifupdown.o)
 .text.static_down6
                0x0000000000029888       0x54 networking/lib.a(ifupdown.o)
 .text.static_down
                0x00000000000298dc       0x84 networking/lib.a(ifupdown.o)
 .text.dhcp_down
                0x0000000000029960       0x74 networking/lib.a(ifupdown.o)
 .text.popen2   0x00000000000299d4       0xf8 networking/lib.a(ifupdown.o)
 .text.read_iface_state
                0x0000000000029acc       0xc8 networking/lib.a(ifupdown.o)
 .text.read_interfaces
                0x0000000000029b94      0x610 networking/lib.a(ifupdown.o)
 .text.manual_up_down
                0x000000000002a1a4        0x8 networking/lib.a(ifupdown.o)
 .text.link_up_down
                0x000000000002a1ac        0x8 networking/lib.a(ifupdown.o)
 .text.ifupdown_main
                0x000000000002a1b4      0x604 networking/lib.a(ifupdown.o)
                0x000000000002a1b4                ifupdown_main
 .text.init_ring
                0x000000000002a7b8       0x88 networking/lib.a(inetd.o)
 .text.remove_fd_from_set
                0x000000000002a840       0xa4 networking/lib.a(inetd.o)
 .text.maybe_close
                0x000000000002a8e4        0xc networking/lib.a(inetd.o)
 .text.free_servtab_strings
                0x000000000002a8f0       0x78 networking/lib.a(inetd.o)
 .text.bump_nofile
                0x000000000002a968      0x190 networking/lib.a(inetd.o)
 .text.add_fd_to_set
                0x000000000002aaf8      0x174 networking/lib.a(inetd.o)
 .text.clean_up_and_exit
                0x000000000002ac6c       0x74 networking/lib.a(inetd.o)
 .text.reap_child
                0x000000000002ace0      0x158 networking/lib.a(inetd.o)
 .text.daytime_stream
                0x000000000002ae38       0x84 networking/lib.a(inetd.o)
 .text.machtime
                0x000000000002aebc       0x64 networking/lib.a(inetd.o)
 .text.machtime_stream
                0x000000000002af20       0x6c networking/lib.a(inetd.o)
 .text.discard_stream
                0x000000000002af8c       0x48 networking/lib.a(inetd.o)
 .text.echo_stream
                0x000000000002afd4       0x5c networking/lib.a(inetd.o)
 .text.xzalloc_lsa
                0x000000000002b030       0x54 networking/lib.a(inetd.o)
 .text.block_CHLD_HUP_ALRM
                0x000000000002b084       0x50 networking/lib.a(inetd.o)
 .text.rearm_alarm
                0x000000000002b0d4       0x54 networking/lib.a(inetd.o)
 .text.prepare_socket_fd
                0x000000000002b128      0x110 networking/lib.a(inetd.o)
 .text.retry_network_setup
                0x000000000002b238       0xa4 networking/lib.a(inetd.o)
 .text.daytime_dg
                0x000000000002b2dc      0x114 networking/lib.a(inetd.o)
 .text.machtime_dg
                0x000000000002b3f0       0xe0 networking/lib.a(inetd.o)
 .text.echo_dg  0x000000000002b4d0       0xec networking/lib.a(inetd.o)
 .text.restore_sigmask
                0x000000000002b5bc       0x10 networking/lib.a(inetd.o)
 .text.discard_dg
                0x000000000002b5cc       0x18 networking/lib.a(inetd.o)
 .text.chargen_dg
                0x000000000002b5e4      0x220 networking/lib.a(inetd.o)
 .text.chargen_stream
                0x000000000002b804      0x120 networking/lib.a(inetd.o)
 .text.parse_one_line
                0x000000000002b924      0x5bc networking/lib.a(inetd.o)
 .text.reread_config_file
                0x000000000002bee0      0x5b4 networking/lib.a(inetd.o)
 .text.inetd_main
                0x000000000002c494      0xc28 networking/lib.a(inetd.o)
                0x000000000002c494                inetd_main
 .text.UNSPEC_print
                0x000000000002d0bc       0x94 networking/lib.a(interface.o)
 .text.UNSPEC_sprint
                0x000000000002d150       0x30 networking/lib.a(interface.o)
 .text.INET6_input
                0x000000000002d180        0x4 networking/lib.a(interface.o)
 .text.INET6_sprint
                0x000000000002d184       0x40 networking/lib.a(interface.o)
 .text.INET_input
                0x000000000002d1c4        0x8 networking/lib.a(interface.o)
 .text.INET_sprint
                0x000000000002d1cc       0x44 networking/lib.a(interface.o)
 .text.ether_print
                0x000000000002d210       0x38 networking/lib.a(interface.o)
 .text.add_interface
                0x000000000002d248       0xac networking/lib.a(interface.o)
 .text.do_if_fetch
                0x000000000002d2f4      0x2fc networking/lib.a(interface.o)
 .text.print_bytes_scaled
                0x000000000002d5f0       0x7c networking/lib.a(interface.o)
 .text.in_ib    0x000000000002d66c       0x34 networking/lib.a(interface.o)
                0x000000000002d66c                in_ib
 .text.if_readlist_proc.constprop.0
                0x000000000002d6a0      0x29c networking/lib.a(interface.o)
 .text.get_aftype
                0x000000000002d93c       0x5c networking/lib.a(interface.o)
                0x000000000002d93c                get_aftype
 .text.get_hwtype
                0x000000000002d998       0x5c networking/lib.a(interface.o)
                0x000000000002d998                get_hwtype
 .text.get_hwntype
                0x000000000002d9f4       0x28 networking/lib.a(interface.o)
                0x000000000002d9f4                get_hwntype
 .text.ife_print
                0x000000000002da1c      0x650 networking/lib.a(interface.o)
 .text.display_interfaces
                0x000000000002e06c      0x1c0 networking/lib.a(interface.o)
                0x000000000002e06c                display_interfaces
 .text.ip_do    0x000000000002e22c       0x2c networking/lib.a(ip.o)
 .text.ip_print_help
                0x000000000002e258        0xc networking/lib.a(ip.o)
 .text.ipaddr_main
                0x000000000002e264        0xc networking/lib.a(ip.o)
                0x000000000002e264                ipaddr_main
 .text.iplink_main
                0x000000000002e270        0xc networking/lib.a(ip.o)
                0x000000000002e270                iplink_main
 .text.iproute_main
                0x000000000002e27c        0xc networking/lib.a(ip.o)
                0x000000000002e27c                iproute_main
 .text.iprule_main
                0x000000000002e288        0xc networking/lib.a(ip.o)
                0x000000000002e288                iprule_main
 .text.iptunnel_main
                0x000000000002e294        0xc networking/lib.a(ip.o)
                0x000000000002e294                iptunnel_main
 .text.ipneigh_main
                0x000000000002e2a0        0xc networking/lib.a(ip.o)
                0x000000000002e2a0                ipneigh_main
 .text.ip_main  0x000000000002e2ac       0x60 networking/lib.a(ip.o)
                0x000000000002e2ac                ip_main
 .text.prepend_new_eth_table
                0x000000000002e30c       0xe0 networking/lib.a(nameif.o)
 .text.nameif_main
                0x000000000002e3ec      0x2c0 networking/lib.a(nameif.o)
                0x000000000002e3ec                nameif_main
 .text.build_ipv6_addr
                0x000000000002e6ac       0xb4 networking/lib.a(netstat.o)
 .text.ip_port_str
                0x000000000002e760       0xdc networking/lib.a(netstat.o)
 .text.print_inet_line
                0x000000000002e83c       0xe8 networking/lib.a(netstat.o)
 .text.do_info  0x000000000002e924       0xf0 networking/lib.a(netstat.o)
 .text.unix_do_one
                0x000000000002ea14      0x2f4 networking/lib.a(netstat.o)
 .text.scan_inet_proc_line
                0x000000000002ed08      0x124 networking/lib.a(netstat.o)
 .text.raw_do_one
                0x000000000002ee2c       0xdc networking/lib.a(netstat.o)
 .text.udp_do_one
                0x000000000002ef08      0x108 networking/lib.a(netstat.o)
 .text.tcp_do_one
                0x000000000002f010       0xb8 networking/lib.a(netstat.o)
 .text.netstat_main
                0x000000000002f0c8      0x250 networking/lib.a(netstat.o)
                0x000000000002f0c8                netstat_main
 .text.add_ns   0x000000000002f318      0x118 networking/lib.a(nslookup.o)
 .text.parse_resolvconf
                0x000000000002f430      0x2c4 networking/lib.a(nslookup.o)
 .text.add_query
                0x000000000002f6f4      0x118 networking/lib.a(nslookup.o)
 .text.add_query_with_search
                0x000000000002f80c      0x100 networking/lib.a(nslookup.o)
 .text.parse_reply
                0x000000000002f90c      0x538 networking/lib.a(nslookup.o)
 .text.send_queries
                0x000000000002fe44      0x4d0 networking/lib.a(nslookup.o)
 .text.nslookup_main
                0x0000000000030314      0x598 networking/lib.a(nslookup.o)
                0x0000000000030314                nslookup_main
 .text.print_stats_and_exit
                0x00000000000308ac      0x29c networking/lib.a(ping.o)
 .text.sendping4
                0x0000000000030b48      0x460 networking/lib.a(ping.o)
 .text.ping_main
                0x0000000000030fa8      0xc24 networking/lib.a(ping.o)
                0x0000000000030fa8                ping_main
 .text.set_flags
                0x0000000000031bcc       0x3c networking/lib.a(route.o)
 .text.kw_lookup
                0x0000000000031c08       0xa4 networking/lib.a(route.o)
 .text.INET6_setroute
                0x0000000000031cac      0x30c networking/lib.a(route.o)
 .text.INET_setroute
                0x0000000000031fb8      0x43c networking/lib.a(route.o)
 .text.INET6_displayroutes
                0x00000000000323f4      0x2c8 networking/lib.a(route.o)
 .text.bb_displayroutes
                0x00000000000326bc      0x294 networking/lib.a(route.o)
                0x00000000000326bc                bb_displayroutes
 .text.route_main
                0x0000000000032950      0x1a4 networking/lib.a(route.o)
                0x0000000000032950                route_main
 .text.print_filter
                0x0000000000032af4        0x8 networking/lib.a(tc.o)
 .text.print_tc_classid
                0x0000000000032afc       0x50 networking/lib.a(tc.o)
 .text.cbq_print_opt.isra.0
                0x0000000000032b4c      0x2ec networking/lib.a(tc.o)
 .text.print_class
                0x0000000000032e38      0x294 networking/lib.a(tc.o)
 .text.print_qdisc
                0x00000000000330cc      0x2c4 networking/lib.a(tc.o)
 .text.tc_main  0x0000000000033390      0x57c networking/lib.a(tc.o)
                0x0000000000033390                tc_main
 .text.iac_flush
                0x000000000003390c       0x6c networking/lib.a(telnet.o)
 .text.put_iac  0x0000000000033978       0x90 networking/lib.a(telnet.o)
 .text.put_iac2_msb_lsb
                0x0000000000033a08       0x2c networking/lib.a(telnet.o)
 .text.put_iac4_msb_lsb
                0x0000000000033a34       0x2c networking/lib.a(telnet.o)
 .text.put_iac3_IAC_x_y_merged
                0x0000000000033a60       0x2c networking/lib.a(telnet.o)
 .text.rawmode  0x0000000000033a8c       0x24 networking/lib.a(telnet.o)
 .text.cookmode
                0x0000000000033ab0       0x24 networking/lib.a(telnet.o)
 .text.setConMode
                0x0000000000033ad4       0x8c networking/lib.a(telnet.o)
 .text.con_escape
                0x0000000000033b60      0x178 networking/lib.a(telnet.o)
 .text.handle_net_output
                0x0000000000033cd8       0xd0 networking/lib.a(telnet.o)
 .text.telnet_main
                0x0000000000033da8      0x6c4 networking/lib.a(telnet.o)
                0x0000000000033da8                telnet_main
 .text.tftp_blksize_check
                0x000000000003446c       0x68 networking/lib.a(tftp.o)
 .text.tftp_main
                0x00000000000344d4      0x810 networking/lib.a(tftp.o)
                0x00000000000344d4                tftp_main
 .text.traceroute_init.constprop.0
                0x0000000000034ce4      0x43c networking/lib.a(traceroute.o)
 .text.traceroute_main
                0x0000000000035120      0x52c networking/lib.a(traceroute.o)
                0x0000000000035120                traceroute_main
 .text.xfind_str
                0x000000000003564c       0x54 networking/lib.a(vconfig.o)
 .text.vconfig_main
                0x00000000000356a0      0x160 networking/lib.a(vconfig.o)
                0x00000000000356a0                vconfig_main
 .text.alarm_handler
                0x0000000000035800       0x28 networking/lib.a(wget.o)
 .text.set_alarm
                0x0000000000035828       0x38 networking/lib.a(wget.o)
 .text.open_socket
                0x0000000000035860       0x44 networking/lib.a(wget.o)
 .text.base64enc
                0x00000000000358a4       0x5c networking/lib.a(wget.o)
 .text.reset_beg_range_to_zero
                0x0000000000035900       0x44 networking/lib.a(wget.o)
 .text.parse_url
                0x0000000000035944      0x188 networking/lib.a(wget.o)
 .text.progress_meter
                0x0000000000035acc       0xe0 networking/lib.a(wget.o)
 .text.fgets_trim_sanitize
                0x0000000000035bac       0xdc networking/lib.a(wget.o)
 .text.get_sanitized_hdr
                0x0000000000035c88       0xfc networking/lib.a(wget.o)
 .text.retrieve_file_data
                0x0000000000035d84      0x390 networking/lib.a(wget.o)
 .text.ftpcmd   0x0000000000036114       0xf8 networking/lib.a(wget.o)
 .text.wget_main
                0x000000000003620c      0xc50 networking/lib.a(wget.o)
                0x000000000003620c                wget_main
 .text.parse_pasv_epsv
                0x0000000000036e5c      0x108 networking/lib.a(parse_pasv_epsv.o)
                0x0000000000036e5c                parse_pasv_epsv
 .text.ip_parse_common_args
                0x0000000000036f64      0x148 networking/libiproute/lib.a(ip_parse_common_args.o)
                0x0000000000036f64                ip_parse_common_args
 .text.flush_update
                0x00000000000370ac       0xcc networking/libiproute/lib.a(ipaddress.o)
 .text.store_nlmsg
                0x0000000000037178       0x88 networking/libiproute/lib.a(ipaddress.o)
 .text.print_linkinfo
                0x0000000000037200      0x450 networking/libiproute/lib.a(ipaddress.o)
 .text.print_addrinfo