Archive member included to satisfy reference by file (symbol)

/home/joelphilip/Documents/C2S/Trisul32/trisul32_buildroot-master/buildroot/output/build/glibc-2.36-81-g4f4d7a13edfd2fdc57c9d76e1fd6d017fb47550c/build/libc_pic.a(check_fds.os)
                              /home/joelphilip/Documents/C2S/Trisul32/trisul32_buildroot-master/buildroot/output/build/glibc-2.36-81-g4f4d7a13edfd2fdc57c9d76e1fd6d017fb47550c/build/elf/dl-allobjs.os (__libc_check_standard_fds)
/home/joelphilip/Documents/C2S/Trisul32/trisul32_buildroot-master/buildroot/output/build/glibc-2.36-81-g4f4d7a13edfd2fdc57c9d76e1fd6d017fb47550c/build/libc_pic.a(errno.os)
                              /home/joelphilip/Documents/C2S/Trisul32/trisul32_buildroot-master/buildroot/output/build/glibc-2.36-81-g4f4d7a13edfd2fdc57c9d76e1fd6d017fb47550c/build/libc_pic.a(check_fds.os) (__libc_errno)
/home/joelphilip/Documents/C2S/Trisul32/trisul32_buildroot-master/buildroot/output/build/glibc-2.36-81-g4f4d7a13edfd2fdc57c9d76e1fd6d017fb47550c/build/libc_pic.a(setjmp.os)
                              /home/joelphilip/Documents/C2S/Trisul32/trisul32_buildroot-master/buildroot/output/build/glibc-2.36-81-g4f4d7a13edfd2fdc57c9d76e1fd6d017fb47550c/build/elf/dl-allobjs.os (__sigsetjmp)
/home/joelphilip/Documents/C2S/Trisul32/trisul32_buildroot-master/buildroot/output/build/glibc-2.36-81-g4f4d7a13edfd2fdc57c9d76e1fd6d017fb47550c/build/libc_pic.a(__longjmp.os)
                              /home/joelphilip/Documents/C2S/Trisul32/trisul32_buildroot-master/buildroot/output/build/glibc-2.36-81-g4f4d7a13edfd2fdc57c9d76e1fd6d017fb47550c/build/elf/dl-allobjs.os (__longjmp)
/home/joelphilip/Documents/C2S/Trisul32/trisul32_buildroot-master/buildroot/output/build/glibc-2.36-81-g4f4d7a13edfd2fdc57c9d76e1fd6d017fb47550c/build/libc_pic.a(lowlevellock.os)
                              /home/joelphilip/Documents/C2S/Trisul32/trisul32_buildroot-master/buildroot/output/build/glibc-2.36-81-g4f4d7a13edfd2fdc57c9d76e1fd6d017fb47550c/build/elf/dl-allobjs.os (__lll_lock_wait_private)
/home/joelphilip/Documents/C2S/Trisul32/trisul32_buildroot-master/buildroot/output/build/glibc-2.36-81-g4f4d7a13edfd2fdc57c9d76e1fd6d017fb47550c/build/libc_pic.a(scratch_buffer_set_array_size.os)
                              /home/joelphilip/Documents/C2S/Trisul32/trisul32_buildroot-master/buildroot/output/build/glibc-2.36-81-g4f4d7a13edfd2fdc57c9d76e1fd6d017fb47550c/build/elf/dl-allobjs.os (__libc_scratch_buffer_set_array_size)
/home/joelphilip/Documents/C2S/Trisul32/trisul32_buildroot-master/buildroot/output/build/glibc-2.36-81-g4f4d7a13edfd2fdc57c9d76e1fd6d017fb47550c/build/libc_pic.a(memchr.os)
                              /home/joelphilip/Documents/C2S/Trisul32/trisul32_buildroot-master/buildroot/output/build/glibc-2.36-81-g4f4d7a13edfd2fdc57c9d76e1fd6d017fb47550c/build/elf/dl-allobjs.os (memchr)
/home/joelphilip/Documents/C2S/Trisul32/trisul32_buildroot-master/buildroot/output/build/glibc-2.36-81-g4f4d7a13edfd2fdc57c9d76e1fd6d017fb47550c/build/libc_pic.a(memcmp.os)
                              /home/joelphilip/Documents/C2S/Trisul32/trisul32_buildroot-master/buildroot/output/build/glibc-2.36-81-g4f4d7a13edfd2fdc57c9d76e1fd6d017fb47550c/build/elf/dl-allobjs.os (memcmp)
/home/joelphilip/Documents/C2S/Trisul32/trisul32_buildroot-master/buildroot/output/build/glibc-2.36-81-g4f4d7a13edfd2fdc57c9d76e1fd6d017fb47550c/build/libc_pic.a(memcpy.os)
                              /home/joelphilip/Documents/C2S/Trisul32/trisul32_buildroot-master/buildroot/output/build/glibc-2.36-81-g4f4d7a13edfd2fdc57c9d76e1fd6d017fb47550c/build/elf/dl-allobjs.os (memcpy)
/home/joelphilip/Documents/C2S/Trisul32/trisul32_buildroot-master/buildroot/output/build/glibc-2.36-81-g4f4d7a13edfd2fdc57c9d76e1fd6d017fb47550c/build/libc_pic.a(memmove.os)
                              /home/joelphilip/Documents/C2S/Trisul32/trisul32_buildroot-master/buildroot/output/build/glibc-2.36-81-g4f4d7a13edfd2fdc57c9d76e1fd6d017fb47550c/build/elf/dl-allobjs.os (memmove)
/home/joelphilip/Documents/C2S/Trisul32/trisul32_buildroot-master/buildroot/output/build/glibc-2.36-81-g4f4d7a13edfd2fdc57c9d76e1fd6d017fb47550c/build/libc_pic.a(memset.os)
                              /home/joelphilip/Documents/C2S/Trisul32/trisul32_buildroot-master/buildroot/output/build/glibc-2.36-81-g4f4d7a13edfd2fdc57c9d76e1fd6d017fb47550c/build/elf/dl-allobjs.os (memset)
/home/joelphilip/Documents/C2S/Trisul32/trisul32_buildroot-master/buildroot/output/build/glibc-2.36-81-g4f4d7a13edfd2fdc57c9d76e1fd6d017fb47550c/build/libc_pic.a(rawmemchr.os)
                              /home/joelphilip/Documents/C2S/Trisul32/trisul32_buildroot-master/buildroot/output/build/glibc-2.36-81-g4f4d7a13edfd2fdc57c9d76e1fd6d017fb47550c/build/elf/dl-allobjs.os (rawmemchr)
/home/joelphilip/Documents/C2S/Trisul32/trisul32_buildroot-master/buildroot/output/build/glibc-2.36-81-g4f4d7a13edfd2fdc57c9d76e1fd6d017fb47550c/build/libc_pic.a(stpcpy.os)
[...]
Memory Configuration

Name             Origin             Length             Attributes
*default*        0x0000000000000000 0xffffffffffffffff

Linker script and memory map

LOAD /home/joelphilip/Documents/C2S/Trisul32/trisul32_buildroot-master/buildroot/output/build/glibc-2.36-81-g4f4d7a13edfd2fdc57c9d76e1fd6d017fb47550c/build/elf/librtld.mapT.o
START GROUP
LOAD /home/joelphilip/Documents/C2S/Trisul32/trisul32_buildroot-master/buildroot/output/build/glibc-2.36-81-g4f4d7a13edfd2fdc57c9d76e1fd6d017fb47550c/build/elf/dl-allobjs.os
LOAD /home/joelphilip/Documents/C2S/Trisul32/trisul32_buildroot-master/buildroot/output/build/glibc-2.36-81-g4f4d7a13edfd2fdc57c9d76e1fd6d017fb47550c/build/libc_pic.a
LOAD /home/joelphilip/Documents/C2S/Trisul32/trisul32_buildroot-master/buildroot/output/host/lib/gcc/riscv32-buildroot-linux-gnu/11.4.0/libgcc.a
END GROUP

.interp
 *(.interp)

.note.gnu.build-id
 *(.note.gnu.build-id)

.hash
 *(.hash)

.gnu.hash
 *(.gnu.hash)

.dynsym
 *(.dynsym)

.dynstr
 *(.dynstr)

.gnu.version
 *(.gnu.version)

.gnu.version_d
 *(.gnu.version_d)

.gnu.version_r
 *(.gnu.version_r)

.rela.init
 *(.rela.init)

.rela.text
 *(.rela.text)

.rela.fini
 *(.rela.fini)

.rela.rodata
 *(.rela.rodata)

.rela.data.rel.ro
 *(.rela.data.rel.ro)

.rela.data
 *(.rela.data)

.rela.tdata
 *(.rela.tdata)

.rela.tbss
 *(.rela.tbss)

.rela.ctors
 *(.rela.ctors)

.rela.dtors
 *(.rela.dtors)

.rela.got
 *(.rela.got)

.rela.sdata
 *(.rela.sdata)

.rela.sbss
 *(.rela.sbss)

.rela.sdata2
 *(.rela.sdata2)

.rela.sbss2
 *(.rela.sbss2)

.rela.bss
 *(.rela.bss)

.rela.ifunc
 *(.rela.ifunc)

.rela.plt
 *(.rela.plt)

.init
 *(SORT_NONE(.init))

.plt
 *(.plt)

.text           0x0000000000000000    0x198d8
 *(.text .stub)
 .text          0x0000000000000000        0x0 /home/joelphilip/Documents/C2S/Trisul32/trisul32_buildroot-master/buildroot/output/build/glibc-2.36-81-g4f4d7a13edfd2fdc57c9d76e1fd6d017fb47550c/build/elf/librtld.mapT.o
                0x0000000000000000                malloc
                0x0000000000000000                calloc
                0x0000000000000000                __GI___pthread_enable_asynccancel
                0x0000000000000000                realloc
                0x0000000000000000                __GI___pthread_disable_asynccancel
                0x0000000000000000                __pthread_enable_asynccancel
                0x0000000000000000                __pthread_disable_asynccancel
                0x0000000000000000                free
 .text          0x0000000000000000    0x16b8c /home/joelphilip/Documents/C2S/Trisul32/trisul32_buildroot-master/buildroot/output/build/glibc-2.36-81-g4f4d7a13edfd2fdc57c9d76e1fd6d017fb47550c/build/elf/dl-allobjs.os
                0x0000000000000000                _dl_call_libc_early_init
                0x0000000000000270                _dl_close_worker
                0x0000000000000e08                _dl_close
                0x0000000000000ea8                _dl_debug_state
                0x0000000000000ea8                __GI__dl_debug_state
                0x0000000000000eac                _dl_debug_update
                0x0000000000000f00                _dl_debug_initialize
                0x0000000000001074                _dl_map_object_deps
                0x0000000000001be4                _dl_error_free
                0x0000000000001c00                _dl_exception_create
                0x0000000000001c00                __GI__dl_exception_create
                0x0000000000001d08                __GI__dl_exception_create_format
                0x0000000000001d08                _dl_exception_create_format
                0x0000000000002034                _dl_exception_free
                0x0000000000002034                __GI__dl_exception_free
                0x0000000000002070                __GI___nptl_change_stack_perm
                0x0000000000002070                __nptl_change_stack_perm
                0x00000000000020b0                _dl_make_stacks_executable
                0x0000000000002520                __GI__dl_find_object
                0x0000000000002520                _dl_find_object
                0x00000000000027cc                _dlfo_sort_mappings
                0x00000000000028bc                _dl_find_object_init
                0x0000000000002a30                _dl_find_object_update
                0x0000000000002ebc                _dl_find_object_dlclose
                0x0000000000002f4c                _dl_find_object_freeres
                0x0000000000002fe0                _dl_fini
                0x0000000000003478                _dl_init
                0x00000000000042fc                _dl_dst_count
                0x00000000000043c0                _dl_dst_substitute
                0x0000000000004c0c                _dl_init_paths
                0x0000000000004fdc                _dl_process_pt_gnu_property
                0x00000000000062c0                _dl_map_object
                0x0000000000006b4c                _dl_rtld_di_serinfo
                0x00000000000076b0                _dl_lookup_symbol_x
                0x0000000000008010                _dl_lookup_direct
                0x00000000000081ac                __minimal_malloc
                0x00000000000082b4                __minimal_calloc
                0x00000000000082e8                __minimal_free
                0x0000000000008334                __minimal_realloc
                0x00000000000083dc                _dl_sysdep_read_whole_file
                0x0000000000008484                _dl_name_match_p
                0x00000000000084f4                _dl_higher_prime_number
                0x0000000000008540                _dl_strtoul
                0x0000000000008738                _dl_add_to_namespace_list
                0x00000000000087fc                _dl_new_object
                0x000000000000904c                __GI__dl_find_dso_for_object
                0x000000000000904c                _dl_find_dso_for_object
                0x0000000000009124                _dl_open
                0x00000000000093fc                _dl_show_scope
                0x0000000000009d94                _dl_get_origin
                0x000000000000a358                _dl_debug_printf
                0x000000000000a3a8                _dl_debug_printf_c
                0x000000000000a3f8                _dl_dprintf
                0x000000000000a43c                _dl_printf
                0x000000000000a488                _dl_error_printf
                0x000000000000a4d4                _dl_fatal_printf
                0x000000000000a4d4                __GI__dl_fatal_printf
                0x000000000000a520                _dl_start_profile
                0x000000000000ab30                __GI__dl_mcount
                0x000000000000ab30                _dl_mcount
                0x000000000000ad10                _dl_try_allocate_static_tls
                0x000000000000ae10                _dl_allocate_static_tls
                0x000000000000ae68                _dl_protect_relro
                0x000000000000aee8                _dl_reloc_bad_type
                0x000000000000af6c                _dl_relocate_object
                0x000000000000beb0                _dl_fixup
                0x000000000000c140                _dl_profile_fixup
                0x000000000000c474                _dl_scope_free
                0x000000000000c574                _dl_setup_hash
                0x000000000000c734                _dl_sort_maps_init
                0x000000000000c770                _dl_sort_maps
                0x000000000000cb70                __thread_gscope_wait
                0x000000000000d024                _dl_tls_static_surplus_init
                0x000000000000d0dc                _dl_assign_tls_modid
                0x000000000000d1f0                _dl_count_modids
                0x000000000000d248                _dl_determine_tlsoffset
                0x000000000000d3c8                _dl_get_tls_static_info
                0x000000000000d3e4                _dl_allocate_tls_storage
                0x000000000000d490                __GI__dl_allocate_tls_init
                0x000000000000d490                _dl_allocate_tls_init
                0x000000000000d6d4                __GI__dl_allocate_tls
                0x000000000000d6d4                _dl_allocate_tls
                0x000000000000d708                _dl_deallocate_tls
                0x000000000000d708                __GI__dl_deallocate_tls
                0x000000000000d7d8                _dl_update_slotinfo
                0x000000000000da20                __GI___tls_get_addr
                0x000000000000da20                __tls_get_addr
                0x000000000000da78                _dl_tls_get_addr_soft
                0x000000000000daec                _dl_add_to_slotinfo
                0x000000000000dc18                _dl_init_static_tls
                0x000000000000dd74                __tls_pre_init_tp
                0x000000000000ddc8                __tls_init_tp
                0x000000000000de84                _dl_runtime_resolve
                0x000000000000def4                _dl_check_map_versions
                0x000000000000e6a0                _dl_check_all_versions
                0x000000000000e72c                _dl_write
                0x000000000000e738                _dl_cache_libcmp
                0x000000000000ed38                _dl_load_cache_lookup
                0x000000000000f01c                _dl_unload_cache
                0x000000000000f22c                __GI___tunable_set_val
                0x000000000000f248                __GI___tunables_init
                0x000000000000f658                __GI___tunables_print
                0x000000000000f784                __tunable_get_val
                0x000000000000f784                __GI___tunable_get_val
                0x000000000000f844                _dl_audit_activity_map
                0x000000000000f8d4                _dl_audit_activity_nsid
                0x000000000000f914                _dl_audit_objsearch
                0x000000000000f9d8                _dl_audit_objopen
                0x000000000000faac                _dl_audit_objclose
                0x000000000000fb58                _dl_audit_preinit
                0x000000000000fbdc                _dl_audit_symbind_alt
                0x000000000000fbdc                __GI__dl_audit_symbind_alt
                0x000000000000fd74                _dl_audit_symbind
                0x000000000000ffa0                _dl_audit_pltenter
                0x00000000000101e0                _dl_audit_pltexit
                0x000000000001046c                _dl_diagnostics_print_string
                0x00000000000104cc                _dl_diagnostics_print_labeled_string
                0x0000000000010514                _dl_diagnostics_print_labeled_value
                0x0000000000010548                _dl_print_diagnostics
                0x00000000000108ec                _dl_diagnostics_cpu
                0x00000000000109d4                _dl_diagnostics_kernel
                0x0000000000010ab4                _dl_next_ld_env_entry
                0x0000000000010afc                unsetenv
                0x0000000000010c1c                _dl_signal_exception
                0x0000000000010c74                _dl_signal_error
                0x0000000000010cd4                _dl_signal_cexception
                0x0000000000010d7c                _dl_signal_cerror
                0x0000000000010e18                _dl_catch_exception
                0x0000000000010ee0                _dl_catch_error
                0x0000000000010f4c                _dl_receive_error
                0x0000000000010fa0                _rtld_catch_error
                0x00000000000110e8                _dl_important_hwcaps
                0x00000000000118c4                _dl_hwcaps_subdirs_active
                0x00000000000118cc                _dl_hwcaps_split
                0x0000000000011958                _dl_hwcaps_contains
                0x00000000000119d8                _dl_hwcaps_split_masked
                0x0000000000011a34                __rtld_libc_freeres
                0x0000000000011a3c                __rtld_malloc_init_stubs
                0x0000000000011a78                __sigjmp_save
                0x0000000000011a84                __GI___libc_fatal
                0x0000000000011a84                __libc_fatal
                0x0000000000011aa0                __GI___chk_fail
                0x0000000000011aa0                __chk_fail
                0x0000000000011ab4                __GI___assert_fail
                0x0000000000011ab4                __assert_fail
                0x0000000000011ae8                __rtld_malloc_is_complete
                0x0000000000011c40                __rtld_malloc_init_real
                0x0000000000011d58                _itoa
                0x0000000000011e40                __strerror_r
                0x0000000000011f0c                __GI___assert_perror_fail
                0x0000000000011f0c                __assert_perror_fail
                0x0000000000011f78                __strsep
                0x0000000000011f78                strsep
                0x0000000000011f78                __strsep_g
                0x0000000000011ffc                __rtld_mutex_init
                0x0000000000012138                _dl_sysdep_start
                0x000000000001232c                _dl_sysdep_start_cleanup
                0x0000000000012330                _dl_show_auxv
                0x0000000000012618                _dl_usage
                0x000000000001267c                _dl_version
                0x00000000000126a0                _dl_help
                0x0000000000012994                _start
                0x000000000001299c                _dl_start_user
                0x00000000000139dc                handle_preload_list
                0x0000000000016378                __brk
                0x0000000000016378                brk
                0x00000000000163ac                sbrk
                0x00000000000163ac                __sbrk
                0x0000000000016440                __getcwd
                0x0000000000016440                getcwd
                0x000000000001696c                openat64
                0x00000000000169f4                __alloc_dir
                0x0000000000016ac4                __opendir
                0x0000000000016ac4                opendir
 .text          0x0000000000016b8c      0x144 /home/joelphilip/Documents/C2S/Trisul32/trisul32_buildroot-master/buildroot/output/build/glibc-2.36-81-g4f4d7a13edfd2fdc57c9d76e1fd6d017fb47550c/build/libc_pic.a(check_fds.os)
                0x0000000000016c8c                __libc_check_standard_fds
 .text          0x0000000000016cd0        0x0 /home/joelphilip/Documents/C2S/Trisul32/trisul32_buildroot-master/buildroot/output/build/glibc-2.36-81-g4f4d7a13edfd2fdc57c9d76e1fd6d017fb47550c/build/libc_pic.a(errno.os)
 .text          0x0000000000016cd0       0x48 /home/joelphilip/Documents/C2S/Trisul32/trisul32_buildroot-master/buildroot/output/build/glibc-2.36-81-g4f4d7a13edfd2fdc57c9d76e1fd6d017fb47550c/build/libc_pic.a(setjmp.os)
                0x0000000000016cd0                __GI__setjmp
                0x0000000000016cd0                _setjmp
                0x0000000000016cd8                setjmp
                0x0000000000016cdc                __sigsetjmp
                0x0000000000016cdc                __GI___sigsetjmp
 .text          0x0000000000016d18       0x44 /home/joelphilip/Documents/C2S/Trisul32/trisul32_buildroot-master/buildroot/output/build/glibc-2.36-81-g4f4d7a13edfd2fdc57c9d76e1fd6d017fb47550c/build/libc_pic.a(__longjmp.os)
                0x0000000000016d18                __longjmp
 .text          0x0000000000016d5c      0x104 /home/joelphilip/Documents/C2S/Trisul32/trisul32_buildroot-master/buildroot/output/build/glibc-2.36-81-g4f4d7a13edfd2fdc57c9d76e1fd6d017fb47550c/build/libc_pic.a(lowlevellock.os)
                0x0000000000016d5c                __GI___lll_lock_wait_private
                0x0000000000016d5c                __lll_lock_wait_private
                0x0000000000016dc4                __lll_lock_wait
                0x0000000000016dc4                __GI___lll_lock_wait
                0x0000000000016e30                __lll_lock_wake_private
                0x0000000000016e30                __GI___lll_lock_wake_private
                0x0000000000016e48                __lll_lock_wake
                0x0000000000016e48                __GI___lll_lock_wake
 .text          0x0000000000016e60       0xd8 /home/joelphilip/Documents/C2S/Trisul32/trisul32_buildroot-master/buildroot/output/build/glibc-2.36-81-g4f4d7a13edfd2fdc57c9d76e1fd6d017fb47550c/build/libc_pic.a(scratch_buffer_set_array_size.os)
                0x0000000000016e60                __libc_scratch_buffer_set_array_size
                0x0000000000016e60                __GI___libc_scratch_buffer_set_array_size
 .text          0x0000000000016f38       0x98 /home/joelphilip/Documents/C2S/Trisul32/trisul32_buildroot-master/buildroot/output/build/glibc-2.36-81-g4f4d7a13edfd2fdc57c9d76e1fd6d017fb47550c/build/libc_pic.a(memchr.os)
                0x0000000000016f38                __GI_memchr
                0x0000000000016f38                memchr
                0x0000000000016f38                __memchr
 .text          0x0000000000016fd0      0x2dc /home/joelphilip/Documents/C2S/Trisul32/trisul32_buildroot-master/buildroot/output/build/glibc-2.36-81-g4f4d7a13edfd2fdc57c9d76e1fd6d017fb47550c/build/libc_pic.a(memcmp.os)
                0x0000000000017004                bcmp
                0x0000000000017004                __GI___memcmpeq
                0x0000000000017004                __memcmpeq
                0x0000000000017004                __GI_memcmp
                0x0000000000017004                memcmp
 .text          0x00000000000172ac       0xdc /home/joelphilip/Documents/C2S/Trisul32/trisul32_buildroot-master/buildroot/output/build/glibc-2.36-81-g4f4d7a13edfd2fdc57c9d76e1fd6d017fb47550c/build/libc_pic.a(memcpy.os)
                0x00000000000172ac                memcpy
                0x00000000000172ac                __GI_memcpy
 .text          0x0000000000017388      0x16c /home/joelphilip/Documents/C2S/Trisul32/trisul32_buildroot-master/buildroot/output/build/glibc-2.36-81-g4f4d7a13edfd2fdc57c9d76e1fd6d017fb47550c/build/libc_pic.a(memmove.os)
                0x0000000000017388                memmove
                0x0000000000017388                __GI_memmove
 .text          0x00000000000174f4       0xac /home/joelphilip/Documents/C2S/Trisul32/trisul32_buildroot-master/buildroot/output/build/glibc-2.36-81-g4f4d7a13edfd2fdc57c9d76e1fd6d017fb47550c/build/libc_pic.a(memset.os)
                0x00000000000174f4                __GI_memset
                0x00000000000174f4                memset
 .text          0x00000000000175a0       0x3c /home/joelphilip/Documents/C2S/Trisul32/trisul32_buildroot-master/buildroot/output/build/glibc-2.36-81-g4f4d7a13edfd2fdc57c9d76e1fd6d017fb47550c/build/libc_pic.a(rawmemchr.os)
                0x00000000000175a0                __GI___rawmemchr
                0x00000000000175a0                __rawmemchr
                0x00000000000175a0                rawmemchr
 .text          0x00000000000175dc       0x54 /home/joelphilip/Documents/C2S/Trisul32/trisul32_buildroot-master/buildroot/output/build/glibc-2.36-81-g4f4d7a13edfd2fdc57c9d76e1fd6d017fb47550c/build/libc_pic.a(stpcpy.os)
                0x00000000000175dc                stpcpy
                0x00000000000175dc                __GI_stpcpy
                0x00000000000175dc                __stpcpy
                0x00000000000175dc                __GI___stpcpy
 .text          0x0000000000017630       0xc0 /home/joelphilip/Documents/C2S/Trisul32/trisul32_buildroot-master/buildroot/output/build/glibc-2.36-81-g4f4d7a13edfd2fdc57c9d76e1fd6d017fb47550c/build/libc_pic.a(strchr.os)
                0x0000000000017630                __GI_strchr
                0x0000000000017630                index
                0x0000000000017630                strchr
 .text          0x00000000000176f0       0x28 /home/joelphilip/Documents/C2S/Trisul32/trisul32_buildroot-master/buildroot/output/build/glibc-2.36-81-g4f4d7a13edfd2fdc57c9d76e1fd6d017fb47550c/build/libc_pic.a(strcmp.os)
                0x00000000000176f0                __GI_strcmp
                0x00000000000176f0                strcmp
 .text          0x0000000000017718       0x40 /home/joelphilip/Documents/C2S/Trisul32/trisul32_buildroot-master/buildroot/output/build/glibc-2.36-81-g4f4d7a13edfd2fdc57c9d76e1fd6d017fb47550c/build/libc_pic.a(strcpy.os)
                0x0000000000017718                strcpy
                0x0000000000017718                __GI_strcpy
 .text          0x0000000000017758      0x178 /home/joelphilip/Documents/C2S/Trisul32/trisul32_buildroot-master/buildroot/output/build/glibc-2.36-81-g4f4d7a13edfd2fdc57c9d76e1fd6d017fb47550c/build/libc_pic.a(strcspn.os)
                0x0000000000017758                strcspn
                0x0000000000017758                __GI_strcspn
 .text          0x00000000000178d0       0x50 /home/joelphilip/Documents/C2S/Trisul32/trisul32_buildroot-master/buildroot/output/build/glibc-2.36-81-g4f4d7a13edfd2fdc57c9d76e1fd6d017fb47550c/build/libc_pic.a(strdup.os)
                0x00000000000178d0                __GI___strdup
                0x00000000000178d0                __strdup
                0x00000000000178d0                strdup
 .text          0x0000000000017920        0x8 /home/joelphilip/Documents/C2S/Trisul32/trisul32_buildroot-master/buildroot/output/build/glibc-2.36-81-g4f4d7a13edfd2fdc57c9d76e1fd6d017fb47550c/build/libc_pic.a(strerrorname_np.os)
                0x0000000000017920                strerrorname_np
 .text          0x0000000000017928       0xa0 /home/joelphilip/Documents/C2S/Trisul32/trisul32_buildroot-master/buildroot/output/build/glibc-2.36-81-g4f4d7a13edfd2fdc57c9d76e1fd6d017fb47550c/build/libc_pic.a(strlen.os)
                0x0000000000017928                strlen
                0x0000000000017928                __GI_strlen
 .text          0x00000000000179c8       0x9c /home/joelphilip/Documents/C2S/Trisul32/trisul32_buildroot-master/buildroot/output/build/glibc-2.36-81-g4f4d7a13edfd2fdc57c9d76e1fd6d017fb47550c/build/libc_pic.a(strncmp.os)
                0x00000000000179c8                __GI_strncmp
                0x00000000000179c8                strncmp
 .text          0x0000000000017a64       0xbc /home/joelphilip/Documents/C2S/Trisul32/trisul32_buildroot-master/buildroot/output/build/glibc-2.36-81-g4f4d7a13edfd2fdc57c9d76e1fd6d017fb47550c/build/libc_pic.a(strnlen.os)
                0x0000000000017a64                __strnlen
                0x0000000000017a64                strnlen
                0x0000000000017a64                __GI___strnlen
                0x0000000000017a64                __GI_strnlen
 .text          0x0000000000017b20      0x454 /home/joelphilip/Documents/C2S/Trisul32/trisul32_buildroot-master/buildroot/output/build/glibc-2.36-81-g4f4d7a13edfd2fdc57c9d76e1fd6d017fb47550c/build/libc_pic.a(wordcopy.os)
                0x0000000000017b20                _wordcopy_fwd_aligned
                0x0000000000017c40                _wordcopy_fwd_dest_aligned
                0x0000000000017d48                _wordcopy_bwd_aligned
                0x0000000000017e6c                _wordcopy_bwd_dest_aligned
 .text          0x0000000000017f74       0x50 /home/joelphilip/Documents/C2S/Trisul32/trisul32_buildroot-master/buildroot/output/build/glibc-2.36-81-g4f4d7a13edfd2fdc57c9d76e1fd6d017fb47550c/build/libc_pic.a(closedir.os)
                0x0000000000017f74                __closedir
                0x0000000000017f74                closedir
 .text          0x0000000000017fc4       0xb0 /home/joelphilip/Documents/C2S/Trisul32/trisul32_buildroot-master/buildroot/output/build/glibc-2.36-81-g4f4d7a13edfd2fdc57c9d76e1fd6d017fb47550c/build/libc_pic.a(rewinddir.os)
                0x0000000000017fc4                rewinddir
                0x0000000000017fc4                __rewinddir
                0x0000000000017fc4                __GI___rewinddir
 .text          0x0000000000018074      0x134 /home/joelphilip/Documents/C2S/Trisul32/trisul32_buildroot-master/buildroot/output/build/glibc-2.36-81-g4f4d7a13edfd2fdc57c9d76e1fd6d017fb47550c/build/libc_pic.a(readdir64.os)
                0x0000000000018074                readdir
                0x0000000000018074                __readdir64
                0x0000000000018074                __readdir
                0x0000000000018074                __GI___readdir64
                0x0000000000018074                readdir64
 .text          0x00000000000181a8       0xc0 /home/joelphilip/Documents/C2S/Trisul32/trisul32_buildroot-master/buildroot/output/build/glibc-2.36-81-g4f4d7a13edfd2fdc57c9d76e1fd6d017fb47550c/build/libc_pic.a(fdopendir.os)
                0x00000000000181a8                fdopendir
                0x00000000000181a8                __fdopendir
 .text          0x0000000000018268       0x1c /home/joelphilip/Documents/C2S/Trisul32/trisul32_buildroot-master/buildroot/output/build/glibc-2.36-81-g4f4d7a13edfd2fdc57c9d76e1fd6d017fb47550c/build/libc_pic.a(uname.os)
                0x0000000000018268                uname
                0x0000000000018268                __GI_uname
                0x0000000000018268                __uname
                0x0000000000018268                __GI___uname
 .text          0x0000000000018284       0x54 /home/joelphilip/Documents/C2S/Trisul32/trisul32_buildroot-master/buildroot/output/build/glibc-2.36-81-g4f4d7a13edfd2fdc57c9d76e1fd6d017fb47550c/build/libc_pic.a(_exit.os)
                0x0000000000018284                _Exit
                0x0000000000018284                __GI__exit
                0x0000000000018284                _exit
 .text          0x00000000000182d8        0xc /home/joelphilip/Documents/C2S/Trisul32/trisul32_buildroot-master/buildroot/output/build/glibc-2.36-81-g4f4d7a13edfd2fdc57c9d76e1fd6d017fb47550c/build/libc_pic.a(getpid.os)
                0x00000000000182d8                __getpid
                0x00000000000182d8                getpid
                0x00000000000182d8                __GI_getpid
                0x00000000000182d8                __GI___getpid
 .text          0x00000000000182e4        0x0 /home/joelphilip/Documents/C2S/Trisul32/trisul32_buildroot-master/buildroot/output/build/glibc-2.36-81-g4f4d7a13edfd2fdc57c9d76e1fd6d017fb47550c/build/libc_pic.a(environ.os)
 .text          0x00000000000182e4       0x18 /home/joelphilip/Documents/C2S/Trisul32/trisul32_buildroot-master/buildroot/output/build/glibc-2.36-81-g4f4d7a13edfd2fdc57c9d76e1fd6d017fb47550c/build/libc_pic.a(stat64.os)
                0x00000000000182e4                stat64
                0x00000000000182e4                __stat
                0x00000000000182e4                __stat64
                0x00000000000182e4                stat
                0x00000000000182e4                __GI___stat64
 .text          0x00000000000182fc       0x38 /home/joelphilip/Documents/C2S/Trisul32/trisul32_buildroot-master/buildroot/output/build/glibc-2.36-81-g4f4d7a13edfd2fdc57c9d76e1fd6d017fb47550c/build/libc_pic.a(fstat64.os)
                0x00000000000182fc                __GI___fstat64
                0x00000000000182fc                fstat64
                0x00000000000182fc                fstat
                0x00000000000182fc                __fstat64
                0x00000000000182fc                __fstat
 .text          0x0000000000018334       0x18 /home/joelphilip/Documents/C2S/Trisul32/trisul32_buildroot-master/buildroot/output/build/glibc-2.36-81-g4f4d7a13edfd2fdc57c9d76e1fd6d017fb47550c/build/libc_pic.a(lstat64.os)
                0x0000000000018334                __lstat64
                0x0000000000018334                lstat
                0x0000000000018334                lstat64
                0x0000000000018334                __GI___lstat64
                0x0000000000018334                __lstat
 .text          0x000000000001834c      0x214 /home/joelphilip/Documents/C2S/Trisul32/trisul32_buildroot-master/buildroot/output/build/glibc-2.36-81-g4f4d7a13edfd2fdc57c9d76e1fd6d017fb47550c/build/libc_pic.a(fstatat64.os)
                0x000000000001834c                fstatat
                0x000000000001834c                __fstatat
                0x000000000001834c                fstatat64
                0x000000000001834c                __fstatat64
                0x000000000001834c                __GI___fstatat
                0x000000000001834c                __GI___fstatat64
 .text          0x0000000000018560      0x100 /home/joelphilip/Documents/C2S/Trisul32/trisul32_buildroot-master/buildroot/output/build/glibc-2.36-81-g4f4d7a13edfd2fdc57c9d76e1fd6d017fb47550c/build/libc_pic.a(openat64.os)
                0x0000000000018560                __openat64
                0x0000000000018560                __GI___openat
                0x0000000000018560                __GI___openat64
                0x0000000000018560                __libc_openat64
                0x0000000000018560                __openat
                0x0000000000018560                openat
 .text          0x0000000000018660       0x5c /home/joelphilip/Documents/C2S/Trisul32/trisul32_buildroot-master/buildroot/output/build/glibc-2.36-81-g4f4d7a13edfd2fdc57c9d76e1fd6d017fb47550c/build/libc_pic.a(lseek64.os)
                0x0000000000018660                __GI___lseek
                0x0000000000018660                __lseek64
                0x0000000000018660                lseek
                0x0000000000018660                __libc_lseek64
                0x0000000000018660                __lseek
                0x0000000000018660                __libc_lseek
                0x0000000000018660                lseek64
 .text          0x00000000000186bc       0x3c /home/joelphilip/Documents/C2S/Trisul32/trisul32_buildroot-master/buildroot/output/build/glibc-2.36-81-g4f4d7a13edfd2fdc57c9d76e1fd6d017fb47550c/build/libc_pic.a(access.os)
                0x00000000000186bc                __GI___access
                0x00000000000186bc                access
                0x00000000000186bc                __access
 .text          0x00000000000186f8       0x2c /home/joelphilip/Documents/C2S/Trisul32/trisul32_buildroot-master/buildroot/output/build/glibc-2.36-81-g4f4d7a13edfd2fdc57c9d76e1fd6d017fb47550c/build/libc_pic.a(close_nocancel.os)
                0x00000000000186f8                __GI___close_nocancel
                0x00000000000186f8                __close_nocancel
 .text          0x0000000000018724       0xc8 /home/joelphilip/Documents/C2S/Trisul32/trisul32_buildroot-master/buildroot/output/build/glibc-2.36-81-g4f4d7a13edfd2fdc57c9d76e1fd6d017fb47550c/build/libc_pic.a(fcntl_nocancel.os)
                0x0000000000018724                __fcntl64_nocancel_adjusted
                0x00000000000187b0                __fcntl64_nocancel
                0x00000000000187b0                __GI___fcntl64_nocancel
 .text          0x00000000000187ec       0x84 /home/joelphilip/Documents/C2S/Trisul32/trisul32_buildroot-master/buildroot/output/build/glibc-2.36-81-g4f4d7a13edfd2fdc57c9d76e1fd6d017fb47550c/build/libc_pic.a(open64_nocancel.os)
                0x00000000000187ec                __GI___open_nocancel
                0x00000000000187ec                __open_nocancel
                0x00000000000187ec                __GI___open64_nocancel
                0x00000000000187ec                __open64_nocancel
 .text          0x0000000000018870       0x2c /home/joelphilip/Documents/C2S/Trisul32/trisul32_buildroot-master/buildroot/output/build/glibc-2.36-81-g4f4d7a13edfd2fdc57c9d76e1fd6d017fb47550c/build/libc_pic.a(read_nocancel.os)
                0x0000000000018870                __read_nocancel
                0x0000000000018870                __GI___read_nocancel
 .text          0x000000000001889c       0x2c /home/joelphilip/Documents/C2S/Trisul32/trisul32_buildroot-master/buildroot/output/build/glibc-2.36-81-g4f4d7a13edfd2fdc57c9d76e1fd6d017fb47550c/build/libc_pic.a(pread64_nocancel.os)
                0x000000000001889c                __GI___pread64_nocancel
                0x000000000001889c                __pread64_nocancel
 .text          0x00000000000188c8       0x2c /home/joelphilip/Documents/C2S/Trisul32/trisul32_buildroot-master/buildroot/output/build/glibc-2.36-81-g4f4d7a13edfd2fdc57c9d76e1fd6d017fb47550c/build/libc_pic.a(write_nocancel.os)
                0x00000000000188c8                __GI___write_nocancel
                0x00000000000188c8                __write_nocancel
 .text          0x00000000000188f4       0x58 /home/joelphilip/Documents/C2S/Trisul32/trisul32_buildroot-master/buildroot/output/build/glibc-2.36-81-g4f4d7a13edfd2fdc57c9d76e1fd6d017fb47550c/build/libc_pic.a(mmap64.os)
                0x00000000000188f4                __GI___mmap
                0x00000000000188f4                __mmap
                0x00000000000188f4                mmap
                0x00000000000188f4                __GI___mmap64
                0x00000000000188f4                __mmap64
                0x00000000000188f4                mmap64
 .text          0x000000000001894c       0x1c /home/joelphilip/Documents/C2S/Trisul32/trisul32_buildroot-master/buildroot/output/build/glibc-2.36-81-g4f4d7a13edfd2fdc57c9d76e1fd6d017fb47550c/build/libc_pic.a(munmap.os)
                0x000000000001894c                munmap
                0x000000000001894c                __GI___munmap
                0x000000000001894c                __GI_munmap
                0x000000000001894c                __munmap
 .text          0x0000000000018968       0x1c /home/joelphilip/Documents/C2S/Trisul32/trisul32_buildroot-master/buildroot/output/build/glibc-2.36-81-g4f4d7a13edfd2fdc57c9d76e1fd6d017fb47550c/build/libc_pic.a(mprotect.os)
                0x0000000000018968                __mprotect
                0x0000000000018968                __GI___mprotect
                0x0000000000018968                __GI_mprotect
                0x0000000000018968                mprotect
 .text          0x0000000000018984       0x70 /home/joelphilip/Documents/C2S/Trisul32/trisul32_buildroot-master/buildroot/output/build/glibc-2.36-81-g4f4d7a13edfd2fdc57c9d76e1fd6d017fb47550c/build/libc_pic.a(makedev.os)
                0x0000000000018984                gnu_dev_major
                0x0000000000018984                __GI_gnu_dev_major
                0x0000000000018984                __gnu_dev_major
                0x000000000001899c                __GI_gnu_dev_minor
                0x000000000001899c                gnu_dev_minor
                0x000000000001899c                __gnu_dev_minor
                0x00000000000189b8                __GI_gnu_dev_makedev
                0x00000000000189b8                gnu_dev_makedev
                0x00000000000189b8                __gnu_dev_makedev
 .text          0x00000000000189f4       0x98 /home/joelphilip/Documents/C2S/Trisul32/trisul32_buildroot-master/buildroot/output/build/glibc-2.36-81-g4f4d7a13edfd2fdc57c9d76e1fd6d017fb47550c/build/libc_pic.a(atomic_wide_counter.os)
                0x00000000000189f4                __atomic_wide_counter_fetch_add_relaxed
                0x0000000000018a48                __atomic_wide_counter_load_relaxed
 .text          0x0000000000018a8c      0x210 /home/joelphilip/Documents/C2S/Trisul32/trisul32_buildroot-master/buildroot/output/build/glibc-2.36-81-g4f4d7a13edfd2fdc57c9d76e1fd6d017fb47550c/build/libc_pic.a(profil.os)
                0x0000000000018ae0                __profil
                0x0000000000018ae0                profil
 .text          0x0000000000018c9c       0x10 /home/joelphilip/Documents/C2S/Trisul32/trisul32_buildroot-master/buildroot/output/build/glibc-2.36-81-g4f4d7a13edfd2fdc57c9d76e1fd6d017fb47550c/build/libc_pic.a(prof-freq.os)
                0x0000000000018c9c                __GI___profile_frequency
                0x0000000000018c9c                __profile_frequency
 .text          0x0000000000018cac       0x50 /home/joelphilip/Documents/C2S/Trisul32/trisul32_buildroot-master/buildroot/output/build/glibc-2.36-81-g4f4d7a13edfd2fdc57c9d76e1fd6d017fb47550c/build/libc_pic.a(dl-addr-obj.os)
                0x0000000000018cac                _dl_addr_inside_object
 .text          0x0000000000018cfc       0x28 /home/joelphilip/Documents/C2S/Trisul32/trisul32_buildroot-master/buildroot/output/build/glibc-2.36-81-g4f4d7a13edfd2fdc57c9d76e1fd6d017fb47550c/build/libc_pic.a(sysdep.os)
                0x0000000000018cfc                __syscall_error
                0x0000000000018d00                __syscall_set_errno
 .text          0x0000000000018d24       0x3c /home/joelphilip/Documents/C2S/Trisul32/trisul32_buildroot-master/buildroot/output/build/glibc-2.36-81-g4f4d7a13edfd2fdc57c9d76e1fd6d017fb47550c/build/libc_pic.a(sigaction.os)
                0x0000000000018d24                sigaction
                0x0000000000018d24                __GI___sigaction
                0x0000000000018d24                __sigaction
 .text          0x0000000000018d60       0xdc /home/joelphilip/Documents/C2S/Trisul32/trisul32_buildroot-master/buildroot/output/build/glibc-2.36-81-g4f4d7a13edfd2fdc57c9d76e1fd6d017fb47550c/build/libc_pic.a(libc_sigaction.os)
                0x0000000000018d60                __libc_sigaction
                0x0000000000018d60                __GI___libc_sigaction
 .text          0x0000000000018e3c       0x40 /home/joelphilip/Documents/C2S/Trisul32/trisul32_buildroot-master/buildroot/output/build/glibc-2.36-81-g4f4d7a13edfd2fdc57c9d76e1fd6d017fb47550c/build/libc_pic.a(errname.os)
                0x0000000000018e3c                __get_errname
 .text          0x0000000000018e7c       0xb0 /home/joelphilip/Documents/C2S/Trisul32/trisul32_buildroot-master/buildroot/output/build/glibc-2.36-81-g4f4d7a13edfd2fdc57c9d76e1fd6d017fb47550c/build/libc_pic.a(strchrnul.os)
                0x0000000000018e7c                __strchrnul
                0x0000000000018e7c                strchrnul
 .text          0x0000000000018f2c       0xec /home/joelphilip/Documents/C2S/Trisul32/trisul32_buildroot-master/buildroot/output/build/glibc-2.36-81-g4f4d7a13edfd2fdc57c9d76e1fd6d017fb47550c/build/libc_pic.a(setitimer.os)
                0x0000000000018f2c                setitimer
                0x0000000000018f2c                __setitimer
 .text          0x0000000000019018       0x3c /home/joelphilip/Documents/C2S/Trisul32/trisul32_buildroot-master/buildroot/output/build/glibc-2.36-81-g4f4d7a13edfd2fdc57c9d76e1fd6d017fb47550c/build/libc_pic.a(getdents64.os)
                0x0000000000019018                __getdents
                0x0000000000019018                __GI___getdents64
                0x0000000000019018                getdents64
                0x0000000000019018                __getdents64
 .text          0x0000000000019054       0x38 /home/joelphilip/Documents/C2S/Trisul32/trisul32_buildroot-master/buildroot/output/host/lib/gcc/riscv32-buildroot-linux-gnu/11.4.0/libgcc.a(_lshrdi3.o)
                0x0000000000019054                __lshrdi3
 .text          0x000000000001908c       0x38 /home/joelphilip/Documents/C2S/Trisul32/trisul32_buildroot-master/buildroot/output/host/lib/gcc/riscv32-buildroot-linux-gnu/11.4.0/libgcc.a(_ashldi3.o)
                0x000000000001908c                __ashldi3
 .text          0x00000000000190c4      0x430 /home/joelphilip/Documents/C2S/Trisul32/trisul32_buildroot-master/buildroot/output/host/lib/gcc/riscv32-buildroot-linux-gnu/11.4.0/libgcc.a(_udivdi3.o)
                0x00000000000190c4                __udivdi3
 .text          0x00000000000194f4      0x3e4 /home/joelphilip/Documents/C2S/Trisul32/trisul32_buildroot-master/buildroot/output/host/lib/gcc/riscv32-buildroot-linux-gnu/11.4.0/libgcc.a(_umoddi3.o)
                0x00000000000194f4                __umoddi3
 .text          0x00000000000198d8        0x0 /home/joelphilip/Documents/C2S/Trisul32/trisul32_buildroot-master/buildroot/output/host/lib/gcc/riscv32-buildroot-linux-gnu/11.4.0/libgcc.a(_clz.o)
 *(.gnu.warning)

.text.compat    0x0000000000000000        0x4
 .text.compat   0x0000000000000000        0x4 /home/joelphilip/Documents/C2S/Trisul32/trisul32_buildroot-master/buildroot/output/build/glibc-2.36-81-g4f4d7a13edfd2fdc57c9d76e1fd6d017fb47550c/build/elf/dl-allobjs.os
                0x0000000000000000                __rtld_version_placeholder_1
                0x0000000000000000                __rtld_version_placeholder@GLIBC_2.34

.fini
 *(SORT_NONE(.fini))

.rodata         0x0000000000000000     0x1234
 *(.rodata)
 .rodata        0x0000000000000000      0xb96 /home/joelphilip/Documents/C2S/Trisul32/trisul32_buildroot-master/buildroot/output/build/glibc-2.36-81-g4f4d7a13edfd2fdc57c9d76e1fd6d017fb47550c/build/elf/dl-allobjs.os
 *fill*         0x0000000000000b96        0x2 
 .rodata        0x0000000000000b98       0x38 /home/joelphilip/Documents/C2S/Trisul32/trisul32_buildroot-master/buildroot/output/build/glibc-2.36-81-g4f4d7a13edfd2fdc57c9d76e1fd6d017fb47550c/build/libc_pic.a(wordcopy.os)
 .rodata        0x0000000000000bd0      0x561 /home/joelphilip/Documents/C2S/Trisul32/trisul32_buildroot-master/buildroot/output/build/glibc-2.36-81-g4f4d7a13edfd2fdc57c9d76e1fd6d017fb47550c/build/libc_pic.a(errname.os)
 *fill*         0x0000000000001131        0x3 
 .rodata        0x0000000000001134      0x100 /home/joelphilip/Documents/C2S/Trisul32/trisul32_buildroot-master/buildroot/output/host/lib/gcc/riscv32-buildroot-linux-gnu/11.4.0/libgcc.a(_clz.o)
                0x0000000000001134                __clz_tab

.rodata.str1.4  0x0000000000000000     0x42cd
 .rodata.str1.4
                0x0000000000000000     0x4279 /home/joelphilip/Documents/C2S/Trisul32/trisul32_buildroot-master/buildroot/output/build/glibc-2.36-81-g4f4d7a13edfd2fdc57c9d76e1fd6d017fb47550c/build/elf/dl-allobjs.os
                0x000000000000277c                _dl_hwcaps_subdirs
                0x0000000000002990                __GI__itoa_lower_digits
                0x0000000000002990                _itoa_lower_digits
 *fill*         0x0000000000004279        0x3 
 .rodata.str1.4
                0x000000000000427c       0x16 /home/joelphilip/Documents/C2S/Trisul32/trisul32_buildroot-master/buildroot/output/build/glibc-2.36-81-g4f4d7a13edfd2fdc57c9d76e1fd6d017fb47550c/build/libc_pic.a(check_fds.os)
 *fill*         0x0000000000004292        0x2 
 .rodata.str1.4
                0x0000000000004294       0x37 /home/joelphilip/Documents/C2S/Trisul32/trisul32_buildroot-master/buildroot/output/build/glibc-2.36-81-g4f4d7a13edfd2fdc57c9d76e1fd6d017fb47550c/build/libc_pic.a(lowlevellock.os)
 *fill*         0x00000000000042cb        0x1 
 .rodata.str1.4
                0x00000000000042cc        0x1 /home/joelphilip/Documents/C2S/Trisul32/trisul32_buildroot-master/buildroot/output/build/glibc-2.36-81-g4f4d7a13edfd2fdc57c9d76e1fd6d017fb47550c/build/libc_pic.a(fstat64.os)

.rodata.cst4    0x0000000000000000        0x8
 .rodata.cst4   0x0000000000000000        0x8 /home/joelphilip/Documents/C2S/Trisul32/trisul32_buildroot-master/buildroot/output/build/glibc-2.36-81-g4f4d7a13edfd2fdc57c9d76e1fd6d017fb47550c/build/elf/dl-allobjs.os
                0x0000000000000004                __rseq_flags

.rodata1
 *(.rodata1)

.sdata2
 *(.sdata2)

.sbss2
 *(.sbss2)

.eh_frame_hdr
 *(.eh_frame_hdr)

.eh_frame       0x0000000000000000      0x3c8
 *(.eh_frame)
 .eh_frame      0x0000000000000000      0x224 /home/joelphilip/Documents/C2S/Trisul32/trisul32_buildroot-master/buildroot/output/build/glibc-2.36-81-g4f4d7a13edfd2fdc57c9d76e1fd6d017fb47550c/build/elf/dl-allobjs.os
 .eh_frame      0x0000000000000224       0x50 /home/joelphilip/Documents/C2S/Trisul32/trisul32_buildroot-master/buildroot/output/build/glibc-2.36-81-g4f4d7a13edfd2fdc57c9d76e1fd6d017fb47550c/build/libc_pic.a(setjmp.os)
 .eh_frame      0x0000000000000274       0x28 /home/joelphilip/Documents/C2S/Trisul32/trisul32_buildroot-master/buildroot/output/build/glibc-2.36-81-g4f4d7a13edfd2fdc57c9d76e1fd6d017fb47550c/build/libc_pic.a(__longjmp.os)
 .eh_frame      0x000000000000029c       0x28 /home/joelphilip/Documents/C2S/Trisul32/trisul32_buildroot-master/buildroot/output/build/glibc-2.36-81-g4f4d7a13edfd2fdc57c9d76e1fd6d017fb47550c/build/libc_pic.a(uname.os)
 .eh_frame      0x00000000000002c4       0x28 /home/joelphilip/Documents/C2S/Trisul32/trisul32_buildroot-master/buildroot/output/build/glibc-2.36-81-g4f4d7a13edfd2fdc57c9d76e1fd6d017fb47550c/build/libc_pic.a(getpid.os)
 .eh_frame      0x00000000000002ec       0x28 /home/joelphilip/Documents/C2S/Trisul32/trisul32_buildroot-master/buildroot/output/build/glibc-2.36-81-g4f4d7a13edfd2fdc57c9d76e1fd6d017fb47550c/build/libc_pic.a(munmap.os)
 .eh_frame      0x0000000000000314       0x28 /home/joelphilip/Documents/C2S/Trisul32/trisul32_buildroot-master/buildroot/output/build/glibc-2.36-81-g4f4d7a13edfd2fdc57c9d76e1fd6d017fb47550c/build/libc_pic.a(mprotect.os)
 .eh_frame      0x000000000000033c       0x3c /home/joelphilip/Documents/C2S/Trisul32/trisul32_buildroot-master/buildroot/output/build/glibc-2.36-81-g4f4d7a13edfd2fdc57c9d76e1fd6d017fb47550c/build/libc_pic.a(sysdep.os)
 .eh_frame      0x0000000000000378       0x28 /home/joelphilip/Documents/C2S/Trisul32/trisul32_buildroot-master/buildroot/output/host/lib/gcc/riscv32-buildroot-linux-gnu/11.4.0/libgcc.a(_udivdi3.o)
 .eh_frame      0x00000000000003a0       0x28 /home/joelphilip/Documents/C2S/Trisul32/trisul32_buildroot-master/buildroot/output/host/lib/gcc/riscv32-buildroot-linux-gnu/11.4.0/libgcc.a(_umoddi3.o)

.gcc_except_table
 *(.gcc_except_table)

.gnu_extab
 *(.gnu_extab*)

.exception_ranges
 *(.exception_ranges)

.eh_frame
 *(.eh_frame)

.gnu_extab
 *(.gnu_extab)

.gcc_except_table
 *(.gcc_except_table)

.exception_ranges
 *(.exception_ranges)

.tdata
 *(.tdata)

.tbss           0x0000000000000000        0x4
 *(.tbss)
 .tbss          0x0000000000000000        0x4 /home/joelphilip/Documents/C2S/Trisul32/trisul32_buildroot-master/buildroot/output/build/glibc-2.36-81-g4f4d7a13edfd2fdc57c9d76e1fd6d017fb47550c/build/libc_pic.a(errno.os)
                0x0000000000000000                errno
                0x0000000000000000                __libc_errno

.jcr
 *(.jcr)

.dynamic
 *(.dynamic)

.data           0x0000000000000000        0x0
 *(.data)
 .data          0x0000000000000000        0x0 /home/joelphilip/Documents/C2S/Trisul32/trisul32_buildroot-master/buildroot/output/build/glibc-2.36-81-g4f4d7a13edfd2fdc57c9d76e1fd6d017fb47550c/build/elf/librtld.mapT.o
 .data          0x0000000000000000        0x0 /home/joelphilip/Documents/C2S/Trisul32/trisul32_buildroot-master/buildroot/output/build/glibc-2.36-81-g4f4d7a13edfd2fdc57c9d76e1fd6d017fb47550c/build/elf/dl-allobjs.os
 .data          0x0000000000000000        0x0 /home/joelphilip/Documents/C2S/Trisul32/trisul32_buildroot-master/buildroot/output/build/glibc-2.36-81-g4f4d7a13edfd2fdc57c9d76e1fd6d017fb47550c/build/libc_pic.a(check_fds.os)
 .data          0x0000000000000000        0x0 /home/joelphilip/Documents/C2S/Trisul32/trisul32_buildroot-master/buildroot/output/build/glibc-2.36-81-g4f4d7a13edfd2fdc57c9d76e1fd6d017fb47550c/build/libc_pic.a(errno.os)
 .data          0x0000000000000000        0x0 /home/joelphilip/Documents/C2S/Trisul32/trisul32_buildroot-master/buildroot/output/build/glibc-2.36-81-g4f4d7a13edfd2fdc57c9d76e1fd6d017fb47550c/build/libc_pic.a(setjmp.os)
 .data          0x0000000000000000        0x0 /home/joelphilip/Documents/C2S/Trisul32/trisul32_buildroot-master/buildroot/output/build/glibc-2.36-81-g4f4d7a13edfd2fdc57c9d76e1fd6d017fb47550c/build/libc_pic.a(__longjmp.os)
 .data          0x0000000000000000        0x0 /home/joelphilip/Documents/C2S/Trisul32/trisul32_buildroot-master/buildroot/output/build/glibc-2.36-81-g4f4d7a13edfd2fdc57c9d76e1fd6d017fb47550c/build/libc_pic.a(lowlevellock.os)
 .data          0x0000000000000000        0x0 /home/joelphilip/Documents/C2S/Trisul32/trisul32_buildroot-master/buildroot/output/build/glibc-2.36-81-g4f4d7a13edfd2fdc57c9d76e1fd6d017fb47550c/build/libc_pic.a(scratch_buffer_set_array_size.os)
 .data          0x0000000000000000        0x0 /home/joelphilip/Documents/C2S/Trisul32/trisul32_buildroot-master/buildroot/output/build/glibc-2.36-81-g4f4d7a13edfd2fdc57c9d76e1fd6d017fb47550c/build/libc_pic.a(memchr.os)
 .data          0x0000000000000000        0x0 /home/joelphilip/Documents/C2S/Trisul32/trisul32_buildroot-master/buildroot/output/build/glibc-2.36-81-g4f4d7a13edfd2fdc57c9d76e1fd6d017fb47550c/build/libc_pic.a(memcmp.os)
 .data          0x0000000000000000        0x0 /home/joelphilip/Documents/C2S/Trisul32/trisul32_buildroot-master/buildroot/output/build/glibc-2.36-81-g4f4d7a13edfd2fdc57c9d76e1fd6d017fb47550c/build/libc_pic.a(memcpy.os)
 .data          0x0000000000000000        0x0 /home/joelphilip/Documents/C2S/Trisul32/trisul32_buildroot-master/buildroot/output/build/glibc-2.36-81-g4f4d7a13edfd2fdc57c9d76e1fd6d017fb47550c/build/libc_pic.a(memmove.os)
 .data          0x0000000000000000        0x0 /home/joelphilip/Documents/C2S/Trisul32/trisul32_buildroot-master/buildroot/output/build/glibc-2.36-81-g4f4d7a13edfd2fdc57c9d76e1fd6d017fb47550c/build/libc_pic.a(memset.os)
 .data          0x0000000000000000        0x0 /home/joelphilip/Documents/C2S/Trisul32/trisul32_buildroot-master/buildroot/output/build/glibc-2.36-81-g4f4d7a13edfd2fdc57c9d76e1fd6d017fb47550c/build/libc_pic.a(rawmemchr.os)
 .data          0x0000000000000000        0x0 /home/joelphilip/Documents/C2S/Trisul32/trisul32_buildroot-master/buildroot/output/build/glibc-2.36-81-g4f4d7a13edfd2fdc57c9d76e1fd6d017fb47550c/build/libc_pic.a(stpcpy.os)
 .data          0x0000000000000000        0x0 /home/joelphilip/Documents/C2S/Trisul32/trisul32_buildroot-master/buildroot/output/build/glibc-2.36-81-g4f4d7a13edfd2fdc57c9d76e1fd6d017fb47550c/build/libc_pic.a(strchr.os)
 .data          0x0000000000000000        0x0 /home/joelphilip/Documents/C2S/Trisul32/trisul32_buildroot-master/buildroot/output/build/glibc-2.36-81-g4f4d7a13edfd2fdc57c9d76e1fd6d017fb47550c/build/libc_pic.a(strcmp.os)
 .data          0x0000000000000000        0x0 /home/joelphilip/Documents/C2S/Trisul32/trisul32_buildroot-master/buildroot/output/build/glibc-2.36-81-g4f4d7a13edfd2fdc57c9d76e1fd6d017fb47550c/build/libc_pic.a(strcpy.os)
 .data          0x0000000000000000        0x0 /home/joelphilip/Documents/C2S/Trisul32/trisul32_buildroot-master/buildroot/output/build/glibc-2.36-81-g4f4d7a13edfd2fdc57c9d76e1fd6d017fb47550c/build/libc_pic.a(strcspn.os)
 .data          0x0000000000000000        0x0 /home/joelphilip/Documents/C2S/Trisul32/trisul32_buildroot-master/buildroot/output/build/glibc-2.36-81-g4f4d7a13edfd2fdc57c9d76e1fd6d017fb47550c/build/libc_pic.a(strdup.os)
 .data          0x0000000000000000        0x0 /home/joelphilip/Documents/C2S/Trisul32/trisul32_buildroot-master/buildroot/output/build/glibc-2.36-81-g4f4d7a13edfd2fdc57c9d76e1fd6d017fb47550c/build/libc_pic.a(strerrorname_np.os)
 .data          0x0000000000000000        0x0 /home/joelphilip/Documents/C2S/Trisul32/trisul32_buildroot-master/buildroot/output/build/glibc-2.36-81-g4f4d7a13edfd2fdc57c9d76e1fd6d017fb47550c/build/libc_pic.a(strlen.os)
 .data          0x0000000000000000        0x0 /home/joelphilip/Documents/C2S/Trisul32/trisul32_buildroot-master/buildroot/output/build/glibc-2.36-81-g4f4d7a13edfd2fdc57c9d76e1fd6d017fb47550c/build/libc_pic.a(strncmp.os)
 .data          0x0000000000000000        0x0 /home/joelphilip/Documents/C2S/Trisul32/trisul32_buildroot-master/buildroot/output/build/glibc-2.36-81-g4f4d7a13edfd2fdc57c9d76e1fd6d017fb47550c/build/libc_pic.a(strnlen.os)
 .data          0x0000000000000000        0x0 /home/joelphilip/Documents/C2S/Trisul32/trisul32_buildroot-master/buildroot/output/build/glibc-2.36-81-g4f4d7a13edfd2fdc57c9d76e1fd6d017fb47550c/build/libc_pic.a(wordcopy.os)
 .data          0x0000000000000000        0x0 /home/joelphilip/Documents/C2S/Trisul32/trisul32_buildroot-master/buildroot/output/build/glibc-2.36-81-g4f4d7a13edfd2fdc57c9d76e1fd6d017fb47550c/build/libc_pic.a(closedir.os)
 .data          0x0000000000000000        0x0 /home/joelphilip/Documents/C2S/Trisul32/trisul32_buildroot-master/buildroot/output/build/glibc-2.36-81-g4f4d7a13edfd2fdc57c9d76e1fd6d017fb47550c/build/libc_pic.a(rewinddir.os)
 .data          0x0000000000000000        0x0 /home/joelphilip/Documents/C2S/Trisul32/trisul32_buildroot-master/buildroot/output/build/glibc-2.36-81-g4f4d7a13edfd2fdc57c9d76e1fd6d017fb47550c/build/libc_pic.a(readdir64.os)
 .data          0x0000000000000000        0x0 /home/joelphilip/Documents/C2S/Trisul32/trisul32_buildroot-master/buildroot/output/build/glibc-2.36-81-g4f4d7a13edfd2fdc57c9d76e1fd6d017fb47550c/build/libc_pic.a(fdopendir.os)
 .data          0x0000000000000000        0x0 /home/joelphilip/Documents/C2S/Trisul32/trisul32_buildroot-master/buildroot/output/build/glibc-2.36-81-g4f4d7a13edfd2fdc57c9d76e1fd6d017fb47550c/build/libc_pic.a(uname.os)
 .data          0x0000000000000000        0x0 /home/joelphilip/Documents/C2S/Trisul32/trisul32_buildroot-master/buildroot/output/build/glibc-2.36-81-g4f4d7a13edfd2fdc57c9d76e1fd6d017fb47550c/build/libc_pic.a(_exit.os)
 .data          0x0000000000000000        0x0 /home/joelphilip/Documents/C2S/Trisul32/trisul32_buildroot-master/buildroot/output/build/glibc-2.36-81-g4f4d7a13edfd2fdc57c9d76e1fd6d017fb47550c/build/libc_pic.a(getpid.os)
 .data          0x0000000000000000        0x0 /home/joelphilip/Documents/C2S/Trisul32/trisul32_buildroot-master/buildroot/output/build/glibc-2.36-81-g4f4d7a13edfd2fdc57c9d76e1fd6d017fb47550c/build/libc_pic.a(environ.os)
 .data          0x0000000000000000        0x0 /home/joelphilip/Documents/C2S/Trisul32/trisul32_buildroot-master/buildroot/output/build/glibc-2.36-81-g4f4d7a13edfd2fdc57c9d76e1fd6d017fb47550c/build/libc_pic.a(stat64.os)
 .data          0x0000000000000000        0x0 /home/joelphilip/Documents/C2S/Trisul32/trisul32_buildroot-master/buildroot/output/build/glibc-2.36-81-g4f4d7a13edfd2fdc57c9d76e1fd6d017fb47550c/build/libc_pic.a(fstat64.os)
 .data          0x0000000000000000        0x0 /home/joelphilip/Documents/C2S/Trisul32/trisul32_buildroot-master/buildroot/output/build/glibc-2.36-81-g4f4d7a13edfd2fdc57c9d76e1fd6d017fb47550c/build/libc_pic.a(lstat64.os)
 .data          0x0000000000000000        0x0 /home/joelphilip/Documents/C2S/Trisul32/trisul32_buildroot-master/buildroot/output/build/glibc-2.36-81-g4f4d7a13edfd2fdc57c9d76e1fd6d017fb47550c/build/libc_pic.a(fstatat64.os)
 .data          0x0000000000000000        0x0 /home/joelphilip/Documents/C2S/Trisul32/trisul32_buildroot-master/buildroot/output/build/glibc-2.36-81-g4f4d7a13edfd2fdc57c9d76e1fd6d017fb47550c/build/libc_pic.a(openat64.os)
 .data          0x0000000000000000        0x0 /home/joelphilip/Documents/C2S/Trisul32/trisul32_buildroot-master/buildroot/output/build/glibc-2.36-81-g4f4d7a13edfd2fdc57c9d76e1fd6d017fb47550c/build/libc_pic.a(lseek64.os)
 .data          0x0000000000000000        0x0 /home/joelphilip/Documents/C2S/Trisul32/trisul32_buildroot-master/buildroot/output/build/glibc-2.36-81-g4f4d7a13edfd2fdc57c9d76e1fd6d017fb47550c/build/libc_pic.a(access.os)
 .data          0x0000000000000000        0x0 /home/joelphilip/Documents/C2S/Trisul32/trisul32_buildroot-master/buildroot/output/build/glibc-2.36-81-g4f4d7a13edfd2fdc57c9d76e1fd6d017fb47550c/build/libc_pic.a(close_nocancel.os)
 .data          0x0000000000000000        0x0 /home/joelphilip/Documents/C2S/Trisul32/trisul32_buildroot-master/buildroot/output/build/glibc-2.36-81-g4f4d7a13edfd2fdc57c9d76e1fd6d017fb47550c/build/libc_pic.a(fcntl_nocancel.os)
 .data          0x0000000000000000        0x0 /home/joelphilip/Documents/C2S/Trisul32/trisul32_buildroot-master/buildroot/output/build/glibc-2.36-81-g4f4d7a13edfd2fdc57c9d76e1fd6d017fb47550c/build/libc_pic.a(open64_nocancel.os)
 .data          0x0000000000000000        0x0 /home/joelphilip/Documents/C2S/Trisul32/trisul32_buildroot-master/buildroot/output/build/glibc-2.36-81-g4f4d7a13edfd2fdc57c9d76e1fd6d017fb47550c/build/libc_pic.a(read_nocancel.os)
 .data          0x0000000000000000        0x0 /home/joelphilip/Documents/C2S/Trisul32/trisul32_buildroot-master/buildroot/output/build/glibc-2.36-81-g4f4d7a13edfd2fdc57c9d76e1fd6d017fb47550c/build/libc_pic.a(pread64_nocancel.os)
 .data          0x0000000000000000        0x0 /home/joelphilip/Documents/C2S/Trisul32/trisul32_buildroot-master/buildroot/output/build/glibc-2.36-81-g4f4d7a13edfd2fdc57c9d76e1fd6d017fb47550c/build/libc_pic.a(write_nocancel.os)
 .data          0x0000000000000000        0x0 /home/joelphilip/Documents/C2S/Trisul32/trisul32_buildroot-master/buildroot/output/build/glibc-2.36-81-g4f4d7a13edfd2fdc57c9d76e1fd6d017fb47550c/build/libc_pic.a(mmap64.os)
 .data          0x0000000000000000        0x0 /home/joelphilip/Documents/C2S/Trisul32/trisul32_buildroot-master/buildroot/output/build/glibc-2.36-81-g4f4d7a13edfd2fdc57c9d76e1fd6d017fb47550c/build/libc_pic.a(munmap.os)
 .data          0x0000000000000000        0x0 /home/joelphilip/Documents/C2S/Trisul32/trisul32_buildroot-master/buildroot/output/build/glibc-2.36-81-g4f4d7a13edfd2fdc57c9d76e1fd6d017fb47550c/build/libc_pic.a(mprotect.os)
 .data          0x0000000000000000        0x0 /home/joelphilip/Documents/C2S/Trisul32/trisul32_buildroot-master/buildroot/output/build/glibc-2.36-81-g4f4d7a13edfd2fdc57c9d76e1fd6d017fb47550c/build/libc_pic.a(makedev.os)
 .data          0x0000000000000000        0x0 /home/joelphilip/Documents/C2S/Trisul32/trisul32_buildroot-master/buildroot/output/build/glibc-2.36-81-g4f4d7a13edfd2fdc57c9d76e1fd6d017fb47550c/build/libc_pic.a(atomic_wide_counter.os)
 .data          0x0000000000000000        0x0 /home/joelphilip/Documents/C2S/Trisul32/trisul32_buildroot-master/buildroot/output/build/glibc-2.36-81-g4f4d7a13edfd2fdc57c9d76e1fd6d017fb47550c/build/libc_pic.a(profil.os)
 .data          0x0000000000000000        0x0 /home/joelphilip/Documents/C2S/Trisul32/trisul32_buildroot-master/buildroot/output/build/glibc-2.36-81-g4f4d7a13edfd2fdc57c9d76e1fd6d017fb47550c/build/libc_pic.a(prof-freq.os)
 .data          0x0000000000000000        0x0 /home/joelphilip/Documents/C2S/Trisul32/trisul32_buildroot-master/buildroot/output/build/glibc-2.36-81-g4f4d7a13edfd2fdc57c9d76e1fd6d017fb47550c/build/libc_pic.a(dl-addr-obj.os)
 .data          0x0000000000000000        0x0 /home/joelphilip/Documents/C2S/Trisul32/trisul32_buildroot-master/buildroot/output/build/glibc-2.36-81-g4f4d7a13edfd2fdc57c9d76e1fd6d017fb47550c/build/libc_pic.a(sysdep.os)
 .data          0x0000000000000000        0x0 /home/joelphilip/Documents/C2S/Trisul32/trisul32_buildroot-master/buildroot/output/build/glibc-2.36-81-g4f4d7a13edfd2fdc57c9d76e1fd6d017fb47550c/build/libc_pic.a(sigaction.os)
 .data          0x0000000000000000        0x0 /home/joelphilip/Documents/C2S/Trisul32/trisul32_buildroot-master/buildroot/output/build/glibc-2.36-81-g4f4d7a13edfd2fdc57c9d76e1fd6d017fb47550c/build/libc_pic.a(libc_sigaction.os)
 .data          0x0000000000000000        0x0 /home/joelphilip/Documents/C2S/Trisul32/trisul32_buildroot-master/buildroot/output/build/glibc-2.36-81-g4f4d7a13edfd2fdc57c9d76e1fd6d017fb47550c/build/libc_pic.a(errname.os)
 .data          0x0000000000000000        0x0 /home/joelphilip/Documents/C2S/Trisul32/trisul32_buildroot-master/buildroot/output/build/glibc-2.36-81-g4f4d7a13edfd2fdc57c9d76e1fd6d017fb47550c/build/libc_pic.a(strchrnul.os)
 .data          0x0000000000000000        0x0 /home/joelphilip/Documents/C2S/Trisul32/trisul32_buildroot-master/buildroot/output/build/glibc-2.36-81-g4f4d7a13edfd2fdc57c9d76e1fd6d017fb47550c/build/libc_pic.a(setitimer.os)
 .data          0x0000000000000000        0x0 /home/joelphilip/Documents/C2S/Trisul32/trisul32_buildroot-master/buildroot/output/build/glibc-2.36-81-g4f4d7a13edfd2fdc57c9d76e1fd6d017fb47550c/build/libc_pic.a(getdents64.os)
 .data          0x0000000000000000        0x0 /home/joelphilip/Documents/C2S/Trisul32/trisul32_buildroot-master/buildroot/output/host/lib/gcc/riscv32-buildroot-linux-gnu/11.4.0/libgcc.a(_lshrdi3.o)
 .data          0x0000000000000000        0x0 /home/joelphilip/Documents/C2S/Trisul32/trisul32_buildroot-master/buildroot/output/host/lib/gcc/riscv32-buildroot-linux-gnu/11.4.0/libgcc.a(_ashldi3.o)
 .data          0x0000000000000000        0x0 /home/joelphilip/Documents/C2S/Trisul32/trisul32_buildroot-master/buildroot/output/host/lib/gcc/riscv32-buildroot-linux-gnu/11.4.0/libgcc.a(_udivdi3.o)
 .data          0x0000000000000000        0x0 /home/joelphilip/Documents/C2S/Trisul32/trisul32_buildroot-master/buildroot/output/host/lib/gcc/riscv32-buildroot-linux-gnu/11.4.0/libgcc.a(_umoddi3.o)
 .data          0x0000000000000000        0x0 /home/joelphilip/Documents/C2S/Trisul32/trisul32_buildroot-master/buildroot/output/host/lib/gcc/riscv32-buildroot-linux-gnu/11.4.0/libgcc.a(_clz.o)

.data.rel.ro    0x0000000000000000      0xd08
 .data.rel.ro   0x0000000000000000      0xd08 /home/joelphilip/Documents/C2S/Trisul32/trisul32_buildroot-master/buildroot/output/build/glibc-2.36-81-g4f4d7a13edfd2fdc57c9d76e1fd6d017fb47550c/build/elf/dl-allobjs.os
                0x0000000000000028                __rtld_search_dirs
                0x0000000000000030                __rtld_env_path_list
                0x0000000000000038                __stack_prot
                0x000000000000003c                __rseq_offset
                0x0000000000000040                __rseq_size
                0x0000000000000c18                __rtld_calloc
                0x0000000000000c1c                __rtld_free
                0x0000000000000c20                __rtld_malloc
                0x0000000000000c24                __rtld_realloc
                0x0000000000000c28                ___rtld_mutex_lock
                0x0000000000000c2c                ___rtld_mutex_unlock
                0x0000000000000c30                __libc_stack_end
                0x0000000000000c30                __GI___libc_stack_end
                0x0000000000000c34                __GI___libc_enable_secure
                0x0000000000000c34                __libc_enable_secure
                0x0000000000000c38                _dl_random
                0x0000000000000c40                __GI__dl_argv
                0x0000000000000c40                _dl_argv
                0x0000000000000c44                _dl_argc
                0x0000000000000c48                __pointer_chk_guard
                0x0000000000000c48                __pointer_chk_guard_local
                0x0000000000000c4c                __stack_chk_guard
                0x0000000000000c50                _rtld_global_ro
                0x0000000000000c50                _rtld_local_ro

.data.rel.ro.local
                0x0000000000000000       0x10
 .data.rel.ro.local
                0x0000000000000000       0x10 /home/joelphilip/Documents/C2S/Trisul32/trisul32_buildroot-master/buildroot/output/build/glibc-2.36-81-g4f4d7a13edfd2fdc57c9d76e1fd6d017fb47550c/build/elf/dl-allobjs.os

.data1
 *(.data1)

.got
 *(.got)

.sdata          0x0000000000000000      0x9c8
 *(.sdata)
 .sdata         0x0000000000000000      0x9c8 /home/joelphilip/Documents/C2S/Trisul32/trisul32_buildroot-master/buildroot/output/build/glibc-2.36-81-g4f4d7a13edfd2fdc57c9d76e1fd6d017fb47550c/build/elf/dl-allobjs.os
                0x0000000000000000                _rtld_global
                0x0000000000000000                _rtld_local

.sbss
 *(.sbss)

.bss            0x0000000000000000      0x18c
 *(.bss)
 .bss           0x0000000000000000        0x0 /home/joelphilip/Documents/C2S/Trisul32/trisul32_buildroot-master/buildroot/output/build/glibc-2.36-81-g4f4d7a13edfd2fdc57c9d76e1fd6d017fb47550c/build/elf/librtld.mapT.o
 .bss           0x0000000000000000       0xc8 /home/joelphilip/Documents/C2S/Trisul32/trisul32_buildroot-master/buildroot/output/build/glibc-2.36-81-g4f4d7a13edfd2fdc57c9d76e1fd6d017fb47550c/build/elf/dl-allobjs.os
                0x0000000000000004                _r_debug_extended
                0x0000000000000004                _r_debug
                0x000000000000006c                __nptl_initial_report_events
                0x000000000000006c                __GI___nptl_initial_report_events
                0x0000000000000094                _dl_hwcaps_priorities
                0x0000000000000098                _dl_hwcaps_priorities_length
                0x00000000000000c4                ___brk_addr
                0x00000000000000c4                __curbrk
 .bss           0x00000000000000c8        0x0 /home/joelphilip/Documents/C2S/Trisul32/trisul32_buildroot-master/buildroot/output/build/glibc-2.36-81-g4f4d7a13edfd2fdc57c9d76e1fd6d017fb47550c/build/libc_pic.a(check_fds.os)
 .bss           0x00000000000000c8        0x0 /home/joelphilip/Documents/C2S/Trisul32/trisul32_buildroot-master/buildroot/output/build/glibc-2.36-81-g4f4d7a13edfd2fdc57c9d76e1fd6d017fb47550c/build/libc_pic.a(errno.os)
 .bss           0x00000000000000c8        0x0 /home/joelphilip/Documents/C2S/Trisul32/trisul32_buildroot-master/buildroot/output/build/glibc-2.36-81-g4f4d7a13edfd2fdc57c9d76e1fd6d017fb47550c/build/libc_pic.a(setjmp.os)
 .bss           0x00000000000000c8        0x0 /home/joelphilip/Documents/C2S/Trisul32/trisul32_buildroot-master/buildroot/output/build/glibc-2.36-81-g4f4d7a13edfd2fdc57c9d76e1fd6d017fb47550c/build/libc_pic.a(__longjmp.os)
 .bss           0x00000000000000c8        0x0 /home/joelphilip/Documents/C2S/Trisul32/trisul32_buildroot-master/buildroot/output/build/glibc-2.36-81-g4f4d7a13edfd2fdc57c9d76e1fd6d017fb47550c/build/libc_pic.a(lowlevellock.os)
 .bss           0x00000000000000c8        0x0 /home/joelphilip/Documents/C2S/Trisul32/trisul32_buildroot-master/buildroot/output/build/glibc-2.36-81-g4f4d7a13edfd2fdc57c9d76e1fd6d017fb47550c/build/libc_pic.a(scratch_buffer_set_array_size.os)
 .bss           0x00000000000000c8        0x0 /home/joelphilip/Documents/C2S/Trisul32/trisul32_buildroot-master/buildroot/output/build/glibc-2.36-81-g4f4d7a13edfd2fdc57c9d76e1fd6d017fb47550c/build/libc_pic.a(memchr.os)
 .bss           0x00000000000000c8        0x0 /home/joelphilip/Documents/C2S/Trisul32/trisul32_buildroot-master/buildroot/output/build/glibc-2.36-81-g4f4d7a13edfd2fdc57c9d76e1fd6d017fb47550c/build/libc_pic.a(memcmp.os)
 .bss           0x00000000000000c8        0x0 /home/joelphilip/Documents/C2S/Trisul32/trisul32_buildroot-master/buildroot/output/build/glibc-2.36-81-g4f4d7a13edfd2fdc57c9d76e1fd6d017fb47550c/build/libc_pic.a(memcpy.os)
 .bss           0x00000000000000c8        0x0 /home/joelphilip/Documents/C2S/Trisul32/trisul32_buildroot-master/buildroot/output/build/glibc-2.36-81-g4f4d7a13edfd2fdc57c9d76e1fd6d017fb47550c/build/libc_pic.a(memmove.os)
 .bss           0x00000000000000c8        0x0 /home/joelphilip/Documents/C2S/Trisul32/trisul32_buildroot-master/buildroot/output/build/glibc-2.36-81-g4f4d7a13edfd2fdc57c9d76e1fd6d017fb47550c/build/libc_pic.a(memset.os)
 .bss           0x00000000000000c8        0x0 /home/joelphilip/Documents/C2S/Trisul32/trisul32_buildroot-master/buildroot/output/build/glibc-2.36-81-g4f4d7a13edfd2fdc57c9d76e1fd6d017fb47550c/build/libc_pic.a(rawmemchr.os)
 .bss           0x00000000000000c8        0x0 /home/joelphilip/Documents/C2S/Trisul32/trisul32_buildroot-master/buildroot/output/build/glibc-2.36-81-g4f4d7a13edfd2fdc57c9d76e1fd6d017fb47550c/build/libc_pic.a(stpcpy.os)
 .bss           0x00000000000000c8        0x0 /home/joelphilip/Documents/C2S/Trisul32/trisul32_buildroot-master/buildroot/output/build/glibc-2.36-81-g4f4d7a13edfd2fdc57c9d76e1fd6d017fb47550c/build/libc_pic.a(strchr.os)
 .bss           0x00000000000000c8        0x0 /home/joelphilip/Documents/C2S/Trisul32/trisul32_buildroot-master/buildroot/output/build/glibc-2.36-81-g4f4d7a13edfd2fdc57c9d76e1fd6d017fb47550c/build/libc_pic.a(strcmp.os)
 .bss           0x00000000000000c8        0x0 /home/joelphilip/Documents/C2S/Trisul32/trisul32_buildroot-master/buildroot/output/build/glibc-2.36-81-g4f4d7a13edfd2fdc57c9d76e1fd6d017fb47550c/build/libc_pic.a(strcpy.os)
 .bss           0x00000000000000c8        0x0 /home/joelphilip/Documents/C2S/Trisul32/trisul32_buildroot-master/buildroot/output/build/glibc-2.36-81-g4f4d7a13edfd2fdc57c9d76e1fd6d017fb47550c/build/libc_pic.a(strcspn.os)
 .bss           0x00000000000000c8        0x0 /home/joelphilip/Documents/C2S/Trisul32/trisul32_buildroot-master/buildroot/output/build/glibc-2.36-81-g4f4d7a13edfd2fdc57c9d76e1fd6d017fb47550c/build/libc_pic.a(strdup.os)
 .bss           0x00000000000000c8        0x0 /home/joelphilip/Documents/C2S/Trisul32/trisul32_buildroot-master/buildroot/output/build/glibc-2.36-81-g4f4d7a13edfd2fdc57c9d76e1fd6d017fb47550c/build/libc_pic.a(strerrorname_np.os)
 .bss           0x00000000000000c8        0x0 /home/joelphilip/Documents/C2S/Trisul32/trisul32_buildroot-master/buildroot/output/build/glibc-2.36-81-g4f4d7a13edfd2fdc57c9d76e1fd6d017fb47550c/build/libc_pic.a(strlen.os)
 .bss           0x00000000000000c8        0x0 /home/joelphilip/Documents/C2S/Trisul32/trisul32_buildroot-master/buildroot/output/build/glibc-2.36-81-g4f4d7a13edfd2fdc57c9d76e1fd6d017fb47550c/build/libc_pic.a(strncmp.os)
 .bss           0x00000000000000c8        0x0 /home/joelphilip/Documents/C2S/Trisul32/trisul32_buildroot-master/buildroot/output/build/glibc-2.36-81-g4f4d7a13edfd2fdc57c9d76e1fd6d017fb47550c/build/libc_pic.a(strnlen.os)
 .bss           0x00000000000000c8        0x0 /home/joelphilip/Documents/C2S/Trisul32/trisul32_buildroot-master/buildroot/output/build/glibc-2.36-81-g4f4d7a13edfd2fdc57c9d76e1fd6d017fb47550c/build/libc_pic.a(wordcopy.os)
 .bss           0x00000000000000c8        0x0 /home/joelphilip/Documents/C2S/Trisul32/trisul32_buildroot-master/buildroot/output/build/glibc-2.36-81-g4f4d7a13edfd2fdc57c9d76e1fd6d017fb47550c/build/libc_pic.a(closedir.os)
 .bss           0x00000000000000c8        0x0 /home/joelphilip/Documents/C2S/Trisul32/trisul32_buildroot-master/buildroot/output/build/glibc-2.36-81-g4f4d7a13edfd2fdc57c9d76e1fd6d017fb47550c/build/libc_pic.a(rewinddir.os)
 .bss           0x00000000000000c8        0x0 /home/joelphilip/Documents/C2S/Trisul32/trisul32_buildroot-master/buildroot/output/build/glibc-2.36-81-g4f4d7a13edfd2fdc57c9d76e1fd6d017fb47550c/build/libc_pic.a(readdir64.os)
 .bss           0x00000000000000c8        0x0 /home/joelphilip/Documents/C2S/Trisul32/trisul32_buildroot-master/buildroot/output/build/glibc-2.36-81-g4f4d7a13edfd2fdc57c9d76e1fd6d017fb47550c/build/libc_pic.a(fdopendir.os)
 .bss           0x00000000000000c8        0x0 /home/joelphilip/Documents/C2S/Trisul32/trisul32_buildroot-master/buildroot/output/build/glibc-2.36-81-g4f4d7a13edfd2fdc57c9d76e1fd6d017fb47550c/build/libc_pic.a(uname.os)
 .bss           0x00000000000000c8        0x0 /home/joelphilip/Documents/C2S/Trisul32/trisul32_buildroot-master/buildroot/output/build/glibc-2.36-81-g4f4d7a13edfd2fdc57c9d76e1fd6d017fb47550c/build/libc_pic.a(_exit.os)
 .bss           0x00000000000000c8        0x0 /home/joelphilip/Documents/C2S/Trisul32/trisul32_buildroot-master/buildroot/output/build/glibc-2.36-81-g4f4d7a13edfd2fdc57c9d76e1fd6d017fb47550c/build/libc_pic.a(getpid.os)
 .bss           0x00000000000000c8        0x4 /home/joelphilip/Documents/C2S/Trisul32/trisul32_buildroot-master/buildroot/output/build/glibc-2.36-81-g4f4d7a13edfd2fdc57c9d76e1fd6d017fb47550c/build/libc_pic.a(environ.os)
                0x00000000000000c8                _environ
                0x00000000000000c8                __environ
                0x00000000000000c8                environ
 .bss           0x00000000000000cc        0x0 /home/joelphilip/Documents/C2S/Trisul32/trisul32_buildroot-master/buildroot/output/build/glibc-2.36-81-g4f4d7a13edfd2fdc57c9d76e1fd6d017fb47550c/build/libc_pic.a(stat64.os)
 .bss           0x00000000000000cc        0x0 /home/joelphilip/Documents/C2S/Trisul32/trisul32_buildroot-master/buildroot/output/build/glibc-2.36-81-g4f4d7a13edfd2fdc57c9d76e1fd6d017fb47550c/build/libc_pic.a(fstat64.os)
 .bss           0x00000000000000cc        0x0 /home/joelphilip/Documents/C2S/Trisul32/trisul32_buildroot-master/buildroot/output/build/glibc-2.36-81-g4f4d7a13edfd2fdc57c9d76e1fd6d017fb47550c/build/libc_pic.a(lstat64.os)
 .bss           0x00000000000000cc        0x0 /home/joelphilip/Documents/C2S/Trisul32/trisul32_buildroot-master/buildroot/output/build/glibc-2.36-81-g4f4d7a13edfd2fdc57c9d76e1fd6d017fb47550c/build/libc_pic.a(fstatat64.os)
 .bss           0x00000000000000cc        0x0 /home/joelphilip/Documents/C2S/Trisul32/trisul32_buildroot-master/buildroot/output/build/glibc-2.36-81-g4f4d7a13edfd2fdc57c9d76e1fd6d017fb47550c/build/libc_pic.a(openat64.os)
 .bss           0x00000000000000cc        0x0 /home/joelphilip/Documents/C2S/Trisul32/trisul32_buildroot-master/buildroot/output/build/glibc-2.36-81-g4f4d7a13edfd2fdc57c9d76e1fd6d017fb47550c/build/libc_pic.a(lseek64.os)
 .bss           0x00000000000000cc        0x0 /home/joelphilip/Documents/C2S/Trisul32/trisul32_buildroot-master/buildroot/output/build/glibc-2.36-81-g4f4d7a13edfd2fdc57c9d76e1fd6d017fb47550c/build/libc_pic.a(access.os)
 .bss           0x00000000000000cc        0x0 /home/joelphilip/Documents/C2S/Trisul32/trisul32_buildroot-master/buildroot/output/build/glibc-2.36-81-g4f4d7a13edfd2fdc57c9d76e1fd6d017fb47550c/build/libc_pic.a(close_nocancel.os)
 .bss           0x00000000000000cc        0x0 /home/joelphilip/Documents/C2S/Trisul32/trisul32_buildroot-master/buildroot/output/build/glibc-2.36-81-g4f4d7a13edfd2fdc57c9d76e1fd6d017fb47550c/build/libc_pic.a(fcntl_nocancel.os)
 .bss           0x00000000000000cc        0x0 /home/joelphilip/Documents/C2S/Trisul32/trisul32_buildroot-master/buildroot/output/build/glibc-2.36-81-g4f4d7a13edfd2fdc57c9d76e1fd6d017fb47550c/build/libc_pic.a(open64_nocancel.os)
 .bss           0x00000000000000cc        0x0 /home/joelphilip/Documents/C2S/Trisul32/trisul32_buildroot-master/buildroot/output/build/glibc-2.36-81-g4f4d7a13edfd2fdc57c9d76e1fd6d017fb47550c/build/libc_pic.a(read_nocancel.os)
 .bss           0x00000000000000cc        0x0 /home/joelphilip/Documents/C2S/Trisul32/trisul32_buildroot-master/buildroot/output/build/glibc-2.36-81-g4f4d7a13edfd2fdc57c9d76e1fd6d017fb47550c/build/libc_pic.a(pread64_nocancel.os)
 .bss           0x00000000000000cc        0x0 /home/joelphilip/Documents/C2S/Trisul32/trisul32_buildroot-master/buildroot/output/build/glibc-2.36-81-g4f4d7a13edfd2fdc57c9d76e1fd6d017fb47550c/build/libc_pic.a(write_nocancel.os)
 .bss           0x00000000000000cc        0x0 /home/joelphilip/Documents/C2S/Trisul32/trisul32_buildroot-master/buildroot/output/build/glibc-2.36-81-g4f4d7a13edfd2fdc57c9d76e1fd6d017fb47550c/build/libc_pic.a(mmap64.os)
 .bss           0x00000000000000cc        0x0 /home/joelphilip/Documents/C2S/Trisul32/trisul32_buildroot-master/buildroot/output/build/glibc-2.36-81-g4f4d7a13edfd2fdc57c9d76e1fd6d017fb47550c/build/libc_pic.a(munmap.os)
 .bss           0x00000000000000cc        0x0 /home/joelphilip/Documents/C2S/Trisul32/trisul32_buildroot-master/buildroot/output/build/glibc-2.36-81-g4f4d7a13edfd2fdc57c9d76e1fd6d017fb47550c/build/libc_pic.a(mprotect.os)
 .bss           0x00000000000000cc        0x0 /home/joelphilip/Documents/C2S/Trisul32/trisul32_buildroot-master/buildroot/output/build/glibc-2.36-81-g4f4d7a13edfd2fdc57c9d76e1fd6d017fb47550c/build/libc_pic.a(makedev.os)
 .bss           0x00000000000000cc        0x0 /home/joelphilip/Documents/C2S/Trisul32/trisul32_buildroot-master/buildroot/output/build/glibc-2.36-81-g4f4d7a13edfd2fdc57c9d76e1fd6d017fb47550c/build/libc_pic.a(atomic_wide_counter.os)
 *fill*         0x00000000000000cc        0x4 
 .bss           0x00000000000000d0       0xbc /home/joelphilip/Documents/C2S/Trisul32/trisul32_buildroot-master/buildroot/output/build/glibc-2.36-81-g4f4d7a13edfd2fdc57c9d76e1fd6d017fb47550c/build/libc_pic.a(profil.os)
 .bss           0x000000000000018c        0x0 /home/joelphilip/Documents/C2S/Trisul32/trisul32_buildroot-master/buildroot/output/build/glibc-2.36-81-g4f4d7a13edfd2fdc57c9d76e1fd6d017fb47550c/build/libc_pic.a(prof-freq.os)
 .bss           0x000000000000018c        0x0 /home/joelphilip/Documents/C2S/Trisul32/trisul32_buildroot-master/buildroot/output/build/glibc-2.36-81-g4f4d7a13edfd2fdc57c9d76e1fd6d017fb47550c/build/libc_pic.a(dl-addr-obj.os)
 .bss           0x000000000000018c        0x0 /home/joelphilip/Documents/C2S/Trisul32/trisul32_buildroot-master/buildroot/output/build/glibc-2.36-81-g4f4d7a13edfd2fdc57c9d76e1fd6d017fb47550c/build/libc_pic.a(sysdep.os)
 .bss           0x000000000000018c        0x0 /home/joelphilip/Documents/C2S/Trisul32/trisul32_buildroot-master/buildroot/output/build/glibc-2.36-81-g4f4d7a13edfd2fdc57c9d76e1fd6d017fb47550c/build/libc_pic.a(sigaction.os)
 .bss           0x000000000000018c        0x0 /home/joelphilip/Documents/C2S/Trisul32/trisul32_buildroot-master/buildroot/output/build/glibc-2.36-81-g4f4d7a13edfd2fdc57c9d76e1fd6d017fb47550c/build/libc_pic.a(libc_sigaction.os)
 .bss           0x000000000000018c        0x0 /home/joelphilip/Documents/C2S/Trisul32/trisul32_buildroot-master/buildroot/output/build/glibc-2.36-81-g4f4d7a13edfd2fdc57c9d76e1fd6d017fb47550c/build/libc_pic.a(errname.os)
 .bss           0x000000000000018c        0x0 /home/joelphilip/Documents/C2S/Trisul32/trisul32_buildroot-master/buildroot/output/build/glibc-2.36-81-g4f4d7a13edfd2fdc57c9d76e1fd6d017fb47550c/build/libc_pic.a(strchrnul.os)
 .bss           0x000000000000018c        0x0 /home/joelphilip/Documents/C2S/Trisul32/trisul32_buildroot-master/buildroot/output/build/glibc-2.36-81-g4f4d7a13edfd2fdc57c9d76e1fd6d017fb47550c/build/libc_pic.a(setitimer.os)
 .bss           0x000000000000018c        0x0 /home/joelphilip/Documents/C2S/Trisul32/trisul32_buildroot-master/buildroot/output/build/glibc-2.36-81-g4f4d7a13edfd2fdc57c9d76e1fd6d017fb47550c/build/libc_pic.a(getdents64.os)
 .bss           0x000000000000018c        0x0 /home/joelphilip/Documents/C2S/Trisul32/trisul32_buildroot-master/buildroot/output/host/lib/gcc/riscv32-buildroot-linux-gnu/11.4.0/libgcc.a(_lshrdi3.o)
 .bss           0x000000000000018c        0x0 /home/joelphilip/Documents/C2S/Trisul32/trisul32_buildroot-master/buildroot/output/host/lib/gcc/riscv32-buildroot-linux-gnu/11.4.0/libgcc.a(_ashldi3.o)
 .bss           0x000000000000018c        0x0 /home/joelphilip/Documents/C2S/Trisul32/trisul32_buildroot-master/buildroot/output/host/lib/gcc/riscv32-buildroot-linux-gnu/11.4.0/libgcc.a(_udivdi3.o)
 .bss           0x000000000000018c        0x0 /home/joelphilip/Documents/C2S/Trisul32/trisul32_buildroot-master/buildroot/output/host/lib/gcc/riscv32-buildroot-linux-gnu/11.4.0/libgcc.a(_umoddi3.o)
 .bss           0x000000000000018c        0x0 /home/joelphilip/Documents/C2S/Trisul32/trisul32_buildroot-master/buildroot/output/host/lib/gcc/riscv32-buildroot-linux-gnu/11.4.0/libgcc.a(_clz.o)

.stab
 *(.stab)

.stabstr
 *(.stabstr)

.stab.excl
 *(.stab.excl)

.stab.exclstr
 *(.stab.exclstr)

.stab.index
 *(.stab.index)

.stab.indexstr
 *(.stab.indexstr)

.comment        0x0000000000000000      0xee7
 *(.comment)
 .comment       0x0000000000000000      0x71c /home/joelphilip/Documents/C2S/Trisul32/trisul32_buildroot-master/buildroot/output/build/glibc-2.36-81-g4f4d7a13edfd2fdc57c9d76e1fd6d017fb47550c/build/elf/dl-allobjs.os
 .comment       0x000000000000071c       0x23 /home/joelphilip/Documents/C2S/Trisul32/trisul32_buildroot-master/buildroot/output/build/glibc-2.36-81-g4f4d7a13edfd2fdc57c9d76e1fd6d017fb47550c/build/libc_pic.a(check_fds.os)
 .comment       0x000000000000073f       0x23 /home/joelphilip/Documents/C2S/Trisul32/trisul32_buildroot-master/buildroot/output/build/glibc-2.36-81-g4f4d7a13edfd2fdc57c9d76e1fd6d017fb47550c/build/libc_pic.a(errno.os)
 .comment       0x0000000000000762       0x23 /home/joelphilip/Documents/C2S/Trisul32/trisul32_buildroot-master/buildroot/output/build/glibc-2.36-81-g4f4d7a13edfd2fdc57c9d76e1fd6d017fb47550c/build/libc_pic.a(lowlevellock.os)
 .comment       0x0000000000000785       0x23 /home/joelphilip/Documents/C2S/Trisul32/trisul32_buildroot-master/buildroot/output/build/glibc-2.36-81-g4f4d7a13edfd2fdc57c9d76e1fd6d017fb47550c/build/libc_pic.a(scratch_buffer_set_array_size.os)
 .comment       0x00000000000007a8       0x23 /home/joelphilip/Documents/C2S/Trisul32/trisul32_buildroot-master/buildroot/output/build/glibc-2.36-81-g4f4d7a13edfd2fdc57c9d76e1fd6d017fb47550c/build/libc_pic.a(memchr.os)
 .comment       0x00000000000007cb       0x23 /home/joelphilip/Documents/C2S/Trisul32/trisul32_buildroot-master/buildroot/output/build/glibc-2.36-81-g4f4d7a13edfd2fdc57c9d76e1fd6d017fb47550c/build/libc_pic.a(memcmp.os)
 .comment       0x00000000000007ee       0x23 /home/joelphilip/Documents/C2S/Trisul32/trisul32_buildroot-master/buildroot/output/build/glibc-2.36-81-g4f4d7a13edfd2fdc57c9d76e1fd6d017fb47550c/build/libc_pic.a(memcpy.os)
 .comment       0x0000000000000811       0x23 /home/joelphilip/Documents/C2S/Trisul32/trisul32_buildroot-master/buildroot/output/build/glibc-2.36-81-g4f4d7a13edfd2fdc57c9d76e1fd6d017fb47550c/build/libc_pic.a(memmove.os)
 .comment       0x0000000000000834       0x23 /home/joelphilip/Documents/C2S/Trisul32/trisul32_buildroot-master/buildroot/output/build/glibc-2.36-81-g4f4d7a13edfd2fdc57c9d76e1fd6d017fb47550c/build/libc_pic.a(memset.os)
 .comment       0x0000000000000857       0x23 /home/joelphilip/Documents/C2S/Trisul32/trisul32_buildroot-master/buildroot/output/build/glibc-2.36-81-g4f4d7a13edfd2fdc57c9d76e1fd6d017fb47550c/build/libc_pic.a(rawmemchr.os)
 .comment       0x000000000000087a       0x23 /home/joelphilip/Documents/C2S/Trisul32/trisul32_buildroot-master/buildroot/output/build/glibc-2.36-81-g4f4d7a13edfd2fdc57c9d76e1fd6d017fb47550c/build/libc_pic.a(stpcpy.os)
 .comment       0x000000000000089d       0x23 /home/joelphilip/Documents/C2S/Trisul32/trisul32_buildroot-master/buildroot/output/build/glibc-2.36-81-g4f4d7a13edfd2fdc57c9d76e1fd6d017fb47550c/build/libc_pic.a(strchr.os)
 .comment       0x00000000000008c0       0x23 /home/joelphilip/Documents/C2S/Trisul32/trisul32_buildroot-master/buildroot/output/build/glibc-2.36-81-g4f4d7a13edfd2fdc57c9d76e1fd6d017fb47550c/build/libc_pic.a(strcmp.os)
 .comment       0x00000000000008e3       0x23 /home/joelphilip/Documents/C2S/Trisul32/trisul32_buildroot-master/buildroot/output/build/glibc-2.36-81-g4f4d7a13edfd2fdc57c9d76e1fd6d017fb47550c/build/libc_pic.a(strcpy.os)
 .comment       0x0000000000000906       0x23 /home/joelphilip/Documents/C2S/Trisul32/trisul32_buildroot-master/buildroot/output/build/glibc-2.36-81-g4f4d7a13edfd2fdc57c9d76e1fd6d017fb47550c/build/libc_pic.a(strcspn.os)
 .comment       0x0000000000000929       0x23 /home/joelphilip/Documents/C2S/Trisul32/trisul32_buildroot-master/buildroot/output/build/glibc-2.36-81-g4f4d7a13edfd2fdc57c9d76e1fd6d017fb47550c/build/libc_pic.a(strdup.os)
 .comment       0x000000000000094c       0x23 /home/joelphilip/Documents/C2S/Trisul32/trisul32_buildroot-master/buildroot/output/build/glibc-2.36-81-g4f4d7a13edfd2fdc57c9d76e1fd6d017fb47550c/build/libc_pic.a(strerrorname_np.os)
 .comment       0x000000000000096f       0x23 /home/joelphilip/Documents/C2S/Trisul32/trisul32_buildroot-master/buildroot/output/build/glibc-2.36-81-g4f4d7a13edfd2fdc57c9d76e1fd6d017fb47550c/build/libc_pic.a(strlen.os)
 .comment       0x0000000000000992       0x23 /home/joelphilip/Documents/C2S/Trisul32/trisul32_buildroot-master/buildroot/output/build/glibc-2.36-81-g4f4d7a13edfd2fdc57c9d76e1fd6d017fb47550c/build/libc_pic.a(strncmp.os)
 .comment       0x00000000000009b5       0x23 /home/joelphilip/Documents/C2S/Trisul32/trisul32_buildroot-master/buildroot/output/build/glibc-2.36-81-g4f4d7a13edfd2fdc57c9d76e1fd6d017fb47550c/build/libc_pic.a(strnlen.os)
 .comment       0x00000000000009d8       0x23 /home/joelphilip/Documents/C2S/Trisul32/trisul32_buildroot-master/buildroot/output/build/glibc-2.36-81-g4f4d7a13edfd2fdc57c9d76e1fd6d017fb47550c/build/libc_pic.a(wordcopy.os)
 .comment       0x00000000000009fb       0x23 /home/joelphilip/Documents/C2S/Trisul32/trisul32_buildroot-master/buildroot/output/build/glibc-2.36-81-g4f4d7a13edfd2fdc57c9d76e1fd6d017fb47550c/build/libc_pic.a(closedir.os)
 .comment       0x0000000000000a1e       0x23 /home/joelphilip/Documents/C2S/Trisul32/trisul32_buildroot-master/buildroot/output/build/glibc-2.36-81-g4f4d7a13edfd2fdc57c9d76e1fd6d017fb47550c/build/libc_pic.a(rewinddir.os)
 .comment       0x0000000000000a41       0x23 /home/joelphilip/Documents/C2S/Trisul32/trisul32_buildroot-master/buildroot/output/build/glibc-2.36-81-g4f4d7a13edfd2fdc57c9d76e1fd6d017fb47550c/build/libc_pic.a(readdir64.os)
 .comment       0x0000000000000a64       0x23 /home/joelphilip/Documents/C2S/Trisul32/trisul32_buildroot-master/buildroot/output/build/glibc-2.36-81-g4f4d7a13edfd2fdc57c9d76e1fd6d017fb47550c/build/libc_pic.a(fdopendir.os)
 .comment       0x0000000000000a87       0x23 /home/joelphilip/Documents/C2S/Trisul32/trisul32_buildroot-master/buildroot/output/build/glibc-2.36-81-g4f4d7a13edfd2fdc57c9d76e1fd6d017fb47550c/build/libc_pic.a(_exit.os)
 .comment       0x0000000000000aaa       0x23 /home/joelphilip/Documents/C2S/Trisul32/trisul32_buildroot-master/buildroot/output/build/glibc-2.36-81-g4f4d7a13edfd2fdc57c9d76e1fd6d017fb47550c/build/libc_pic.a(environ.os)
 .comment       0x0000000000000acd       0x23 /home/joelphilip/Documents/C2S/Trisul32/trisul32_buildroot-master/buildroot/output/build/glibc-2.36-81-g4f4d7a13edfd2fdc57c9d76e1fd6d017fb47550c/build/libc_pic.a(stat64.os)
 .comment       0x0000000000000af0       0x23 /home/joelphilip/Documents/C2S/Trisul32/trisul32_buildroot-master/buildroot/output/build/glibc-2.36-81-g4f4d7a13edfd2fdc57c9d76e1fd6d017fb47550c/build/libc_pic.a(fstat64.os)
 .comment       0x0000000000000b13       0x23 /home/joelphilip/Documents/C2S/Trisul32/trisul32_buildroot-master/buildroot/output/build/glibc-2.36-81-g4f4d7a13edfd2fdc57c9d76e1fd6d017fb47550c/build/libc_pic.a(lstat64.os)
 .comment       0x0000000000000b36       0x23 /home/joelphilip/Documents/C2S/Trisul32/trisul32_buildroot-master/buildroot/output/build/glibc-2.36-81-g4f4d7a13edfd2fdc57c9d76e1fd6d017fb47550c/build/libc_pic.a(fstatat64.os)
 .comment       0x0000000000000b59       0x23 /home/joelphilip/Documents/C2S/Trisul32/trisul32_buildroot-master/buildroot/output/build/glibc-2.36-81-g4f4d7a13edfd2fdc57c9d76e1fd6d017fb47550c/build/libc_pic.a(openat64.os)
 .comment       0x0000000000000b7c       0x23 /home/joelphilip/Documents/C2S/Trisul32/trisul32_buildroot-master/buildroot/output/build/glibc-2.36-81-g4f4d7a13edfd2fdc57c9d76e1fd6d017fb47550c/build/libc_pic.a(lseek64.os)
 .comment       0x0000000000000b9f       0x23 /home/joelphilip/Documents/C2S/Trisul32/trisul32_buildroot-master/buildroot/output/build/glibc-2.36-81-g4f4d7a13edfd2fdc57c9d76e1fd6d017fb47550c/build/libc_pic.a(access.os)
 .comment       0x0000000000000bc2       0x23 /home/joelphilip/Documents/C2S/Trisul32/trisul32_buildroot-master/buildroot/output/build/glibc-2.36-81-g4f4d7a13edfd2fdc57c9d76e1fd6d017fb47550c/build/libc_pic.a(close_nocancel.os)
 .comment       0x0000000000000be5       0x23 /home/joelphilip/Documents/C2S/Trisul32/trisul32_buildroot-master/buildroot/output/build/glibc-2.36-81-g4f4d7a13edfd2fdc57c9d76e1fd6d017fb47550c/build/libc_pic.a(fcntl_nocancel.os)
 .comment       0x0000000000000c08       0x23 /home/joelphilip/Documents/C2S/Trisul32/trisul32_buildroot-master/buildroot/output/build/glibc-2.36-81-g4f4d7a13edfd2fdc57c9d76e1fd6d017fb47550c/build/libc_pic.a(open64_nocancel.os)
 .comment       0x0000000000000c2b       0x23 /home/joelphilip/Documents/C2S/Trisul32/trisul32_buildroot-master/buildroot/output/build/glibc-2.36-81-g4f4d7a13edfd2fdc57c9d76e1fd6d017fb47550c/build/libc_pic.a(read_nocancel.os)
 .comment       0x0000000000000c4e       0x23 /home/joelphilip/Documents/C2S/Trisul32/trisul32_buildroot-master/buildroot/output/build/glibc-2.36-81-g4f4d7a13edfd2fdc57c9d76e1fd6d017fb47550c/build/libc_pic.a(pread64_nocancel.os)
 .comment       0x0000000000000c71       0x23 /home/joelphilip/Documents/C2S/Trisul32/trisul32_buildroot-master/buildroot/output/build/glibc-2.36-81-g4f4d7a13edfd2fdc57c9d76e1fd6d017fb47550c/build/libc_pic.a(write_nocancel.os)
 .comment       0x0000000000000c94       0x23 /home/joelphilip/Documents/C2S/Trisul32/trisul32_buildroot-master/buildroot/output/build/glibc-2.36-81-g4f4d7a13edfd2fdc57c9d76e1fd6d017fb47550c/build/libc_pic.a(mmap64.os)
 .comment       0x0000000000000cb7       0x23 /home/joelphilip/Documents/C2S/Trisul32/trisul32_buildroot-master/buildroot/output/build/glibc-2.36-81-g4f4d7a13edfd2fdc57c9d76e1fd6d017fb47550c/build/libc_pic.a(makedev.os)
 .comment       0x0000000000000cda       0x23 /home/joelphilip/Documents/C2S/Trisul32/trisul32_buildroot-master/buildroot/output/build/glibc-2.36-81-g4f4d7a13edfd2fdc57c9d76e1fd6d017fb47550c/build/libc_pic.a(atomic_wide_counter.os)
 .comment       0x0000000000000cfd       0x23 /home/joelphilip/Documents/C2S/Trisul32/trisul32_buildroot-master/buildroot/output/build/glibc-2.36-81-g4f4d7a13edfd2fdc57c9d76e1fd6d017fb47550c/build/libc_pic.a(profil.os)
 .comment       0x0000000000000d20       0x23 /home/joelphilip/Documents/C2S/Trisul32/trisul32_buildroot-master/buildroot/output/build/glibc-2.36-81-g4f4d7a13edfd2fdc57c9d76e1fd6d017fb47550c/build/libc_pic.a(prof-freq.os)
 .comment       0x0000000000000d43       0x23 /home/joelphilip/Documents/C2S/Trisul32/trisul32_buildroot-master/buildroot/output/build/glibc-2.36-81-g4f4d7a13edfd2fdc57c9d76e1fd6d017fb47550c/build/libc_pic.a(dl-addr-obj.os)
 .comment       0x0000000000000d66       0x23 /home/joelphilip/Documents/C2S/Trisul32/trisul32_buildroot-master/buildroot/output/build/glibc-2.36-81-g4f4d7a13edfd2fdc57c9d76e1fd6d017fb47550c/build/libc_pic.a(sigaction.os)
 .comment       0x0000000000000d89       0x23 /home/joelphilip/Documents/C2S/Trisul32/trisul32_buildroot-master/buildroot/output/build/glibc-2.36-81-g4f4d7a13edfd2fdc57c9d76e1fd6d017fb47550c/build/libc_pic.a(libc_sigaction.os)
 .comment       0x0000000000000dac       0x23 /home/joelphilip/Documents/C2S/Trisul32/trisul32_buildroot-master/buildroot/output/build/glibc-2.36-81-g4f4d7a13edfd2fdc57c9d76e1fd6d017fb47550c/build/libc_pic.a(errname.os)
 .comment       0x0000000000000dcf       0x23 /home/joelphilip/Documents/C2S/Trisul32/trisul32_buildroot-master/buildroot/output/build/glibc-2.36-81-g4f4d7a13edfd2fdc57c9d76e1fd6d017fb47550c/build/libc_pic.a(strchrnul.os)
 .comment       0x0000000000000df2       0x23 /home/joelphilip/Documents/C2S/Trisul32/trisul32_buildroot-master/buildroot/output/build/glibc-2.36-81-g4f4d7a13edfd2fdc57c9d76e1fd6d017fb47550c/build/libc_pic.a(setitimer.os)
 .comment       0x0000000000000e15       0x23 /home/joelphilip/Documents/C2S/Trisul32/trisul32_buildroot-master/buildroot/output/build/glibc-2.36-81-g4f4d7a13edfd2fdc57c9d76e1fd6d017fb47550c/build/libc_pic.a(getdents64.os)
 .comment       0x0000000000000e38       0x23 /home/joelphilip/Documents/C2S/Trisul32/trisul32_buildroot-master/buildroot/output/host/lib/gcc/riscv32-buildroot-linux-gnu/11.4.0/libgcc.a(_lshrdi3.o)
 .comment       0x0000000000000e5b       0x23 /home/joelphilip/Documents/C2S/Trisul32/trisul32_buildroot-master/buildroot/output/host/lib/gcc/riscv32-buildroot-linux-gnu/11.4.0/libgcc.a(_ashldi3.o)
 .comment       0x0000000000000e7e       0x23 /home/joelphilip/Documents/C2S/Trisul32/trisul32_buildroot-master/buildroot/output/host/lib/gcc/riscv32-buildroot-linux-gnu/11.4.0/libgcc.a(_udivdi3.o)
 .comment       0x0000000000000ea1       0x23 /home/joelphilip/Documents/C2S/Trisul32/trisul32_buildroot-master/buildroot/output/host/lib/gcc/riscv32-buildroot-linux-gnu/11.4.0/libgcc.a(_umoddi3.o)
 .comment       0x0000000000000ec4       0x23 /home/joelphilip/Documents/C2S/Trisul32/trisul32_buildroot-master/buildroot/output/host/lib/gcc/riscv32-buildroot-linux-gnu/11.4.0/libgcc.a(_clz.o)

.note.GNU-stack
                0x0000000000000000        0x0
 .note.GNU-stack
                0x0000000000000000        0x0 /home/joelphilip/Documents/C2S/Trisul32/trisul32_buildroot-master/buildroot/output/build/glibc-2.36-81-g4f4d7a13edfd2fdc57c9d76e1fd6d017fb47550c/build/elf/librtld.mapT.o
 .note.GNU-stack
                0x0000000000000000        0x0 /home/joelphilip/Documents/C2S/Trisul32/trisul32_buildroot-master/buildroot/output/build/glibc-2.36-81-g4f4d7a13edfd2fdc57c9d76e1fd6d017fb47550c/build/elf/dl-allobjs.os
 .note.GNU-stack
                0x0000000000000000        0x0 /home/joelphilip/Documents/C2S/Trisul32/trisul32_buildroot-master/buildroot/output/build/glibc-2.36-81-g4f4d7a13edfd2fdc57c9d76e1fd6d017fb47550c/build/libc_pic.a(check_fds.os)
 .note.GNU-stack
                0x0000000000000000        0x0 /home/joelphilip/Documents/C2S/Trisul32/trisul32_buildroot-master/buildroot/output/build/glibc-2.36-81-g4f4d7a13edfd2fdc57c9d76e1fd6d017fb47550c/build/libc_pic.a(errno.os)
 .note.GNU-stack
                0x0000000000000000        0x0 /home/joelphilip/Documents/C2S/Trisul32/trisul32_buildroot-master/buildroot/output/build/glibc-2.36-81-g4f4d7a13edfd2fdc57c9d76e1fd6d017fb47550c/build/libc_pic.a(setjmp.os)
 .note.GNU-stack
                0x0000000000000000        0x0 /home/joelphilip/Documents/C2S/Trisul32/trisul32_buildroot-master/buildroot/output/build/glibc-2.36-81-g4f4d7a13edfd2fdc57c9d76e1fd6d017fb47550c/build/libc_pic.a(__longjmp.os)
 .note.GNU-stack
                0x0000000000000000        0x0 /home/joelphilip/Documents/C2S/Trisul32/trisul32_buildroot-master/buildroot/output/build/glibc-2.36-81-g4f4d7a13edfd2fdc57c9d76e1fd6d017fb47550c/build/libc_pic.a(lowlevellock.os)
 .note.GNU-stack
                0x0000000000000000        0x0 /home/joelphilip/Documents/C2S/Trisul32/trisul32_buildroot-master/buildroot/output/build/glibc-2.36-81-g4f4d7a13edfd2fdc57c9d76e1fd6d017fb47550c/build/libc_pic.a(scratch_buffer_set_array_size.os)
 .note.GNU-stack
                0x0000000000000000        0x0 /home/joelphilip/Documents/C2S/Trisul32/trisul32_buildroot-master/buildroot/output/build/glibc-2.36-81-g4f4d7a13edfd2fdc57c9d76e1fd6d017fb47550c/build/libc_pic.a(memchr.os)
 .note.GNU-stack
                0x0000000000000000        0x0 /home/joelphilip/Documents/C2S/Trisul32/trisul32_buildroot-master/buildroot/output/build/glibc-2.36-81-g4f4d7a13edfd2fdc57c9d76e1fd6d017fb47550c/build/libc_pic.a(memcmp.os)
 .note.GNU-stack