Archive member included to satisfy reference by file (symbol)

/home/joelphilip/Documents/C2S/Trisul32/vega-sdk/bsp/libvega.a(pwmc.o)
                              build/./main.o (PWMC_Set_Period)
/home/joelphilip/Documents/C2S/Trisul32/vega-sdk/bsp/libvega.a(stdlib.o)
                              build/./main.o (printf)
/home/joelphilip/Documents/C2S/Trisul32/vega-sdk/bsp/libvega.a(rawfloat.o)
                              /home/joelphilip/Documents/C2S/Trisul32/vega-sdk/bsp/libvega.a(stdlib.o) (ecvtbuf)
/home/joelphilip/Documents/C2S/Trisul32/vega-sdk/bsp/libvega.a(crt.o)
                              (_start)
/home/joelphilip/Documents/C2S/Trisul32/vega-sdk/bsp/libvega.a(debug_uart.o)
                              /home/joelphilip/Documents/C2S/Trisul32/vega-sdk/bsp/libvega.a(stdlib.o) (tx_uart)
/home/joelphilip/Documents/C2S/Trisul32/vega-sdk/bsp/libvega.a(interrupt.o)
                              /home/joelphilip/Documents/C2S/Trisul32/vega-sdk/bsp/libvega.a(pwmc.o) (interrupt_enable)
/home/joelphilip/Documents/C2S/Trisul32/vega-tools/toolchain/bin/../lib/gcc/riscv32-vega-elf/14.2.0/../../../../riscv32-vega-elf/lib/libc.a(libc_a-strnlen.o)
                              /home/joelphilip/Documents/C2S/Trisul32/vega-sdk/bsp/libvega.a(stdlib.o) (strnlen)
/home/joelphilip/Documents/C2S/Trisul32/vega-tools/toolchain/bin/../lib/gcc/riscv32-vega-elf/14.2.0/../../../../riscv32-vega-elf/lib/libc.a(libc_a-memset.o)
                              /home/joelphilip/Documents/C2S/Trisul32/vega-sdk/bsp/libvega.a(stdlib.o) (memset)
/home/joelphilip/Documents/C2S/Trisul32/vega-tools/toolchain/bin/../lib/gcc/riscv32-vega-elf/14.2.0/../../../../riscv32-vega-elf/lib/libc.a(libc_a-memcpy.o)
                              /home/joelphilip/Documents/C2S/Trisul32/vega-sdk/bsp/libvega.a(stdlib.o) (memcpy)
/home/joelphilip/Documents/C2S/Trisul32/vega-tools/toolchain/bin/../lib/gcc/riscv32-vega-elf/14.2.0/../../../../riscv32-vega-elf/lib/libc.a(libm_a-s_modf.o)
                              /home/joelphilip/Documents/C2S/Trisul32/vega-sdk/bsp/libvega.a(rawfloat.o) (modf)
/home/joelphilip/Documents/C2S/Trisul32/vega-tools/toolchain/bin/../lib/gcc/riscv32-vega-elf/14.2.0/../../../../riscv32-vega-elf/lib/libc.a(libm_a-s_fpclassify.o)
                              /home/joelphilip/Documents/C2S/Trisul32/vega-tools/toolchain/bin/../lib/gcc/riscv32-vega-elf/14.2.0/../../../../riscv32-vega-elf/lib/libc.a(libm_a-s_modf.o) (__fpclassifyd)
/home/joelphilip/Documents/C2S/Trisul32/vega-tools/toolchain/bin/../lib/gcc/riscv32-vega-elf/14.2.0/libgcc.a(adddf3.o)
                              /home/joelphilip/Documents/C2S/Trisul32/vega-sdk/bsp/libvega.a(rawfloat.o) (__adddf3)
/home/joelphilip/Documents/C2S/Trisul32/vega-tools/toolchain/bin/../lib/gcc/riscv32-vega-elf/14.2.0/libgcc.a(divdf3.o)
                              /home/joelphilip/Documents/C2S/Trisul32/vega-sdk/bsp/libvega.a(rawfloat.o) (__divdf3)
/home/joelphilip/Documents/C2S/Trisul32/vega-tools/toolchain/bin/../lib/gcc/riscv32-vega-elf/14.2.0/libgcc.a(eqdf2.o)
                              /home/joelphilip/Documents/C2S/Trisul32/vega-sdk/bsp/libvega.a(stdlib.o) (__eqdf2)
/home/joelphilip/Documents/C2S/Trisul32/vega-tools/toolchain/bin/../lib/gcc/riscv32-vega-elf/14.2.0/libgcc.a(gedf2.o)
                              /home/joelphilip/Documents/C2S/Trisul32/vega-sdk/bsp/libvega.a(rawfloat.o) (__gtdf2)
/home/joelphilip/Documents/C2S/Trisul32/vega-tools/toolchain/bin/../lib/gcc/riscv32-vega-elf/14.2.0/libgcc.a(ledf2.o)
                              /home/joelphilip/Documents/C2S/Trisul32/vega-sdk/bsp/libvega.a(stdlib.o) (__ltdf2)
/home/joelphilip/Documents/C2S/Trisul32/vega-tools/toolchain/bin/../lib/gcc/riscv32-vega-elf/14.2.0/libgcc.a(muldf3.o)
                              /home/joelphilip/Documents/C2S/Trisul32/vega-sdk/bsp/libvega.a(rawfloat.o) (__muldf3)
/home/joelphilip/Documents/C2S/Trisul32/vega-tools/toolchain/bin/../lib/gcc/riscv32-vega-elf/14.2.0/libgcc.a(subdf3.o)
                              /home/joelphilip/Documents/C2S/Trisul32/vega-tools/toolchain/bin/../lib/gcc/riscv32-vega-elf/14.2.0/../../../../riscv32-vega-elf/lib/libc.a(libm_a-s_modf.o) (__subdf3)
/home/joelphilip/Documents/C2S/Trisul32/vega-tools/toolchain/bin/../lib/gcc/riscv32-vega-elf/14.2.0/libgcc.a(fixdfsi.o)
                              /home/joelphilip/Documents/C2S/Trisul32/vega-sdk/bsp/libvega.a(rawfloat.o) (__fixdfsi)
/home/joelphilip/Documents/C2S/Trisul32/vega-tools/toolchain/bin/../lib/gcc/riscv32-vega-elf/14.2.0/libgcc.a(addsf3.o)
                              /home/joelphilip/Documents/C2S/Trisul32/vega-sdk/bsp/libvega.a(stdlib.o) (__addsf3)
/home/joelphilip/Documents/C2S/Trisul32/vega-tools/toolchain/bin/../lib/gcc/riscv32-vega-elf/14.2.0/libgcc.a(divsf3.o)
                              /home/joelphilip/Documents/C2S/Trisul32/vega-sdk/bsp/libvega.a(stdlib.o) (__divsf3)
/home/joelphilip/Documents/C2S/Trisul32/vega-tools/toolchain/bin/../lib/gcc/riscv32-vega-elf/14.2.0/libgcc.a(mulsf3.o)
                              /home/joelphilip/Documents/C2S/Trisul32/vega-sdk/bsp/libvega.a(stdlib.o) (__mulsf3)
/home/joelphilip/Documents/C2S/Trisul32/vega-tools/toolchain/bin/../lib/gcc/riscv32-vega-elf/14.2.0/libgcc.a(floatsisf.o)
                              /home/joelphilip/Documents/C2S/Trisul32/vega-sdk/bsp/libvega.a(stdlib.o) (__floatsisf)
/home/joelphilip/Documents/C2S/Trisul32/vega-tools/toolchain/bin/../lib/gcc/riscv32-vega-elf/14.2.0/libgcc.a(_clzsi2.o)
                              /home/joelphilip/Documents/C2S/Trisul32/vega-tools/toolchain/bin/../lib/gcc/riscv32-vega-elf/14.2.0/libgcc.a(adddf3.o) (__clzsi2)
/home/joelphilip/Documents/C2S/Trisul32/vega-tools/toolchain/bin/../lib/gcc/riscv32-vega-elf/14.2.0/libgcc.a(_clz.o)
                              /home/joelphilip/Documents/C2S/Trisul32/vega-tools/toolchain/bin/../lib/gcc/riscv32-vega-elf/14.2.0/libgcc.a(_clzsi2.o) (__clz_tab)

Discarded input sections

 .text          0x00000000        0x0 build/./main.o
 .data          0x00000000        0x0 build/./main.o
 .bss           0x00000000        0x0 build/./main.o
 .data          0x00000000        0x0 /home/joelphilip/Documents/C2S/Trisul32/vega-sdk/bsp/libvega.a(pwmc.o)
 .bss           0x00000000        0x0 /home/joelphilip/Documents/C2S/Trisul32/vega-sdk/bsp/libvega.a(pwmc.o)
 .data          0x00000000        0x0 /home/joelphilip/Documents/C2S/Trisul32/vega-sdk/bsp/libvega.a(stdlib.o)
 .bss           0x00000000       0x10 /home/joelphilip/Documents/C2S/Trisul32/vega-sdk/bsp/libvega.a(stdlib.o)
 .data          0x00000000        0x0 /home/joelphilip/Documents/C2S/Trisul32/vega-sdk/bsp/libvega.a(rawfloat.o)
 .text          0x00000000        0x0 /home/joelphilip/Documents/C2S/Trisul32/vega-sdk/bsp/libvega.a(crt.o)
 .data          0x00000000        0x0 /home/joelphilip/Documents/C2S/Trisul32/vega-sdk/bsp/libvega.a(crt.o)
 .bss           0x00000000        0x0 /home/joelphilip/Documents/C2S/Trisul32/vega-sdk/bsp/libvega.a(crt.o)
 .data          0x00000000        0x0 /home/joelphilip/Documents/C2S/Trisul32/vega-sdk/bsp/libvega.a(debug_uart.o)
 .bss           0x00000000        0x0 /home/joelphilip/Documents/C2S/Trisul32/vega-sdk/bsp/libvega.a(debug_uart.o)
 .data          0x00000000        0x0 /home/joelphilip/Documents/C2S/Trisul32/vega-sdk/bsp/libvega.a(interrupt.o)
 .text          0x00000000        0x0 /home/joelphilip/Documents/C2S/Trisul32/vega-tools/toolchain/bin/../lib/gcc/riscv32-vega-elf/14.2.0/../../../../riscv32-vega-elf/lib/libc.a(libc_a-strnlen.o)
 .data          0x00000000        0x0 /home/joelphilip/Documents/C2S/Trisul32/vega-tools/toolchain/bin/../lib/gcc/riscv32-vega-elf/14.2.0/../../../../riscv32-vega-elf/lib/libc.a(libc_a-strnlen.o)
 .bss           0x00000000        0x0 /home/joelphilip/Documents/C2S/Trisul32/vega-tools/toolchain/bin/../lib/gcc/riscv32-vega-elf/14.2.0/../../../../riscv32-vega-elf/lib/libc.a(libc_a-strnlen.o)
 .data          0x00000000        0x0 /home/joelphilip/Documents/C2S/Trisul32/vega-tools/toolchain/bin/../lib/gcc/riscv32-vega-elf/14.2.0/../../../../riscv32-vega-elf/lib/libc.a(libc_a-memset.o)
 .bss           0x00000000        0x0 /home/joelphilip/Documents/C2S/Trisul32/vega-tools/toolchain/bin/../lib/gcc/riscv32-vega-elf/14.2.0/../../../../riscv32-vega-elf/lib/libc.a(libc_a-memset.o)
 .text          0x00000000        0x0 /home/joelphilip/Documents/C2S/Trisul32/vega-tools/toolchain/bin/../lib/gcc/riscv32-vega-elf/14.2.0/../../../../riscv32-vega-elf/lib/libc.a(libc_a-memcpy.o)
 .data          0x00000000        0x0 /home/joelphilip/Documents/C2S/Trisul32/vega-tools/toolchain/bin/../lib/gcc/riscv32-vega-elf/14.2.0/../../../../riscv32-vega-elf/lib/libc.a(libc_a-memcpy.o)
 .bss           0x00000000        0x0 /home/joelphilip/Documents/C2S/Trisul32/vega-tools/toolchain/bin/../lib/gcc/riscv32-vega-elf/14.2.0/../../../../riscv32-vega-elf/lib/libc.a(libc_a-memcpy.o)
 .text          0x00000000        0x0 /home/joelphilip/Documents/C2S/Trisul32/vega-tools/toolchain/bin/../lib/gcc/riscv32-vega-elf/14.2.0/../../../../riscv32-vega-elf/lib/libc.a(libm_a-s_modf.o)
 .data          0x00000000        0x0 /home/joelphilip/Documents/C2S/Trisul32/vega-tools/toolchain/bin/../lib/gcc/riscv32-vega-elf/14.2.0/../../../../riscv32-vega-elf/lib/libc.a(libm_a-s_modf.o)
 .bss           0x00000000        0x0 /home/joelphilip/Documents/C2S/Trisul32/vega-tools/toolchain/bin/../lib/gcc/riscv32-vega-elf/14.2.0/../../../../riscv32-vega-elf/lib/libc.a(libm_a-s_modf.o)
 .text          0x00000000        0x0 /home/joelphilip/Documents/C2S/Trisul32/vega-tools/toolchain/bin/../lib/gcc/riscv32-vega-elf/14.2.0/../../../../riscv32-vega-elf/lib/libc.a(libm_a-s_fpclassify.o)
 .data          0x00000000        0x0 /home/joelphilip/Documents/C2S/Trisul32/vega-tools/toolchain/bin/../lib/gcc/riscv32-vega-elf/14.2.0/../../../../riscv32-vega-elf/lib/libc.a(libm_a-s_fpclassify.o)
 .bss           0x00000000        0x0 /home/joelphilip/Documents/C2S/Trisul32/vega-tools/toolchain/bin/../lib/gcc/riscv32-vega-elf/14.2.0/../../../../riscv32-vega-elf/lib/libc.a(libm_a-s_fpclassify.o)
 .data          0x00000000        0x0 /home/joelphilip/Documents/C2S/Trisul32/vega-tools/toolchain/bin/../lib/gcc/riscv32-vega-elf/14.2.0/libgcc.a(adddf3.o)
 .bss           0x00000000        0x0 /home/joelphilip/Documents/C2S/Trisul32/vega-tools/toolchain/bin/../lib/gcc/riscv32-vega-elf/14.2.0/libgcc.a(adddf3.o)
 .data          0x00000000        0x0 /home/joelphilip/Documents/C2S/Trisul32/vega-tools/toolchain/bin/../lib/gcc/riscv32-vega-elf/14.2.0/libgcc.a(divdf3.o)
 .bss           0x00000000        0x0 /home/joelphilip/Documents/C2S/Trisul32/vega-tools/toolchain/bin/../lib/gcc/riscv32-vega-elf/14.2.0/libgcc.a(divdf3.o)
 .data          0x00000000        0x0 /home/joelphilip/Documents/C2S/Trisul32/vega-tools/toolchain/bin/../lib/gcc/riscv32-vega-elf/14.2.0/libgcc.a(eqdf2.o)
 .bss           0x00000000        0x0 /home/joelphilip/Documents/C2S/Trisul32/vega-tools/toolchain/bin/../lib/gcc/riscv32-vega-elf/14.2.0/libgcc.a(eqdf2.o)
 .data          0x00000000        0x0 /home/joelphilip/Documents/C2S/Trisul32/vega-tools/toolchain/bin/../lib/gcc/riscv32-vega-elf/14.2.0/libgcc.a(gedf2.o)
 .bss           0x00000000        0x0 /home/joelphilip/Documents/C2S/Trisul32/vega-tools/toolchain/bin/../lib/gcc/riscv32-vega-elf/14.2.0/libgcc.a(gedf2.o)
 .data          0x00000000        0x0 /home/joelphilip/Documents/C2S/Trisul32/vega-tools/toolchain/bin/../lib/gcc/riscv32-vega-elf/14.2.0/libgcc.a(ledf2.o)
 .bss           0x00000000        0x0 /home/joelphilip/Documents/C2S/Trisul32/vega-tools/toolchain/bin/../lib/gcc/riscv32-vega-elf/14.2.0/libgcc.a(ledf2.o)
 .data          0x00000000        0x0 /home/joelphilip/Documents/C2S/Trisul32/vega-tools/toolchain/bin/../lib/gcc/riscv32-vega-elf/14.2.0/libgcc.a(muldf3.o)
 .bss           0x00000000        0x0 /home/joelphilip/Documents/C2S/Trisul32/vega-tools/toolchain/bin/../lib/gcc/riscv32-vega-elf/14.2.0/libgcc.a(muldf3.o)
 .data          0x00000000        0x0 /home/joelphilip/Documents/C2S/Trisul32/vega-tools/toolchain/bin/../lib/gcc/riscv32-vega-elf/14.2.0/libgcc.a(subdf3.o)
 .bss           0x00000000        0x0 /home/joelphilip/Documents/C2S/Trisul32/vega-tools/toolchain/bin/../lib/gcc/riscv32-vega-elf/14.2.0/libgcc.a(subdf3.o)
 .data          0x00000000        0x0 /home/joelphilip/Documents/C2S/Trisul32/vega-tools/toolchain/bin/../lib/gcc/riscv32-vega-elf/14.2.0/libgcc.a(fixdfsi.o)
 .bss           0x00000000        0x0 /home/joelphilip/Documents/C2S/Trisul32/vega-tools/toolchain/bin/../lib/gcc/riscv32-vega-elf/14.2.0/libgcc.a(fixdfsi.o)
 .data          0x00000000        0x0 /home/joelphilip/Documents/C2S/Trisul32/vega-tools/toolchain/bin/../lib/gcc/riscv32-vega-elf/14.2.0/libgcc.a(addsf3.o)
 .bss           0x00000000        0x0 /home/joelphilip/Documents/C2S/Trisul32/vega-tools/toolchain/bin/../lib/gcc/riscv32-vega-elf/14.2.0/libgcc.a(addsf3.o)
 .data          0x00000000        0x0 /home/joelphilip/Documents/C2S/Trisul32/vega-tools/toolchain/bin/../lib/gcc/riscv32-vega-elf/14.2.0/libgcc.a(divsf3.o)
 .bss           0x00000000        0x0 /home/joelphilip/Documents/C2S/Trisul32/vega-tools/toolchain/bin/../lib/gcc/riscv32-vega-elf/14.2.0/libgcc.a(divsf3.o)
 .data          0x00000000        0x0 /home/joelphilip/Documents/C2S/Trisul32/vega-tools/toolchain/bin/../lib/gcc/riscv32-vega-elf/14.2.0/libgcc.a(mulsf3.o)
 .bss           0x00000000        0x0 /home/joelphilip/Documents/C2S/Trisul32/vega-tools/toolchain/bin/../lib/gcc/riscv32-vega-elf/14.2.0/libgcc.a(mulsf3.o)
 .data          0x00000000        0x0 /home/joelphilip/Documents/C2S/Trisul32/vega-tools/toolchain/bin/../lib/gcc/riscv32-vega-elf/14.2.0/libgcc.a(floatsisf.o)
 .bss           0x00000000        0x0 /home/joelphilip/Documents/C2S/Trisul32/vega-tools/toolchain/bin/../lib/gcc/riscv32-vega-elf/14.2.0/libgcc.a(floatsisf.o)
 .data          0x00000000        0x0 /home/joelphilip/Documents/C2S/Trisul32/vega-tools/toolchain/bin/../lib/gcc/riscv32-vega-elf/14.2.0/libgcc.a(_clzsi2.o)
 .bss           0x00000000        0x0 /home/joelphilip/Documents/C2S/Trisul32/vega-tools/toolchain/bin/../lib/gcc/riscv32-vega-elf/14.2.0/libgcc.a(_clzsi2.o)
 .text          0x00000000        0x0 /home/joelphilip/Documents/C2S/Trisul32/vega-tools/toolchain/bin/../lib/gcc/riscv32-vega-elf/14.2.0/libgcc.a(_clz.o)
 .data          0x00000000        0x0 /home/joelphilip/Documents/C2S/Trisul32/vega-tools/toolchain/bin/../lib/gcc/riscv32-vega-elf/14.2.0/libgcc.a(_clz.o)
 .bss           0x00000000        0x0 /home/joelphilip/Documents/C2S/Trisul32/vega-tools/toolchain/bin/../lib/gcc/riscv32-vega-elf/14.2.0/libgcc.a(_clz.o)

Memory Configuration

Name             Origin             Length             Attributes
*default*        0x00000000         0xffffffff

Linker script and memory map

LOAD build/./main.o
START GROUP
LOAD /home/joelphilip/Documents/C2S/Trisul32/vega-sdk/bsp/libvega.a
LOAD /home/joelphilip/Documents/C2S/Trisul32/vega-tools/toolchain/bin/../lib/gcc/riscv32-vega-elf/14.2.0/../../../../riscv32-vega-elf/lib/libc.a
LOAD /home/joelphilip/Documents/C2S/Trisul32/vega-tools/toolchain/bin/../lib/gcc/riscv32-vega-elf/14.2.0/libgcc.a
LOAD /home/joelphilip/Documents/C2S/Trisul32/vega-tools/toolchain/bin/../lib/gcc/riscv32-vega-elf/14.2.0/../../../../riscv32-vega-elf/lib/libm.a
END GROUP
LOAD /home/joelphilip/Documents/C2S/Trisul32/vega-tools/toolchain/bin/../lib/gcc/riscv32-vega-elf/14.2.0/libgcc.a
START GROUP
LOAD /home/joelphilip/Documents/C2S/Trisul32/vega-tools/toolchain/bin/../lib/gcc/riscv32-vega-elf/14.2.0/../../../../riscv32-vega-elf/lib/libc.a
LOAD /home/joelphilip/Documents/C2S/Trisul32/vega-tools/toolchain/bin/../lib/gcc/riscv32-vega-elf/14.2.0/../../../../riscv32-vega-elf/lib/libgloss.a
END GROUP
LOAD /home/joelphilip/Documents/C2S/Trisul32/vega-tools/toolchain/bin/../lib/gcc/riscv32-vega-elf/14.2.0/libgcc.a
                0x00002000                        __heap_size = 0x2000
                0x00020000                        . = 0x20000

.text.init      0x00020000      0x210
 *(.text.init)
 .text.init     0x00020000      0x210 /home/joelphilip/Documents/C2S/Trisul32/vega-sdk/bsp/libvega.a(crt.o)
                0x00020000                _start
                0x000200ec                trap_entry

.text           0x00020210     0x68e8
 *(.text)
 .text          0x00020210      0x9ec /home/joelphilip/Documents/C2S/Trisul32/vega-sdk/bsp/libvega.a(pwmc.o)
                0x00020210                PWMC_Set_Period
                0x00020264                PWMC_Set_OnOffTime
                0x000202b8                PWMC_init
                0x00020424                PWMC_Set_mode
                0x000204c8                PWMC_Set_alignment
                0x00020570                PWMC_Set_RepeatCount
                0x00020614                PWMC_Enable
                0x0002065c                PWMC_Enable_with_intr
                0x000206a4                PWMC_Disable
                0x000206e0                gen_LeftAlign_PWM_OneShort_Mode
                0x000207dc                gen_RightAlign_PWM_OneShort_Mode
                0x000208dc                gen_LeftAlign_PWM_Continuous_Mode
                0x000209b4                gen_RightAlign_PWM_Continuous_Mode
                0x00020a84                pwmc_register_isr
                0x00020b88                pwm_idle_check_opc
 .text          0x00020bfc     0x2474 /home/joelphilip/Documents/C2S/Trisul32/vega-sdk/bsp/libvega.a(stdlib.o)
                0x00020bfc                handle_trap
                0x00020cac                exit
                0x00020cd0                abort
                0x00020d00                printstr
                0x00020d34                thread_entry
                0x00020e48                _init
                0x00020e88                putchar
                0x00020ed8                printhex
                0x00021188                atoi
                0x00021214                atof
                0x00021358                _usleep
                0x000213c4                udelay
                0x00021424                usleep
                0x00021498                get_time
                0x00022e1c                puts
                0x00022ea4                printf
                0x00022f5c                sprintf
                0x00022fd0                _sbrk
 .text          0x00023070      0x654 /home/joelphilip/Documents/C2S/Trisul32/vega-sdk/bsp/libvega.a(rawfloat.o)
                0x00023544                ecvt
                0x000235a4                ecvtbuf
                0x00023604                fcvt
                0x00023664                fcvtbuf
 .text          0x000236c4      0x66c /home/joelphilip/Documents/C2S/Trisul32/vega-sdk/bsp/libvega.a(debug_uart.o)
                0x000236c4                init_uart
                0x00023720                tx_uart
                0x00023788                rx_uart
                0x000237dc                get_decimal
                0x000239fc                get_long_int
                0x00023bb0                get_hex
 .text          0x00023d30      0x2bc /home/joelphilip/Documents/C2S/Trisul32/vega-sdk/bsp/libvega.a(interrupt.o)
                0x00023d30                enable_irq
                0x00023d78                enable_sw_irq
                0x00023dc0                disable_sw_irq
                0x00023dec                interrupt_enable
                0x00023e40                irq_register_handler
                0x00023e8c                sw_irq_register_handler
                0x00023ec0                interrupt_handler
                0x00023fc0                generate_sw_irq
 .text          0x00023fec       0xdc /home/joelphilip/Documents/C2S/Trisul32/vega-tools/toolchain/bin/../lib/gcc/riscv32-vega-elf/14.2.0/../../../../riscv32-vega-elf/lib/libc.a(libc_a-memset.o)
                0x00023fec                memset
 .text          0x000240c8      0x780 /home/joelphilip/Documents/C2S/Trisul32/vega-tools/toolchain/bin/../lib/gcc/riscv32-vega-elf/14.2.0/libgcc.a(adddf3.o)
                0x000240c8                __adddf3
 .text          0x00024848      0x6bc /home/joelphilip/Documents/C2S/Trisul32/vega-tools/toolchain/bin/../lib/gcc/riscv32-vega-elf/14.2.0/libgcc.a(divdf3.o)
                0x00024848                __divdf3
 .text          0x00024f04       0x8c /home/joelphilip/Documents/C2S/Trisul32/vega-tools/toolchain/bin/../lib/gcc/riscv32-vega-elf/14.2.0/libgcc.a(eqdf2.o)
                0x00024f04                __eqdf2
                0x00024f04                __nedf2
 .text          0x00024f90       0xd0 /home/joelphilip/Documents/C2S/Trisul32/vega-tools/toolchain/bin/../lib/gcc/riscv32-vega-elf/14.2.0/libgcc.a(gedf2.o)
                0x00024f90                __gtdf2
                0x00024f90                __gedf2
 .text          0x00025060       0xd0 /home/joelphilip/Documents/C2S/Trisul32/vega-tools/toolchain/bin/../lib/gcc/riscv32-vega-elf/14.2.0/libgcc.a(ledf2.o)
                0x00025060                __ltdf2
                0x00025060                __ledf2
 .text          0x00025130      0x5f4 /home/joelphilip/Documents/C2S/Trisul32/vega-tools/toolchain/bin/../lib/gcc/riscv32-vega-elf/14.2.0/libgcc.a(muldf3.o)
                0x00025130                __muldf3
 .text          0x00025724      0x790 /home/joelphilip/Documents/C2S/Trisul32/vega-tools/toolchain/bin/../lib/gcc/riscv32-vega-elf/14.2.0/libgcc.a(subdf3.o)
                0x00025724                __subdf3
 .text          0x00025eb4       0x80 /home/joelphilip/Documents/C2S/Trisul32/vega-tools/toolchain/bin/../lib/gcc/riscv32-vega-elf/14.2.0/libgcc.a(fixdfsi.o)
                0x00025eb4                __fixdfsi
 .text          0x00025f34      0x430 /home/joelphilip/Documents/C2S/Trisul32/vega-tools/toolchain/bin/../lib/gcc/riscv32-vega-elf/14.2.0/libgcc.a(addsf3.o)
                0x00025f34                __addsf3
 .text          0x00026364      0x31c /home/joelphilip/Documents/C2S/Trisul32/vega-tools/toolchain/bin/../lib/gcc/riscv32-vega-elf/14.2.0/libgcc.a(divsf3.o)
                0x00026364                __divsf3
 .text          0x00026680      0x31c /home/joelphilip/Documents/C2S/Trisul32/vega-tools/toolchain/bin/../lib/gcc/riscv32-vega-elf/14.2.0/libgcc.a(mulsf3.o)
                0x00026680                __mulsf3
 .text          0x0002699c      0x110 /home/joelphilip/Documents/C2S/Trisul32/vega-tools/toolchain/bin/../lib/gcc/riscv32-vega-elf/14.2.0/libgcc.a(floatsisf.o)
                0x0002699c                __floatsisf
 .text          0x00026aac       0x4c /home/joelphilip/Documents/C2S/Trisul32/vega-tools/toolchain/bin/../lib/gcc/riscv32-vega-elf/14.2.0/libgcc.a(_clzsi2.o)
                0x00026aac                __clzsi2

.text.pwmc_continuous_mode
                0x00026af8       0x84
 .text.pwmc_continuous_mode
                0x00026af8       0x84 build/./main.o
                0x00026af8                pwmc_continuous_mode

.text.main      0x00026b7c      0x2cc
 .text.main     0x00026b7c      0x2cc build/./main.o
                0x00026b7c                main

.INTERRUPT_isr_sect_0
                0x00026e48      0x108
 .INTERRUPT_isr_sect_0
                0x00026e48      0x108 /home/joelphilip/Documents/C2S/Trisul32/vega-sdk/bsp/libvega.a(crt.o)
                0x00026e48                INTERRUPT_Handler_0

.text.strnlen   0x00026f50       0x30
 .text.strnlen  0x00026f50       0x30 /home/joelphilip/Documents/C2S/Trisul32/vega-tools/toolchain/bin/../lib/gcc/riscv32-vega-elf/14.2.0/../../../../riscv32-vega-elf/lib/libc.a(libc_a-strnlen.o)
                0x00026f50                strnlen

.text.memcpy    0x00026f80      0x128
 .text.memcpy   0x00026f80      0x128 /home/joelphilip/Documents/C2S/Trisul32/vega-tools/toolchain/bin/../lib/gcc/riscv32-vega-elf/14.2.0/../../../../riscv32-vega-elf/lib/libc.a(libc_a-memcpy.o)
                0x00026f80                memcpy

.text.modf      0x000270a8      0x1b8
 .text.modf     0x000270a8      0x1b8 /home/joelphilip/Documents/C2S/Trisul32/vega-tools/toolchain/bin/../lib/gcc/riscv32-vega-elf/14.2.0/../../../../riscv32-vega-elf/lib/libc.a(libm_a-s_modf.o)
                0x000270a8                modf

.text.__fpclassifyd
                0x00027260       0x70
 .text.__fpclassifyd
                0x00027260       0x70 /home/joelphilip/Documents/C2S/Trisul32/vega-tools/toolchain/bin/../lib/gcc/riscv32-vega-elf/14.2.0/../../../../riscv32-vega-elf/lib/libc.a(libm_a-s_fpclassify.o)
                0x00027260                __fpclassifyd

.rodata         0x000272d0      0x3f8
 .rodata        0x000272d0       0x53 build/./main.o
 *fill*         0x00027323        0x1 
 .rodata        0x00027324        0x6 /home/joelphilip/Documents/C2S/Trisul32/vega-sdk/bsp/libvega.a(pwmc.o)
 *fill*         0x0002732a        0x2 
 .rodata        0x0002732c      0x20c /home/joelphilip/Documents/C2S/Trisul32/vega-sdk/bsp/libvega.a(stdlib.o)
 .rodata        0x00027538       0x18 /home/joelphilip/Documents/C2S/Trisul32/vega-sdk/bsp/libvega.a(rawfloat.o)
 .rodata        0x00027550       0x3c /home/joelphilip/Documents/C2S/Trisul32/vega-tools/toolchain/bin/../lib/gcc/riscv32-vega-elf/14.2.0/libgcc.a(divdf3.o)
 .rodata        0x0002758c       0x3c /home/joelphilip/Documents/C2S/Trisul32/vega-tools/toolchain/bin/../lib/gcc/riscv32-vega-elf/14.2.0/libgcc.a(divsf3.o)
 .rodata        0x000275c8      0x100 /home/joelphilip/Documents/C2S/Trisul32/vega-tools/toolchain/bin/../lib/gcc/riscv32-vega-elf/14.2.0/libgcc.a(_clz.o)
                0x000275c8                __clz_tab

.rela.dyn       0x000276c8        0x0
 .rela.got      0x000276c8        0x0 build/./main.o
 .rela.text     0x000276c8        0x0 build/./main.o
 .rela.sdata    0x000276c8        0x0 build/./main.o
 .rela.text.init
                0x000276c8        0x0 build/./main.o

.data
 *(.data)

.got            0x000276c8       0x10
 .got           0x000276c8       0x10 build/./main.o
                0x000276c8                _GLOBAL_OFFSET_TABLE_

.got.plt        0x000276d8        0x8
 .got.plt       0x000276d8        0x8 build/./main.o

.sdata          0x000276e0        0xc
                0x00027ee0                        __global_pointer$ = (. + 0x800)
 *(.srodata.cst16)
 *(.srodata.cst8)
 *(.srodata.cst4)
 *(.srodata.cst2)
 *(.srodata*)
 *(.sdata .sdata.* .gnu.linkonce.s.*)
 .sdata         0x000276e0        0xc /home/joelphilip/Documents/C2S/Trisul32/vega-sdk/bsp/libvega.a(stdlib.o)
                0x000276ec                        _bss_start = .

.sbss           0x000276ec        0xc
 *(.sbss .sbss.* .gnu.linkonce.sb.*)
 .sbss          0x000276ec        0x4 /home/joelphilip/Documents/C2S/Trisul32/vega-sdk/bsp/libvega.a(pwmc.o)
                0x000276ec                gPWMCtransfer
 .sbss          0x000276f0        0x4 /home/joelphilip/Documents/C2S/Trisul32/vega-sdk/bsp/libvega.a(stdlib.o)
                0x000276f0                loop_count
 .sbss          0x000276f4        0x4 /home/joelphilip/Documents/C2S/Trisul32/vega-sdk/bsp/libvega.a(interrupt.o)
                0x000276f4                sw_irq_function
 *(.scommon)

.bss            0x000276f8      0x150
 *(.bss)
 .bss           0x000276f8       0x50 /home/joelphilip/Documents/C2S/Trisul32/vega-sdk/bsp/libvega.a(rawfloat.o)
 .bss           0x00027748      0x100 /home/joelphilip/Documents/C2S/Trisul32/vega-sdk/bsp/libvega.a(interrupt.o)
                0x00027748                irq_table
                0x00027848                        _bss_end = .

.tdata          0x00027848        0x0
                0x00027848                        _tls_data = .
 *(.tdata.begin)
 .tdata.begin   0x00027848        0x0 /home/joelphilip/Documents/C2S/Trisul32/vega-sdk/bsp/libvega.a(crt.o)
 *(.tdata)
 *(.tdata.end)
 .tdata.end     0x00027848        0x0 /home/joelphilip/Documents/C2S/Trisul32/vega-sdk/bsp/libvega.a(crt.o)

.tbss           0x00027848        0x0
 *(.tbss)
 *(.tbss.end)
 .tbss.end      0x00027848        0x0 /home/joelphilip/Documents/C2S/Trisul32/vega-sdk/bsp/libvega.a(crt.o)

.heap           0x00027848        0x0
                0x00029848                        PROVIDE (_heap_end = (. + __heap_size))
                0x00027848                        _end = .
OUTPUT(build/pwm_led_brightness.elf elf32-littleriscv)

.comment        0x00000000       0x2b
 .comment       0x00000000       0x2b build/./main.o
                                 0x1a (size before relaxing)
 .comment       0x0000002b       0x1a /home/joelphilip/Documents/C2S/Trisul32/vega-sdk/bsp/libvega.a(pwmc.o)
 .comment       0x0000002b       0x1a /home/joelphilip/Documents/C2S/Trisul32/vega-sdk/bsp/libvega.a(stdlib.o)
 .comment       0x0000002b       0x1a /home/joelphilip/Documents/C2S/Trisul32/vega-sdk/bsp/libvega.a(rawfloat.o)
 .comment       0x0000002b       0x1a /home/joelphilip/Documents/C2S/Trisul32/vega-sdk/bsp/libvega.a(debug_uart.o)
 .comment       0x0000002b       0x1a /home/joelphilip/Documents/C2S/Trisul32/vega-sdk/bsp/libvega.a(interrupt.o)
 .comment       0x0000002b       0x13 /home/joelphilip/Documents/C2S/Trisul32/vega-tools/toolchain/bin/../lib/gcc/riscv32-vega-elf/14.2.0/../../../../riscv32-vega-elf/lib/libc.a(libc_a-strnlen.o)
 .comment       0x0000002b       0x13 /home/joelphilip/Documents/C2S/Trisul32/vega-tools/toolchain/bin/../lib/gcc/riscv32-vega-elf/14.2.0/../../../../riscv32-vega-elf/lib/libc.a(libc_a-memcpy.o)
 .comment       0x0000002b       0x13 /home/joelphilip/Documents/C2S/Trisul32/vega-tools/toolchain/bin/../lib/gcc/riscv32-vega-elf/14.2.0/../../../../riscv32-vega-elf/lib/libc.a(libm_a-s_modf.o)
 .comment       0x0000002b       0x13 /home/joelphilip/Documents/C2S/Trisul32/vega-tools/toolchain/bin/../lib/gcc/riscv32-vega-elf/14.2.0/../../../../riscv32-vega-elf/lib/libc.a(libm_a-s_fpclassify.o)
 .comment       0x0000002b       0x1a /home/joelphilip/Documents/C2S/Trisul32/vega-tools/toolchain/bin/../lib/gcc/riscv32-vega-elf/14.2.0/libgcc.a(adddf3.o)
 .comment       0x0000002b       0x1a /home/joelphilip/Documents/C2S/Trisul32/vega-tools/toolchain/bin/../lib/gcc/riscv32-vega-elf/14.2.0/libgcc.a(divdf3.o)
 .comment       0x0000002b       0x1a /home/joelphilip/Documents/C2S/Trisul32/vega-tools/toolchain/bin/../lib/gcc/riscv32-vega-elf/14.2.0/libgcc.a(eqdf2.o)
 .comment       0x0000002b       0x1a /home/joelphilip/Documents/C2S/Trisul32/vega-tools/toolchain/bin/../lib/gcc/riscv32-vega-elf/14.2.0/libgcc.a(gedf2.o)
 .comment       0x0000002b       0x1a /home/joelphilip/Documents/C2S/Trisul32/vega-tools/toolchain/bin/../lib/gcc/riscv32-vega-elf/14.2.0/libgcc.a(ledf2.o)
 .comment       0x0000002b       0x1a /home/joelphilip/Documents/C2S/Trisul32/vega-tools/toolchain/bin/../lib/gcc/riscv32-vega-elf/14.2.0/libgcc.a(muldf3.o)
 .comment       0x0000002b       0x1a /home/joelphilip/Documents/C2S/Trisul32/vega-tools/toolchain/bin/../lib/gcc/riscv32-vega-elf/14.2.0/libgcc.a(subdf3.o)
 .comment       0x0000002b       0x1a /home/joelphilip/Documents/C2S/Trisul32/vega-tools/toolchain/bin/../lib/gcc/riscv32-vega-elf/14.2.0/libgcc.a(fixdfsi.o)
 .comment       0x0000002b       0x1a /home/joelphilip/Documents/C2S/Trisul32/vega-tools/toolchain/bin/../lib/gcc/riscv32-vega-elf/14.2.0/libgcc.a(addsf3.o)
 .comment       0x0000002b       0x1a /home/joelphilip/Documents/C2S/Trisul32/vega-tools/toolchain/bin/../lib/gcc/riscv32-vega-elf/14.2.0/libgcc.a(divsf3.o)
 .comment       0x0000002b       0x1a /home/joelphilip/Documents/C2S/Trisul32/vega-tools/toolchain/bin/../lib/gcc/riscv32-vega-elf/14.2.0/libgcc.a(mulsf3.o)
 .comment       0x0000002b       0x1a /home/joelphilip/Documents/C2S/Trisul32/vega-tools/toolchain/bin/../lib/gcc/riscv32-vega-elf/14.2.0/libgcc.a(floatsisf.o)
 .comment       0x0000002b       0x1a /home/joelphilip/Documents/C2S/Trisul32/vega-tools/toolchain/bin/../lib/gcc/riscv32-vega-elf/14.2.0/libgcc.a(_clzsi2.o)
 .comment       0x0000002b       0x1a /home/joelphilip/Documents/C2S/Trisul32/vega-tools/toolchain/bin/../lib/gcc/riscv32-vega-elf/14.2.0/libgcc.a(_clz.o)

.note.GNU-stack
                0x00000000        0x0
 .note.GNU-stack
                0x00000000        0x0 build/./main.o
 .note.GNU-stack
                0x00000000        0x0 /home/joelphilip/Documents/C2S/Trisul32/vega-sdk/bsp/libvega.a(pwmc.o)
 .note.GNU-stack
                0x00000000        0x0 /home/joelphilip/Documents/C2S/Trisul32/vega-sdk/bsp/libvega.a(stdlib.o)
 .note.GNU-stack
                0x00000000        0x0 /home/joelphilip/Documents/C2S/Trisul32/vega-sdk/bsp/libvega.a(rawfloat.o)
 .note.GNU-stack
                0x00000000        0x0 /home/joelphilip/Documents/C2S/Trisul32/vega-sdk/bsp/libvega.a(debug_uart.o)
 .note.GNU-stack
                0x00000000        0x0 /home/joelphilip/Documents/C2S/Trisul32/vega-sdk/bsp/libvega.a(interrupt.o)
 .note.GNU-stack
                0x00000000        0x0 /home/joelphilip/Documents/C2S/Trisul32/vega-tools/toolchain/bin/../lib/gcc/riscv32-vega-elf/14.2.0/../../../../riscv32-vega-elf/lib/libc.a(libc_a-strnlen.o)
 .note.GNU-stack
                0x00000000        0x0 /home/joelphilip/Documents/C2S/Trisul32/vega-tools/toolchain/bin/../lib/gcc/riscv32-vega-elf/14.2.0/../../../../riscv32-vega-elf/lib/libc.a(libc_a-memcpy.o)
 .note.GNU-stack
                0x00000000        0x0 /home/joelphilip/Documents/C2S/Trisul32/vega-tools/toolchain/bin/../lib/gcc/riscv32-vega-elf/14.2.0/../../../../riscv32-vega-elf/lib/libc.a(libm_a-s_modf.o)
 .note.GNU-stack
                0x00000000        0x0 /home/joelphilip/Documents/C2S/Trisul32/vega-tools/toolchain/bin/../lib/gcc/riscv32-vega-elf/14.2.0/../../../../riscv32-vega-elf/lib/libc.a(libm_a-s_fpclassify.o)
 .note.GNU-stack
                0x00000000        0x0 /home/joelphilip/Documents/C2S/Trisul32/vega-tools/toolchain/bin/../lib/gcc/riscv32-vega-elf/14.2.0/libgcc.a(adddf3.o)
 .note.GNU-stack
                0x00000000        0x0 /home/joelphilip/Documents/C2S/Trisul32/vega-tools/toolchain/bin/../lib/gcc/riscv32-vega-elf/14.2.0/libgcc.a(divdf3.o)
 .note.GNU-stack
                0x00000000        0x0 /home/joelphilip/Documents/C2S/Trisul32/vega-tools/toolchain/bin/../lib/gcc/riscv32-vega-elf/14.2.0/libgcc.a(eqdf2.o)
 .note.GNU-stack
                0x00000000        0x0 /home/joelphilip/Documents/C2S/Trisul32/vega-tools/toolchain/bin/../lib/gcc/riscv32-vega-elf/14.2.0/libgcc.a(gedf2.o)
 .note.GNU-stack
                0x00000000        0x0 /home/joelphilip/Documents/C2S/Trisul32/vega-tools/toolchain/bin/../lib/gcc/riscv32-vega-elf/14.2.0/libgcc.a(ledf2.o)
 .note.GNU-stack
                0x00000000        0x0 /home/joelphilip/Documents/C2S/Trisul32/vega-tools/toolchain/bin/../lib/gcc/riscv32-vega-elf/14.2.0/libgcc.a(muldf3.o)
 .note.GNU-stack
                0x00000000        0x0 /home/joelphilip/Documents/C2S/Trisul32/vega-tools/toolchain/bin/../lib/gcc/riscv32-vega-elf/14.2.0/libgcc.a(subdf3.o)
 .note.GNU-stack
                0x00000000        0x0 /home/joelphilip/Documents/C2S/Trisul32/vega-tools/toolchain/bin/../lib/gcc/riscv32-vega-elf/14.2.0/libgcc.a(fixdfsi.o)
 .note.GNU-stack
                0x00000000        0x0 /home/joelphilip/Documents/C2S/Trisul32/vega-tools/toolchain/bin/../lib/gcc/riscv32-vega-elf/14.2.0/libgcc.a(addsf3.o)
 .note.GNU-stack
                0x00000000        0x0 /home/joelphilip/Documents/C2S/Trisul32/vega-tools/toolchain/bin/../lib/gcc/riscv32-vega-elf/14.2.0/libgcc.a(divsf3.o)
 .note.GNU-stack
                0x00000000        0x0 /home/joelphilip/Documents/C2S/Trisul32/vega-tools/toolchain/bin/../lib/gcc/riscv32-vega-elf/14.2.0/libgcc.a(mulsf3.o)
 .note.GNU-stack
                0x00000000        0x0 /home/joelphilip/Documents/C2S/Trisul32/vega-tools/toolchain/bin/../lib/gcc/riscv32-vega-elf/14.2.0/libgcc.a(floatsisf.o)
 .note.GNU-stack
                0x00000000        0x0 /home/joelphilip/Documents/C2S/Trisul32/vega-tools/toolchain/bin/../lib/gcc/riscv32-vega-elf/14.2.0/libgcc.a(_clzsi2.o)
 .note.GNU-stack
                0x00000000        0x0 /home/joelphilip/Documents/C2S/Trisul32/vega-tools/toolchain/bin/../lib/gcc/riscv32-vega-elf/14.2.0/libgcc.a(_clz.o)

.riscv.attributes
                0x00000000       0x4f
 .riscv.attributes
                0x00000000       0x4b build/./main.o
 .riscv.attributes
                0x0000004b       0x4b /home/joelphilip/Documents/C2S/Trisul32/vega-sdk/bsp/libvega.a(pwmc.o)
 .riscv.attributes
                0x00000096       0x4f /home/joelphilip/Documents/C2S/Trisul32/vega-sdk/bsp/libvega.a(stdlib.o)
 .riscv.attributes
                0x000000e5       0x4b /home/joelphilip/Documents/C2S/Trisul32/vega-sdk/bsp/libvega.a(rawfloat.o)
 .riscv.attributes
                0x00000130       0x4d /home/joelphilip/Documents/C2S/Trisul32/vega-sdk/bsp/libvega.a(crt.o)
 .riscv.attributes
                0x0000017d       0x4b /home/joelphilip/Documents/C2S/Trisul32/vega-sdk/bsp/libvega.a(debug_uart.o)
 .riscv.attributes
                0x000001c8       0x4f /home/joelphilip/Documents/C2S/Trisul32/vega-sdk/bsp/libvega.a(interrupt.o)
 .riscv.attributes
                0x00000217       0x4b /home/joelphilip/Documents/C2S/Trisul32/vega-tools/toolchain/bin/../lib/gcc/riscv32-vega-elf/14.2.0/../../../../riscv32-vega-elf/lib/libc.a(libc_a-strnlen.o)
 .riscv.attributes
                0x00000262       0x49 /home/joelphilip/Documents/C2S/Trisul32/vega-tools/toolchain/bin/../lib/gcc/riscv32-vega-elf/14.2.0/../../../../riscv32-vega-elf/lib/libc.a(libc_a-memset.o)
 .riscv.attributes
                0x000002ab       0x4b /home/joelphilip/Documents/C2S/Trisul32/vega-tools/toolchain/bin/../lib/gcc/riscv32-vega-elf/14.2.0/../../../../riscv32-vega-elf/lib/libc.a(libc_a-memcpy.o)
 .riscv.attributes
                0x000002f6       0x4b /home/joelphilip/Documents/C2S/Trisul32/vega-tools/toolchain/bin/../lib/gcc/riscv32-vega-elf/14.2.0/../../../../riscv32-vega-elf/lib/libc.a(libm_a-s_modf.o)
 .riscv.attributes
                0x00000341       0x4b /home/joelphilip/Documents/C2S/Trisul32/vega-tools/toolchain/bin/../lib/gcc/riscv32-vega-elf/14.2.0/../../../../riscv32-vega-elf/lib/libc.a(libm_a-s_fpclassify.o)
 .riscv.attributes
                0x0000038c       0x4b /home/joelphilip/Documents/C2S/Trisul32/vega-tools/toolchain/bin/../lib/gcc/riscv32-vega-elf/14.2.0/libgcc.a(adddf3.o)
 .riscv.attributes
                0x000003d7       0x4b /home/joelphilip/Documents/C2S/Trisul32/vega-tools/toolchain/bin/../lib/gcc/riscv32-vega-elf/14.2.0/libgcc.a(divdf3.o)
 .riscv.attributes
                0x00000422       0x4b /home/joelphilip/Documents/C2S/Trisul32/vega-tools/toolchain/bin/../lib/gcc/riscv32-vega-elf/14.2.0/libgcc.a(eqdf2.o)
 .riscv.attributes
                0x0000046d       0x4b /home/joelphilip/Documents/C2S/Trisul32/vega-tools/toolchain/bin/../lib/gcc/riscv32-vega-elf/14.2.0/libgcc.a(gedf2.o)
 .riscv.attributes
                0x000004b8       0x4b /home/joelphilip/Documents/C2S/Trisul32/vega-tools/toolchain/bin/../lib/gcc/riscv32-vega-elf/14.2.0/libgcc.a(ledf2.o)
 .riscv.attributes
                0x00000503       0x4b /home/joelphilip/Documents/C2S/Trisul32/vega-tools/toolchain/bin/../lib/gcc/riscv32-vega-elf/14.2.0/libgcc.a(muldf3.o)
 .riscv.attributes
                0x0000054e       0x4b /home/joelphilip/Documents/C2S/Trisul32/vega-tools/toolchain/bin/../lib/gcc/riscv32-vega-elf/14.2.0/libgcc.a(subdf3.o)
 .riscv.attributes
                0x00000599       0x4b /home/joelphilip/Documents/C2S/Trisul32/vega-tools/toolchain/bin/../lib/gcc/riscv32-vega-elf/14.2.0/libgcc.a(fixdfsi.o)
 .riscv.attributes
                0x000005e4       0x4b /home/joelphilip/Documents/C2S/Trisul32/vega-tools/toolchain/bin/../lib/gcc/riscv32-vega-elf/14.2.0/libgcc.a(addsf3.o)
 .riscv.attributes
                0x0000062f       0x4b /home/joelphilip/Documents/C2S/Trisul32/vega-tools/toolchain/bin/../lib/gcc/riscv32-vega-elf/14.2.0/libgcc.a(divsf3.o)
 .riscv.attributes
                0x0000067a       0x4b /home/joelphilip/Documents/C2S/Trisul32/vega-tools/toolchain/bin/../lib/gcc/riscv32-vega-elf/14.2.0/libgcc.a(mulsf3.o)
 .riscv.attributes
                0x000006c5       0x4b /home/joelphilip/Documents/C2S/Trisul32/vega-tools/toolchain/bin/../lib/gcc/riscv32-vega-elf/14.2.0/libgcc.a(floatsisf.o)
 .riscv.attributes
                0x00000710       0x4b /home/joelphilip/Documents/C2S/Trisul32/vega-tools/toolchain/bin/../lib/gcc/riscv32-vega-elf/14.2.0/libgcc.a(_clzsi2.o)
 .riscv.attributes
                0x0000075b       0x4b /home/joelphilip/Documents/C2S/Trisul32/vega-tools/toolchain/bin/../lib/gcc/riscv32-vega-elf/14.2.0/libgcc.a(_clz.o)

.debug_info     0x00000000     0x2d29
 .debug_info    0x00000000      0x4f6 /home/joelphilip/Documents/C2S/Trisul32/vega-tools/toolchain/bin/../lib/gcc/riscv32-vega-elf/14.2.0/libgcc.a(adddf3.o)
 .debug_info    0x000004f6      0x683 /home/joelphilip/Documents/C2S/Trisul32/vega-tools/toolchain/bin/../lib/gcc/riscv32-vega-elf/14.2.0/libgcc.a(divdf3.o)
 .debug_info    0x00000b79      0x221 /home/joelphilip/Documents/C2S/Trisul32/vega-tools/toolchain/bin/../lib/gcc/riscv32-vega-elf/14.2.0/libgcc.a(eqdf2.o)
 .debug_info    0x00000d9a      0x220 /home/joelphilip/Documents/C2S/Trisul32/vega-tools/toolchain/bin/../lib/gcc/riscv32-vega-elf/14.2.0/libgcc.a(gedf2.o)
 .debug_info    0x00000fba      0x220 /home/joelphilip/Documents/C2S/Trisul32/vega-tools/toolchain/bin/../lib/gcc/riscv32-vega-elf/14.2.0/libgcc.a(ledf2.o)
 .debug_info    0x000011da      0x6ac /home/joelphilip/Documents/C2S/Trisul32/vega-tools/toolchain/bin/../lib/gcc/riscv32-vega-elf/14.2.0/libgcc.a(muldf3.o)
 .debug_info    0x00001886      0x4f2 /home/joelphilip/Documents/C2S/Trisul32/vega-tools/toolchain/bin/../lib/gcc/riscv32-vega-elf/14.2.0/libgcc.a(subdf3.o)
 .debug_info    0x00001d78      0x1c2 /home/joelphilip/Documents/C2S/Trisul32/vega-tools/toolchain/bin/../lib/gcc/riscv32-vega-elf/14.2.0/libgcc.a(fixdfsi.o)
 .debug_info    0x00001f3a      0x2e8 /home/joelphilip/Documents/C2S/Trisul32/vega-tools/toolchain/bin/../lib/gcc/riscv32-vega-elf/14.2.0/libgcc.a(addsf3.o)
 .debug_info    0x00002222      0x360 /home/joelphilip/Documents/C2S/Trisul32/vega-tools/toolchain/bin/../lib/gcc/riscv32-vega-elf/14.2.0/libgcc.a(divsf3.o)
 .debug_info    0x00002582      0x350 /home/joelphilip/Documents/C2S/Trisul32/vega-tools/toolchain/bin/../lib/gcc/riscv32-vega-elf/14.2.0/libgcc.a(mulsf3.o)
 .debug_info    0x000028d2      0x213 /home/joelphilip/Documents/C2S/Trisul32/vega-tools/toolchain/bin/../lib/gcc/riscv32-vega-elf/14.2.0/libgcc.a(floatsisf.o)
 .debug_info    0x00002ae5      0x157 /home/joelphilip/Documents/C2S/Trisul32/vega-tools/toolchain/bin/../lib/gcc/riscv32-vega-elf/14.2.0/libgcc.a(_clzsi2.o)
 .debug_info    0x00002c3c       0xed /home/joelphilip/Documents/C2S/Trisul32/vega-tools/toolchain/bin/../lib/gcc/riscv32-vega-elf/14.2.0/libgcc.a(_clz.o)

.debug_abbrev   0x00000000     0x125a
 .debug_abbrev  0x00000000      0x186 /home/joelphilip/Documents/C2S/Trisul32/vega-tools/toolchain/bin/../lib/gcc/riscv32-vega-elf/14.2.0/libgcc.a(adddf3.o)
 .debug_abbrev  0x00000186      0x17c /home/joelphilip/Documents/C2S/Trisul32/vega-tools/toolchain/bin/../lib/gcc/riscv32-vega-elf/14.2.0/libgcc.a(divdf3.o)
 .debug_abbrev  0x00000302      0x153 /home/joelphilip/Documents/C2S/Trisul32/vega-tools/toolchain/bin/../lib/gcc/riscv32-vega-elf/14.2.0/libgcc.a(eqdf2.o)
 .debug_abbrev  0x00000455      0x168 /home/joelphilip/Documents/C2S/Trisul32/vega-tools/toolchain/bin/../lib/gcc/riscv32-vega-elf/14.2.0/libgcc.a(gedf2.o)
 .debug_abbrev  0x000005bd      0x168 /home/joelphilip/Documents/C2S/Trisul32/vega-tools/toolchain/bin/../lib/gcc/riscv32-vega-elf/14.2.0/libgcc.a(ledf2.o)
 .debug_abbrev  0x00000725      0x185 /home/joelphilip/Documents/C2S/Trisul32/vega-tools/toolchain/bin/../lib/gcc/riscv32-vega-elf/14.2.0/libgcc.a(muldf3.o)
 .debug_abbrev  0x000008aa      0x186 /home/joelphilip/Documents/C2S/Trisul32/vega-tools/toolchain/bin/../lib/gcc/riscv32-vega-elf/14.2.0/libgcc.a(subdf3.o)
 .debug_abbrev  0x00000a30      0x15f /home/joelphilip/Documents/C2S/Trisul32/vega-tools/toolchain/bin/../lib/gcc/riscv32-vega-elf/14.2.0/libgcc.a(fixdfsi.o)
 .debug_abbrev  0x00000b8f      0x17d /home/joelphilip/Documents/C2S/Trisul32/vega-tools/toolchain/bin/../lib/gcc/riscv32-vega-elf/14.2.0/libgcc.a(addsf3.o)
 .debug_abbrev  0x00000d0c      0x14c /home/joelphilip/Documents/C2S/Trisul32/vega-tools/toolchain/bin/../lib/gcc/riscv32-vega-elf/14.2.0/libgcc.a(divsf3.o)
 .debug_abbrev  0x00000e58      0x15b /home/joelphilip/Documents/C2S/Trisul32/vega-tools/toolchain/bin/../lib/gcc/riscv32-vega-elf/14.2.0/libgcc.a(mulsf3.o)
 .debug_abbrev  0x00000fb3      0x16d /home/joelphilip/Documents/C2S/Trisul32/vega-tools/toolchain/bin/../lib/gcc/riscv32-vega-elf/14.2.0/libgcc.a(floatsisf.o)
 .debug_abbrev  0x00001120       0xca /home/joelphilip/Documents/C2S/Trisul32/vega-tools/toolchain/bin/../lib/gcc/riscv32-vega-elf/14.2.0/libgcc.a(_clzsi2.o)
 .debug_abbrev  0x000011ea       0x70 /home/joelphilip/Documents/C2S/Trisul32/vega-tools/toolchain/bin/../lib/gcc/riscv32-vega-elf/14.2.0/libgcc.a(_clz.o)

.debug_loclists
                0x00000000     0x3b9c
 .debug_loclists
                0x00000000      0xa8e /home/joelphilip/Documents/C2S/Trisul32/vega-tools/toolchain/bin/../lib/gcc/riscv32-vega-elf/14.2.0/libgcc.a(adddf3.o)
 .debug_loclists
                0x00000a8e      0xa17 /home/joelphilip/Documents/C2S/Trisul32/vega-tools/toolchain/bin/../lib/gcc/riscv32-vega-elf/14.2.0/libgcc.a(divdf3.o)
 .debug_loclists
                0x000014a5       0x6f /home/joelphilip/Documents/C2S/Trisul32/vega-tools/toolchain/bin/../lib/gcc/riscv32-vega-elf/14.2.0/libgcc.a(eqdf2.o)
 .debug_loclists
                0x00001514      0x117 /home/joelphilip/Documents/C2S/Trisul32/vega-tools/toolchain/bin/../lib/gcc/riscv32-vega-elf/14.2.0/libgcc.a(gedf2.o)
 .debug_loclists
                0x0000162b      0x117 /home/joelphilip/Documents/C2S/Trisul32/vega-tools/toolchain/bin/../lib/gcc/riscv32-vega-elf/14.2.0/libgcc.a(ledf2.o)
 .debug_loclists
                0x00001742      0x7bb /home/joelphilip/Documents/C2S/Trisul32/vega-tools/toolchain/bin/../lib/gcc/riscv32-vega-elf/14.2.0/libgcc.a(muldf3.o)
 .debug_loclists
                0x00001efd      0xafd /home/joelphilip/Documents/C2S/Trisul32/vega-tools/toolchain/bin/../lib/gcc/riscv32-vega-elf/14.2.0/libgcc.a(subdf3.o)
 .debug_loclists
                0x000029fa       0xac /home/joelphilip/Documents/C2S/Trisul32/vega-tools/toolchain/bin/../lib/gcc/riscv32-vega-elf/14.2.0/libgcc.a(fixdfsi.o)
 .debug_loclists
                0x00002aa6      0x828 /home/joelphilip/Documents/C2S/Trisul32/vega-tools/toolchain/bin/../lib/gcc/riscv32-vega-elf/14.2.0/libgcc.a(addsf3.o)
 .debug_loclists
                0x000032ce      0x3c2 /home/joelphilip/Documents/C2S/Trisul32/vega-tools/toolchain/bin/../lib/gcc/riscv32-vega-elf/14.2.0/libgcc.a(divsf3.o)
 .debug_loclists
                0x00003690      0x337 /home/joelphilip/Documents/C2S/Trisul32/vega-tools/toolchain/bin/../lib/gcc/riscv32-vega-elf/14.2.0/libgcc.a(mulsf3.o)
 .debug_loclists
                0x000039c7      0x191 /home/joelphilip/Documents/C2S/Trisul32/vega-tools/toolchain/bin/../lib/gcc/riscv32-vega-elf/14.2.0/libgcc.a(floatsisf.o)
 .debug_loclists
                0x00003b58       0x44 /home/joelphilip/Documents/C2S/Trisul32/vega-tools/toolchain/bin/../lib/gcc/riscv32-vega-elf/14.2.0/libgcc.a(_clzsi2.o)

.debug_aranges  0x00000000      0x1b8
 .debug_aranges
                0x00000000       0x20 /home/joelphilip/Documents/C2S/Trisul32/vega-tools/toolchain/bin/../lib/gcc/riscv32-vega-elf/14.2.0/libgcc.a(adddf3.o)
 .debug_aranges
                0x00000020       0x20 /home/joelphilip/Documents/C2S/Trisul32/vega-tools/toolchain/bin/../lib/gcc/riscv32-vega-elf/14.2.0/libgcc.a(divdf3.o)
 .debug_aranges
                0x00000040       0x20 /home/joelphilip/Documents/C2S/Trisul32/vega-tools/toolchain/bin/../lib/gcc/riscv32-vega-elf/14.2.0/libgcc.a(eqdf2.o)
 .debug_aranges
                0x00000060       0x20 /home/joelphilip/Documents/C2S/Trisul32/vega-tools/toolchain/bin/../lib/gcc/riscv32-vega-elf/14.2.0/libgcc.a(gedf2.o)
 .debug_aranges
                0x00000080       0x20 /home/joelphilip/Documents/C2S/Trisul32/vega-tools/toolchain/bin/../lib/gcc/riscv32-vega-elf/14.2.0/libgcc.a(ledf2.o)
 .debug_aranges
                0x000000a0       0x20 /home/joelphilip/Documents/C2S/Trisul32/vega-tools/toolchain/bin/../lib/gcc/riscv32-vega-elf/14.2.0/libgcc.a(muldf3.o)
 .debug_aranges
                0x000000c0       0x20 /home/joelphilip/Documents/C2S/Trisul32/vega-tools/toolchain/bin/../lib/gcc/riscv32-vega-elf/14.2.0/libgcc.a(subdf3.o)
 .debug_aranges
                0x000000e0       0x20 /home/joelphilip/Documents/C2S/Trisul32/vega-tools/toolchain/bin/../lib/gcc/riscv32-vega-elf/14.2.0/libgcc.a(fixdfsi.o)
 .debug_aranges
                0x00000100       0x20 /home/joelphilip/Documents/C2S/Trisul32/vega-tools/toolchain/bin/../lib/gcc/riscv32-vega-elf/14.2.0/libgcc.a(addsf3.o)
 .debug_aranges
                0x00000120       0x20 /home/joelphilip/Documents/C2S/Trisul32/vega-tools/toolchain/bin/../lib/gcc/riscv32-vega-elf/14.2.0/libgcc.a(divsf3.o)
 .debug_aranges
                0x00000140       0x20 /home/joelphilip/Documents/C2S/Trisul32/vega-tools/toolchain/bin/../lib/gcc/riscv32-vega-elf/14.2.0/libgcc.a(mulsf3.o)
 .debug_aranges
                0x00000160       0x20 /home/joelphilip/Documents/C2S/Trisul32/vega-tools/toolchain/bin/../lib/gcc/riscv32-vega-elf/14.2.0/libgcc.a(floatsisf.o)
 .debug_aranges
                0x00000180       0x20 /home/joelphilip/Documents/C2S/Trisul32/vega-tools/toolchain/bin/../lib/gcc/riscv32-vega-elf/14.2.0/libgcc.a(_clzsi2.o)
 .debug_aranges
                0x000001a0       0x18 /home/joelphilip/Documents/C2S/Trisul32/vega-tools/toolchain/bin/../lib/gcc/riscv32-vega-elf/14.2.0/libgcc.a(_clz.o)

.debug_rnglists
                0x00000000      0x68f
 .debug_rnglists
                0x00000000       0xf2 /home/joelphilip/Documents/C2S/Trisul32/vega-tools/toolchain/bin/../lib/gcc/riscv32-vega-elf/14.2.0/libgcc.a(adddf3.o)
 .debug_rnglists
                0x000000f2       0xce /home/joelphilip/Documents/C2S/Trisul32/vega-tools/toolchain/bin/../lib/gcc/riscv32-vega-elf/14.2.0/libgcc.a(divdf3.o)
 .debug_rnglists
                0x000001c0       0x23 /home/joelphilip/Documents/C2S/Trisul32/vega-tools/toolchain/bin/../lib/gcc/riscv32-vega-elf/14.2.0/libgcc.a(eqdf2.o)
 .debug_rnglists
                0x000001e3       0x33 /home/joelphilip/Documents/C2S/Trisul32/vega-tools/toolchain/bin/../lib/gcc/riscv32-vega-elf/14.2.0/libgcc.a(gedf2.o)
 .debug_rnglists
                0x00000216       0x33 /home/joelphilip/Documents/C2S/Trisul32/vega-tools/toolchain/bin/../lib/gcc/riscv32-vega-elf/14.2.0/libgcc.a(ledf2.o)
 .debug_rnglists
                0x00000249      0x149 /home/joelphilip/Documents/C2S/Trisul32/vega-tools/toolchain/bin/../lib/gcc/riscv32-vega-elf/14.2.0/libgcc.a(muldf3.o)
 .debug_rnglists
                0x00000392       0xf2 /home/joelphilip/Documents/C2S/Trisul32/vega-tools/toolchain/bin/../lib/gcc/riscv32-vega-elf/14.2.0/libgcc.a(subdf3.o)
 .debug_rnglists
                0x00000484       0x13 /home/joelphilip/Documents/C2S/Trisul32/vega-tools/toolchain/bin/../lib/gcc/riscv32-vega-elf/14.2.0/libgcc.a(fixdfsi.o)
 .debug_rnglists
                0x00000497       0xce /home/joelphilip/Documents/C2S/Trisul32/vega-tools/toolchain/bin/../lib/gcc/riscv32-vega-elf/14.2.0/libgcc.a(addsf3.o)
 .debug_rnglists
                0x00000565       0x68 /home/joelphilip/Documents/C2S/Trisul32/vega-tools/toolchain/bin/../lib/gcc/riscv32-vega-elf/14.2.0/libgcc.a(divsf3.o)
 .debug_rnglists
                0x000005cd       0x63 /home/joelphilip/Documents/C2S/Trisul32/vega-tools/toolchain/bin/../lib/gcc/riscv32-vega-elf/14.2.0/libgcc.a(mulsf3.o)
 .debug_rnglists
                0x00000630       0x49 /home/joelphilip/Documents/C2S/Trisul32/vega-tools/toolchain/bin/../lib/gcc/riscv32-vega-elf/14.2.0/libgcc.a(floatsisf.o)
 .debug_rnglists
                0x00000679       0x16 /home/joelphilip/Documents/C2S/Trisul32/vega-tools/toolchain/bin/../lib/gcc/riscv32-vega-elf/14.2.0/libgcc.a(_clzsi2.o)

.debug_line     0x00000000     0x74ac
 .debug_line    0x00000000     0x1377 /home/joelphilip/Documents/C2S/Trisul32/vega-tools/toolchain/bin/../lib/gcc/riscv32-vega-elf/14.2.0/libgcc.a(adddf3.o)
 .debug_line    0x00001377     0x110e /home/joelphilip/Documents/C2S/Trisul32/vega-tools/toolchain/bin/../lib/gcc/riscv32-vega-elf/14.2.0/libgcc.a(divdf3.o)
 .debug_line    0x00002485      0x277 /home/joelphilip/Documents/C2S/Trisul32/vega-tools/toolchain/bin/../lib/gcc/riscv32-vega-elf/14.2.0/libgcc.a(eqdf2.o)
 .debug_line    0x000026fc      0x347 /home/joelphilip/Documents/C2S/Trisul32/vega-tools/toolchain/bin/../lib/gcc/riscv32-vega-elf/14.2.0/libgcc.a(gedf2.o)
 .debug_line    0x00002a43      0x347 /home/joelphilip/Documents/C2S/Trisul32/vega-tools/toolchain/bin/../lib/gcc/riscv32-vega-elf/14.2.0/libgcc.a(ledf2.o)
 .debug_line    0x00002d8a      0xf02 /home/joelphilip/Documents/C2S/Trisul32/vega-tools/toolchain/bin/../lib/gcc/riscv32-vega-elf/14.2.0/libgcc.a(muldf3.o)
 .debug_line    0x00003c8c     0x1384 /home/joelphilip/Documents/C2S/Trisul32/vega-tools/toolchain/bin/../lib/gcc/riscv32-vega-elf/14.2.0/libgcc.a(subdf3.o)
 .debug_line    0x00005010      0x1df /home/joelphilip/Documents/C2S/Trisul32/vega-tools/toolchain/bin/../lib/gcc/riscv32-vega-elf/14.2.0/libgcc.a(fixdfsi.o)
 .debug_line    0x000051ef      0xd4c /home/joelphilip/Documents/C2S/Trisul32/vega-tools/toolchain/bin/../lib/gcc/riscv32-vega-elf/14.2.0/libgcc.a(addsf3.o)
 .debug_line    0x00005f3b      0x8cd /home/joelphilip/Documents/C2S/Trisul32/vega-tools/toolchain/bin/../lib/gcc/riscv32-vega-elf/14.2.0/libgcc.a(divsf3.o)
 .debug_line    0x00006808      0x810 /home/joelphilip/Documents/C2S/Trisul32/vega-tools/toolchain/bin/../lib/gcc/riscv32-vega-elf/14.2.0/libgcc.a(mulsf3.o)
 .debug_line    0x00007018      0x37a /home/joelphilip/Documents/C2S/Trisul32/vega-tools/toolchain/bin/../lib/gcc/riscv32-vega-elf/14.2.0/libgcc.a(floatsisf.o)
 .debug_line    0x00007392       0xdb /home/joelphilip/Documents/C2S/Trisul32/vega-tools/toolchain/bin/../lib/gcc/riscv32-vega-elf/14.2.0/libgcc.a(_clzsi2.o)
 .debug_line    0x0000746d       0x3f /home/joelphilip/Documents/C2S/Trisul32/vega-tools/toolchain/bin/../lib/gcc/riscv32-vega-elf/14.2.0/libgcc.a(_clz.o)

.debug_str      0x00000000      0x7bf
 .debug_str     0x00000000      0x7bf /home/joelphilip/Documents/C2S/Trisul32/vega-tools/toolchain/bin/../lib/gcc/riscv32-vega-elf/14.2.0/libgcc.a(adddf3.o)
                                0x2ae (size before relaxing)
 .debug_str     0x000007bf      0x370 /home/joelphilip/Documents/C2S/Trisul32/vega-tools/toolchain/bin/../lib/gcc/riscv32-vega-elf/14.2.0/libgcc.a(divdf3.o)
 .debug_str     0x000007bf      0x1c0 /home/joelphilip/Documents/C2S/Trisul32/vega-tools/toolchain/bin/../lib/gcc/riscv32-vega-elf/14.2.0/libgcc.a(eqdf2.o)
 .debug_str     0x000007bf      0x1e4 /home/joelphilip/Documents/C2S/Trisul32/vega-tools/toolchain/bin/../lib/gcc/riscv32-vega-elf/14.2.0/libgcc.a(gedf2.o)
 .debug_str     0x000007bf      0x1e4 /home/joelphilip/Documents/C2S/Trisul32/vega-tools/toolchain/bin/../lib/gcc/riscv32-vega-elf/14.2.0/libgcc.a(ledf2.o)
 .debug_str     0x000007bf      0x3c8 /home/joelphilip/Documents/C2S/Trisul32/vega-tools/toolchain/bin/../lib/gcc/riscv32-vega-elf/14.2.0/libgcc.a(muldf3.o)
 .debug_str     0x000007bf      0x2ae /home/joelphilip/Documents/C2S/Trisul32/vega-tools/toolchain/bin/../lib/gcc/riscv32-vega-elf/14.2.0/libgcc.a(subdf3.o)
 .debug_str     0x000007bf      0x1bb /home/joelphilip/Documents/C2S/Trisul32/vega-tools/toolchain/bin/../lib/gcc/riscv32-vega-elf/14.2.0/libgcc.a(fixdfsi.o)
 .debug_str     0x000007bf      0x271 /home/joelphilip/Documents/C2S/Trisul32/vega-tools/toolchain/bin/../lib/gcc/riscv32-vega-elf/14.2.0/libgcc.a(addsf3.o)
 .debug_str     0x000007bf      0x2db /home/joelphilip/Documents/C2S/Trisul32/vega-tools/toolchain/bin/../lib/gcc/riscv32-vega-elf/14.2.0/libgcc.a(divsf3.o)
 .debug_str     0x000007bf      0x296 /home/joelphilip/Documents/C2S/Trisul32/vega-tools/toolchain/bin/../lib/gcc/riscv32-vega-elf/14.2.0/libgcc.a(mulsf3.o)
 .debug_str     0x000007bf      0x239 /home/joelphilip/Documents/C2S/Trisul32/vega-tools/toolchain/bin/../lib/gcc/riscv32-vega-elf/14.2.0/libgcc.a(floatsisf.o)
 .debug_str     0x000007bf      0x1de /home/joelphilip/Documents/C2S/Trisul32/vega-tools/toolchain/bin/../lib/gcc/riscv32-vega-elf/14.2.0/libgcc.a(_clzsi2.o)
 .debug_str     0x000007bf      0x1c1 /home/joelphilip/Documents/C2S/Trisul32/vega-tools/toolchain/bin/../lib/gcc/riscv32-vega-elf/14.2.0/libgcc.a(_clz.o)

.debug_line_str
                0x00000000      0x2a8
 .debug_line_str
                0x00000000      0x2a8 /home/joelphilip/Documents/C2S/Trisul32/vega-tools/toolchain/bin/../lib/gcc/riscv32-vega-elf/14.2.0/libgcc.a(adddf3.o)
                                 0xf2 (size before relaxing)
 .debug_line_str
                0x000002a8       0xfc /home/joelphilip/Documents/C2S/Trisul32/vega-tools/toolchain/bin/../lib/gcc/riscv32-vega-elf/14.2.0/libgcc.a(divdf3.o)
 .debug_line_str
                0x000002a8       0xff /home/joelphilip/Documents/C2S/Trisul32/vega-tools/toolchain/bin/../lib/gcc/riscv32-vega-elf/14.2.0/libgcc.a(eqdf2.o)
 .debug_line_str
                0x000002a8       0xff /home/joelphilip/Documents/C2S/Trisul32/vega-tools/toolchain/bin/../lib/gcc/riscv32-vega-elf/14.2.0/libgcc.a(gedf2.o)
 .debug_line_str
                0x000002a8       0xff /home/joelphilip/Documents/C2S/Trisul32/vega-tools/toolchain/bin/../lib/gcc/riscv32-vega-elf/14.2.0/libgcc.a(ledf2.o)
 .debug_line_str
                0x000002a8       0xfc /home/joelphilip/Documents/C2S/Trisul32/vega-tools/toolchain/bin/../lib/gcc/riscv32-vega-elf/14.2.0/libgcc.a(muldf3.o)
 .debug_line_str
                0x000002a8       0xf2 /home/joelphilip/Documents/C2S/Trisul32/vega-tools/toolchain/bin/../lib/gcc/riscv32-vega-elf/14.2.0/libgcc.a(subdf3.o)
 .debug_line_str
                0x000002a8       0xff /home/joelphilip/Documents/C2S/Trisul32/vega-tools/toolchain/bin/../lib/gcc/riscv32-vega-elf/14.2.0/libgcc.a(fixdfsi.o)
 .debug_line_str
                0x000002a8       0xf2 /home/joelphilip/Documents/C2S/Trisul32/vega-tools/toolchain/bin/../lib/gcc/riscv32-vega-elf/14.2.0/libgcc.a(addsf3.o)
 .debug_line_str
                0x000002a8       0xf2 /home/joelphilip/Documents/C2S/Trisul32/vega-tools/toolchain/bin/../lib/gcc/riscv32-vega-elf/14.2.0/libgcc.a(divsf3.o)
 .debug_line_str
                0x000002a8       0xfc /home/joelphilip/Documents/C2S/Trisul32/vega-tools/toolchain/bin/../lib/gcc/riscv32-vega-elf/14.2.0/libgcc.a(mulsf3.o)
 .debug_line_str
                0x000002a8      0x105 /home/joelphilip/Documents/C2S/Trisul32/vega-tools/toolchain/bin/../lib/gcc/riscv32-vega-elf/14.2.0/libgcc.a(floatsisf.o)
 .debug_line_str
                0x000002a8       0xe6 /home/joelphilip/Documents/C2S/Trisul32/vega-tools/toolchain/bin/../lib/gcc/riscv32-vega-elf/14.2.0/libgcc.a(_clzsi2.o)
 .debug_line_str
                0x000002a8       0xe6 /home/joelphilip/Documents/C2S/Trisul32/vega-tools/toolchain/bin/../lib/gcc/riscv32-vega-elf/14.2.0/libgcc.a(_clz.o)

.debug_frame    0x00000000      0x300
 .debug_frame   0x00000000       0x4c /home/joelphilip/Documents/C2S/Trisul32/vega-tools/toolchain/bin/../lib/gcc/riscv32-vega-elf/14.2.0/libgcc.a(adddf3.o)
 .debug_frame   0x0000004c       0x5c /home/joelphilip/Documents/C2S/Trisul32/vega-tools/toolchain/bin/../lib/gcc/riscv32-vega-elf/14.2.0/libgcc.a(divdf3.o)
 .debug_frame   0x000000a8       0x20 /home/joelphilip/Documents/C2S/Trisul32/vega-tools/toolchain/bin/../lib/gcc/riscv32-vega-elf/14.2.0/libgcc.a(eqdf2.o)
 .debug_frame   0x000000c8       0x20 /home/joelphilip/Documents/C2S/Trisul32/vega-tools/toolchain/bin/../lib/gcc/riscv32-vega-elf/14.2.0/libgcc.a(gedf2.o)
 .debug_frame   0x000000e8       0x20 /home/joelphilip/Documents/C2S/Trisul32/vega-tools/toolchain/bin/../lib/gcc/riscv32-vega-elf/14.2.0/libgcc.a(ledf2.o)
 .debug_frame   0x00000108       0x5c /home/joelphilip/Documents/C2S/Trisul32/vega-tools/toolchain/bin/../lib/gcc/riscv32-vega-elf/14.2.0/libgcc.a(muldf3.o)
 .debug_frame   0x00000164       0x4c /home/joelphilip/Documents/C2S/Trisul32/vega-tools/toolchain/bin/../lib/gcc/riscv32-vega-elf/14.2.0/libgcc.a(subdf3.o)
 .debug_frame   0x000001b0       0x20 /home/joelphilip/Documents/C2S/Trisul32/vega-tools/toolchain/bin/../lib/gcc/riscv32-vega-elf/14.2.0/libgcc.a(fixdfsi.o)
 .debug_frame   0x000001d0       0x40 /home/joelphilip/Documents/C2S/Trisul32/vega-tools/toolchain/bin/../lib/gcc/riscv32-vega-elf/14.2.0/libgcc.a(addsf3.o)
 .debug_frame   0x00000210       0x4c /home/joelphilip/Documents/C2S/Trisul32/vega-tools/toolchain/bin/../lib/gcc/riscv32-vega-elf/14.2.0/libgcc.a(divsf3.o)
 .debug_frame   0x0000025c       0x4c /home/joelphilip/Documents/C2S/Trisul32/vega-tools/toolchain/bin/../lib/gcc/riscv32-vega-elf/14.2.0/libgcc.a(mulsf3.o)
 .debug_frame   0x000002a8       0x38 /home/joelphilip/Documents/C2S/Trisul32/vega-tools/toolchain/bin/../lib/gcc/riscv32-vega-elf/14.2.0/libgcc.a(floatsisf.o)
 .debug_frame   0x000002e0       0x20 /home/joelphilip/Documents/C2S/Trisul32/vega-tools/toolchain/bin/../lib/gcc/riscv32-vega-elf/14.2.0/libgcc.a(_clzsi2.o)
