Archive member included to satisfy reference by file (symbol)

/home/joelphilip/Documents/C2S/Trisul32/vega-sdk/bsp/libvega.a(uart.o)
                              build/./wifi_demo.o (uart_set_baud_rate)
/home/joelphilip/Documents/C2S/Trisul32/vega-sdk/bsp/libvega.a(gpio.o)
                              build/./wifi_demo.o (GPIO_write_pin)
/home/joelphilip/Documents/C2S/Trisul32/vega-sdk/bsp/libvega.a(stdlib.o)
                              build/./wifi_demo.o (printf)
/home/joelphilip/Documents/C2S/Trisul32/vega-sdk/bsp/libvega.a(rawfloat.o)
                              /home/joelphilip/Documents/C2S/Trisul32/vega-sdk/bsp/libvega.a(stdlib.o) (ecvtbuf)
/home/joelphilip/Documents/C2S/Trisul32/vega-sdk/bsp/libvega.a(crt.o)
                              (_start)
/home/joelphilip/Documents/C2S/Trisul32/vega-sdk/bsp/libvega.a(debug_uart.o)
                              /home/joelphilip/Documents/C2S/Trisul32/vega-sdk/bsp/libvega.a(stdlib.o) (tx_uart)
/home/joelphilip/Documents/C2S/Trisul32/vega-sdk/bsp/libvega.a(interrupt.o)
                              /home/joelphilip/Documents/C2S/Trisul32/vega-sdk/bsp/libvega.a(crt.o) (interrupt_handler)
/home/joelphilip/Documents/C2S/Trisul32/vega-tools/toolchain/bin/../lib/gcc/riscv32-vega-elf/14.2.0/../../../../riscv32-vega-elf/lib/libc.a(libc_a-strnlen.o)
                              /home/joelphilip/Documents/C2S/Trisul32/vega-sdk/bsp/libvega.a(stdlib.o) (strnlen)
/home/joelphilip/Documents/C2S/Trisul32/vega-tools/toolchain/bin/../lib/gcc/riscv32-vega-elf/14.2.0/../../../../riscv32-vega-elf/lib/libc.a(libc_a-strtok.o)
                              build/./wifi_demo.o (strtok)
/home/joelphilip/Documents/C2S/Trisul32/vega-tools/toolchain/bin/../lib/gcc/riscv32-vega-elf/14.2.0/../../../../riscv32-vega-elf/lib/libc.a(libc_a-strtok_r.o)
                              /home/joelphilip/Documents/C2S/Trisul32/vega-tools/toolchain/bin/../lib/gcc/riscv32-vega-elf/14.2.0/../../../../riscv32-vega-elf/lib/libc.a(libc_a-strtok.o) (__strtok_r)
/home/joelphilip/Documents/C2S/Trisul32/vega-tools/toolchain/bin/../lib/gcc/riscv32-vega-elf/14.2.0/../../../../riscv32-vega-elf/lib/libc.a(libc_a-impure.o)
                              /home/joelphilip/Documents/C2S/Trisul32/vega-tools/toolchain/bin/../lib/gcc/riscv32-vega-elf/14.2.0/../../../../riscv32-vega-elf/lib/libc.a(libc_a-strtok.o) (_impure_ptr)
/home/joelphilip/Documents/C2S/Trisul32/vega-tools/toolchain/bin/../lib/gcc/riscv32-vega-elf/14.2.0/../../../../riscv32-vega-elf/lib/libc.a(libc_a-memset.o)
                              build/./wifi_demo.o (memset)
/home/joelphilip/Documents/C2S/Trisul32/vega-tools/toolchain/bin/../lib/gcc/riscv32-vega-elf/14.2.0/../../../../riscv32-vega-elf/lib/libc.a(libc_a-memcpy.o)
                              build/./wifi_demo.o (memcpy)
/home/joelphilip/Documents/C2S/Trisul32/vega-tools/toolchain/bin/../lib/gcc/riscv32-vega-elf/14.2.0/../../../../riscv32-vega-elf/lib/libc.a(libc_a-strlen.o)
                              build/./wifi_demo.o (strlen)
/home/joelphilip/Documents/C2S/Trisul32/vega-tools/toolchain/bin/../lib/gcc/riscv32-vega-elf/14.2.0/../../../../riscv32-vega-elf/lib/libc.a(libc_a-strcpy.o)
                              build/./wifi_demo.o (strcpy)
/home/joelphilip/Documents/C2S/Trisul32/vega-tools/toolchain/bin/../lib/gcc/riscv32-vega-elf/14.2.0/../../../../riscv32-vega-elf/lib/libc.a(libc_a-strcmp.o)
                              build/./wifi_demo.o (strcmp)
/home/joelphilip/Documents/C2S/Trisul32/vega-tools/toolchain/bin/../lib/gcc/riscv32-vega-elf/14.2.0/../../../../riscv32-vega-elf/lib/libc.a(libm_a-s_modf.o)
                              /home/joelphilip/Documents/C2S/Trisul32/vega-sdk/bsp/libvega.a(rawfloat.o) (modf)
/home/joelphilip/Documents/C2S/Trisul32/vega-tools/toolchain/bin/../lib/gcc/riscv32-vega-elf/14.2.0/../../../../riscv32-vega-elf/lib/libc.a(libc_a-findfp.o)
                              /home/joelphilip/Documents/C2S/Trisul32/vega-tools/toolchain/bin/../lib/gcc/riscv32-vega-elf/14.2.0/../../../../riscv32-vega-elf/lib/libc.a(libc_a-impure.o) (__sf)
/home/joelphilip/Documents/C2S/Trisul32/vega-tools/toolchain/bin/../lib/gcc/riscv32-vega-elf/14.2.0/../../../../riscv32-vega-elf/lib/libc.a(libc_a-fwalk.o)
                              /home/joelphilip/Documents/C2S/Trisul32/vega-tools/toolchain/bin/../lib/gcc/riscv32-vega-elf/14.2.0/../../../../riscv32-vega-elf/lib/libc.a(libc_a-findfp.o) (_fwalk_sglue)
/home/joelphilip/Documents/C2S/Trisul32/vega-tools/toolchain/bin/../lib/gcc/riscv32-vega-elf/14.2.0/../../../../riscv32-vega-elf/lib/libc.a(libc_a-stdio.o)
                              /home/joelphilip/Documents/C2S/Trisul32/vega-tools/toolchain/bin/../lib/gcc/riscv32-vega-elf/14.2.0/../../../../riscv32-vega-elf/lib/libc.a(libc_a-findfp.o) (__sread)
/home/joelphilip/Documents/C2S/Trisul32/vega-tools/toolchain/bin/../lib/gcc/riscv32-vega-elf/14.2.0/../../../../riscv32-vega-elf/lib/libc.a(libc_a-closer.o)
[...]
Memory Configuration

Name             Origin             Length             Attributes
*default*        0x00000000         0xffffffff

Linker script and memory map

LOAD build/./wifi_demo.o
START GROUP
LOAD /home/joelphilip/Documents/C2S/Trisul32/vega-sdk/bsp/libvega.a
LOAD /home/joelphilip/Documents/C2S/Trisul32/vega-tools/toolchain/bin/../lib/gcc/riscv32-vega-elf/14.2.0/../../../../riscv32-vega-elf/lib/libc.a
LOAD /home/joelphilip/Documents/C2S/Trisul32/vega-tools/toolchain/bin/../lib/gcc/riscv32-vega-elf/14.2.0/libgcc.a
LOAD /home/joelphilip/Documents/C2S/Trisul32/vega-tools/toolchain/bin/../lib/gcc/riscv32-vega-elf/14.2.0/../../../../riscv32-vega-elf/lib/libm.a
END GROUP
LOAD /home/joelphilip/Documents/C2S/Trisul32/vega-tools/toolchain/bin/../lib/gcc/riscv32-vega-elf/14.2.0/libgcc.a
START GROUP
LOAD /home/joelphilip/Documents/C2S/Trisul32/vega-tools/toolchain/bin/../lib/gcc/riscv32-vega-elf/14.2.0/../../../../riscv32-vega-elf/lib/libc.a
LOAD /home/joelphilip/Documents/C2S/Trisul32/vega-tools/toolchain/bin/../lib/gcc/riscv32-vega-elf/14.2.0/../../../../riscv32-vega-elf/lib/libgloss.a
END GROUP
LOAD /home/joelphilip/Documents/C2S/Trisul32/vega-tools/toolchain/bin/../lib/gcc/riscv32-vega-elf/14.2.0/libgcc.a
                0x00002000                        __heap_size = 0x2000
                0x00020000                        . = 0x20000

.text.init      0x00020000      0x210
 *(.text.init)
 .text.init     0x00020000      0x210 /home/joelphilip/Documents/C2S/Trisul32/vega-sdk/bsp/libvega.a(crt.o)
                0x00020000                _start
                0x000200ec                trap_entry

.text           0x00020210     0x6bc4
 *(.text)
 .text          0x00020210      0x8d0 /home/joelphilip/Documents/C2S/Trisul32/vega-sdk/bsp/libvega.a(uart.o)
                0x00020210                uart_init
                0x000202cc                uart_set_baud_rate
                0x000203b4                uart_configure
                0x000204c0                uart_putchar
                0x00020638                uart_getchar
                0x00020754                uart_getchar_async
                0x000208e4                uart_getchar_sim_txn_rxn
                0x00020a70                uart_intr_enable
 .text          0x00020ae0      0x428 /home/joelphilip/Documents/C2S/Trisul32/vega-sdk/bsp/libvega.a(gpio.o)
                0x00020ae0                GPIO_read_pin
                0x00020c84                GPIO_write_pin
                0x00020e1c                pulse_duration
 .text          0x00020f08     0x2478 /home/joelphilip/Documents/C2S/Trisul32/vega-sdk/bsp/libvega.a(stdlib.o)
                0x00020f08                handle_trap
                0x00020fb8                exit
                0x00020fdc                abort
                0x0002100c                printstr
                0x00021040                thread_entry
                0x00021158                _init
                0x00021198                putchar
                0x000211e8                printhex
                0x00021498                atoi
                0x00021524                atof
                0x00021668                _usleep
                0x000216d4                udelay
                0x00021734                usleep
                0x000217a8                get_time
                0x0002312c                puts
                0x000231b4                printf
                0x0002326c                sprintf
                0x000232e0                _sbrk
 .text          0x00023380      0x654 /home/joelphilip/Documents/C2S/Trisul32/vega-sdk/bsp/libvega.a(rawfloat.o)
                0x00023854                ecvt
                0x000238b4                ecvtbuf
                0x00023914                fcvt
                0x00023974                fcvtbuf
 .text          0x000239d4      0x66c /home/joelphilip/Documents/C2S/Trisul32/vega-sdk/bsp/libvega.a(debug_uart.o)
                0x000239d4                init_uart
                0x00023a30                tx_uart
                0x00023a98                rx_uart
                0x00023aec                get_decimal
                0x00023d0c                get_long_int
                0x00023ec0                get_hex
 .text          0x00024040       0xdc /home/joelphilip/Documents/C2S/Trisul32/vega-tools/toolchain/bin/../lib/gcc/riscv32-vega-elf/14.2.0/../../../../riscv32-vega-elf/lib/libc.a(libc_a-memset.o)
                0x00024040                memset
 .text          0x0002411c      0x17c /home/joelphilip/Documents/C2S/Trisul32/vega-tools/toolchain/bin/../lib/gcc/riscv32-vega-elf/14.2.0/../../../../riscv32-vega-elf/lib/libc.a(libc_a-strcmp.o)
                0x0002411c                strcmp
 .text          0x00024298      0x780 /home/joelphilip/Documents/C2S/Trisul32/vega-tools/toolchain/bin/../lib/gcc/riscv32-vega-elf/14.2.0/libgcc.a(adddf3.o)
                0x00024298                __adddf3
 .text          0x00024a18      0x6bc /home/joelphilip/Documents/C2S/Trisul32/vega-tools/toolchain/bin/../lib/gcc/riscv32-vega-elf/14.2.0/libgcc.a(divdf3.o)
                0x00024a18                __divdf3
 .text          0x000250d4       0x8c /home/joelphilip/Documents/C2S/Trisul32/vega-tools/toolchain/bin/../lib/gcc/riscv32-vega-elf/14.2.0/libgcc.a(eqdf2.o)
                0x000250d4                __eqdf2
                0x000250d4                __nedf2
 .text          0x00025160       0xd0 /home/joelphilip/Documents/C2S/Trisul32/vega-tools/toolchain/bin/../lib/gcc/riscv32-vega-elf/14.2.0/libgcc.a(gedf2.o)
                0x00025160                __gtdf2
                0x00025160                __gedf2
 .text          0x00025230       0xd0 /home/joelphilip/Documents/C2S/Trisul32/vega-tools/toolchain/bin/../lib/gcc/riscv32-vega-elf/14.2.0/libgcc.a(ledf2.o)
                0x00025230                __ltdf2
                0x00025230                __ledf2
 .text          0x00025300      0x5f4 /home/joelphilip/Documents/C2S/Trisul32/vega-tools/toolchain/bin/../lib/gcc/riscv32-vega-elf/14.2.0/libgcc.a(muldf3.o)
                0x00025300                __muldf3
 .text          0x000258f4      0x790 /home/joelphilip/Documents/C2S/Trisul32/vega-tools/toolchain/bin/../lib/gcc/riscv32-vega-elf/14.2.0/libgcc.a(subdf3.o)
                0x000258f4                __subdf3
 .text          0x00026084       0x80 /home/joelphilip/Documents/C2S/Trisul32/vega-tools/toolchain/bin/../lib/gcc/riscv32-vega-elf/14.2.0/libgcc.a(fixdfsi.o)
                0x00026084                __fixdfsi
 .text          0x00026104       0x7c /home/joelphilip/Documents/C2S/Trisul32/vega-tools/toolchain/bin/../lib/gcc/riscv32-vega-elf/14.2.0/libgcc.a(fixunsdfsi.o)
                0x00026104                __fixunsdfsi
 .text          0x00026180       0x90 /home/joelphilip/Documents/C2S/Trisul32/vega-tools/toolchain/bin/../lib/gcc/riscv32-vega-elf/14.2.0/libgcc.a(floatunsidf.o)
                0x00026180                __floatunsidf
 .text          0x00026210      0x430 /home/joelphilip/Documents/C2S/Trisul32/vega-tools/toolchain/bin/../lib/gcc/riscv32-vega-elf/14.2.0/libgcc.a(addsf3.o)
                0x00026210                __addsf3
 .text          0x00026640      0x31c /home/joelphilip/Documents/C2S/Trisul32/vega-tools/toolchain/bin/../lib/gcc/riscv32-vega-elf/14.2.0/libgcc.a(divsf3.o)
                0x00026640                __divsf3
 .text          0x0002695c      0x31c /home/joelphilip/Documents/C2S/Trisul32/vega-tools/toolchain/bin/../lib/gcc/riscv32-vega-elf/14.2.0/libgcc.a(mulsf3.o)
                0x0002695c                __mulsf3
 .text          0x00026c78      0x110 /home/joelphilip/Documents/C2S/Trisul32/vega-tools/toolchain/bin/../lib/gcc/riscv32-vega-elf/14.2.0/libgcc.a(floatsisf.o)
                0x00026c78                __floatsisf
 .text          0x00026d88       0x4c /home/joelphilip/Documents/C2S/Trisul32/vega-tools/toolchain/bin/../lib/gcc/riscv32-vega-elf/14.2.0/libgcc.a(_clzsi2.o)
                0x00026d88                __clzsi2

.text.send_string
                0x00026dd4       0x6c
 .text.send_string
                0x00026dd4       0x6c build/./wifi_demo.o
                0x00026dd4                send_string

.text.receive_string
                0x00026e40      0x13c
 .text.receive_string
                0x00026e40      0x13c build/./wifi_demo.o
                0x00026e40                receive_string

.text.modem_cip_response
                0x00026f7c       0xd8
 .text.modem_cip_response
                0x00026f7c       0xd8 build/./wifi_demo.o
                0x00026f7c                modem_cip_response

.text.modem_server_page
                0x00027054      0x120
 .text.modem_server_page
                0x00027054      0x120 build/./wifi_demo.o
                0x00027054                modem_server_page

.text.modem_server_notfound
                0x00027174      0x120
 .text.modem_server_notfound
                0x00027174      0x120 build/./wifi_demo.o
                0x00027174                modem_server_notfound

.text.http_connect
                0x00027294      0x448
 .text.http_connect
                0x00027294      0x448 build/./wifi_demo.o
                0x00027294                http_connect

.text.at_check  0x000276dc       0x7c
 .text.at_check
                0x000276dc       0x7c build/./wifi_demo.o
                0x000276dc                at_check

.text.modem_connection_multi
                0x00027758       0x7c
 .text.modem_connection_multi
                0x00027758       0x7c build/./wifi_demo.o
                0x00027758                modem_connection_multi

.text.modem_ipaddress
                0x000277d4       0x68
 .text.modem_ipaddress
                0x000277d4       0x68 build/./wifi_demo.o
                0x000277d4                modem_ipaddress

.text.modem_create_server
                0x0002783c       0x90
 .text.modem_create_server
                0x0002783c       0x90 build/./wifi_demo.o
                0x0002783c                modem_create_server

.text.modem_host_mode
                0x000278cc       0x7c
 .text.modem_host_mode
                0x000278cc       0x7c build/./wifi_demo.o
                0x000278cc                modem_host_mode

.text.main      0x00027948       0xd4
 .text.main     0x00027948       0xd4 build/./wifi_demo.o
                0x00027948                main

.text.strnlen   0x00027a1c       0x30
 .text.strnlen  0x00027a1c       0x30 /home/joelphilip/Documents/C2S/Trisul32/vega-tools/toolchain/bin/../lib/gcc/riscv32-vega-elf/14.2.0/../../../../riscv32-vega-elf/lib/libc.a(libc_a-strnlen.o)
                0x00027a1c                strnlen

.text.strtok    0x00027a4c       0x10
 .text.strtok   0x00027a4c       0x10 /home/joelphilip/Documents/C2S/Trisul32/vega-tools/toolchain/bin/../lib/gcc/riscv32-vega-elf/14.2.0/../../../../riscv32-vega-elf/lib/libc.a(libc_a-strtok.o)
                0x00027a4c                strtok

.text.__strtok_r
                0x00027a5c       0x9c
 .text.__strtok_r
                0x00027a5c       0x9c /home/joelphilip/Documents/C2S/Trisul32/vega-tools/toolchain/bin/../lib/gcc/riscv32-vega-elf/14.2.0/../../../../riscv32-vega-elf/lib/libc.a(libc_a-strtok_r.o)
                0x00027a5c                __strtok_r

.text.memcpy    0x00027af8      0x128
 .text.memcpy   0x00027af8      0x128 /home/joelphilip/Documents/C2S/Trisul32/vega-tools/toolchain/bin/../lib/gcc/riscv32-vega-elf/14.2.0/../../../../riscv32-vega-elf/lib/libc.a(libc_a-memcpy.o)
                0x00027af8                memcpy

.text.strlen    0x00027c20       0x8c
 .text.strlen   0x00027c20       0x8c /home/joelphilip/Documents/C2S/Trisul32/vega-tools/toolchain/bin/../lib/gcc/riscv32-vega-elf/14.2.0/../../../../riscv32-vega-elf/lib/libc.a(libc_a-strlen.o)
                0x00027c20                strlen

.text.strcpy    0x00027cac       0xa4
 .text.strcpy   0x00027cac       0xa4 /home/joelphilip/Documents/C2S/Trisul32/vega-tools/toolchain/bin/../lib/gcc/riscv32-vega-elf/14.2.0/../../../../riscv32-vega-elf/lib/libc.a(libc_a-strcpy.o)
                0x00027cac                strcpy

.text.modf      0x00027d50      0x1b8
 .text.modf     0x00027d50      0x1b8 /home/joelphilip/Documents/C2S/Trisul32/vega-tools/toolchain/bin/../lib/gcc/riscv32-vega-elf/14.2.0/../../../../riscv32-vega-elf/lib/libc.a(libm_a-s_modf.o)
                0x00027d50                modf

.text.__fpclassifyd
                0x00027f08       0x70
 .text.__fpclassifyd
                0x00027f08       0x70 /home/joelphilip/Documents/C2S/Trisul32/vega-tools/toolchain/bin/../lib/gcc/riscv32-vega-elf/14.2.0/../../../../riscv32-vega-elf/lib/libc.a(libm_a-s_fpclassify.o)
                0x00027f08                __fpclassifyd

.rodata.led_body_no_refresh
                0x00027f78      0x35e
 .rodata.led_body_no_refresh
                0x00027f78      0x35e build/./wifi_demo.o
                0x00027f78                led_body_no_refresh

.rodata.led_body
                0x000282d8       0x5b
 .rodata.led_body
                0x000282d8       0x5b build/./wifi_demo.o
                0x000282d8                led_body

.rodata.led_on_1
                0x00028334       0x48
 .rodata.led_on_1
                0x00028334       0x48 build/./wifi_demo.o
                0x00028334                led_on_1

.rodata.led_off_1
                0x0002837c       0x4a
 .rodata.led_off_1
                0x0002837c       0x4a build/./wifi_demo.o
                0x0002837c                led_off_1

.rodata.led_html_end
                0x000283c8        0xf
 .rodata.led_html_end
                0x000283c8        0xf build/./wifi_demo.o
                0x000283c8                led_html_end

.rodata         0x000283d8      0x6f0
 .rodata        0x000283d8      0x310 build/./wifi_demo.o
 .rodata        0x000286e8       0x38 /home/joelphilip/Documents/C2S/Trisul32/vega-sdk/bsp/libvega.a(uart.o)
 .rodata        0x00028720        0x8 /home/joelphilip/Documents/C2S/Trisul32/vega-sdk/bsp/libvega.a(gpio.o)
 .rodata        0x00028728      0x20c /home/joelphilip/Documents/C2S/Trisul32/vega-sdk/bsp/libvega.a(stdlib.o)
 *fill*         0x00028934        0x4 
 .rodata        0x00028938       0x18 /home/joelphilip/Documents/C2S/Trisul32/vega-sdk/bsp/libvega.a(rawfloat.o)
 .rodata        0x00028950       0x3c /home/joelphilip/Documents/C2S/Trisul32/vega-tools/toolchain/bin/../lib/gcc/riscv32-vega-elf/14.2.0/libgcc.a(divdf3.o)
 .rodata        0x0002898c       0x3c /home/joelphilip/Documents/C2S/Trisul32/vega-tools/toolchain/bin/../lib/gcc/riscv32-vega-elf/14.2.0/libgcc.a(divsf3.o)
 .rodata        0x000289c8      0x100 /home/joelphilip/Documents/C2S/Trisul32/vega-tools/toolchain/bin/../lib/gcc/riscv32-vega-elf/14.2.0/libgcc.a(_clz.o)
                0x000289c8                __clz_tab

.rela.dyn       0x00028ac8        0x0
 .rela.got      0x00028ac8        0x0 build/./wifi_demo.o
 .rela.text     0x00028ac8        0x0 build/./wifi_demo.o
 .rela.sdata    0x00028ac8        0x0 build/./wifi_demo.o
 .rela.text.init
                0x00028ac8        0x0 build/./wifi_demo.o

.data
 *(.data)

.got            0x00028ac8       0x10
 .got           0x00028ac8       0x10 build/./wifi_demo.o
                0x00028ac8                _GLOBAL_OFFSET_TABLE_

.got.plt        0x00028ad8        0x8
 .got.plt       0x00028ad8        0x8 build/./wifi_demo.o

.data._impure_data
                0x00028ae0      0x120
 .data._impure_data
                0x00028ae0      0x120 /home/joelphilip/Documents/C2S/Trisul32/vega-tools/toolchain/bin/../lib/gcc/riscv32-vega-elf/14.2.0/../../../../riscv32-vega-elf/lib/libc.a(libc_a-impure.o)
                0x00028ae0                _impure_data

.sdata          0x00028c00       0x10
                0x00029400                        __global_pointer$ = (. + 0x800)
 *(.srodata.cst16)
 *(.srodata.cst8)
 *(.srodata.cst4)
 *(.srodata.cst2)
 *(.srodata*)
 *(.sdata .sdata.* .gnu.linkonce.s.*)
 .sdata         0x00028c00        0xc /home/joelphilip/Documents/C2S/Trisul32/vega-sdk/bsp/libvega.a(stdlib.o)
 .sdata._impure_ptr
                0x00028c0c        0x4 /home/joelphilip/Documents/C2S/Trisul32/vega-tools/toolchain/bin/../lib/gcc/riscv32-vega-elf/14.2.0/../../../../riscv32-vega-elf/lib/libc.a(libc_a-impure.o)
                0x00028c0c                _impure_ptr
                0x00028c10                        _bss_start = .

.sbss           0x00028c10       0x10
 *(.sbss .sbss.* .gnu.linkonce.sb.*)
 .sbss.response_ok
                0x00028c10        0x4 build/./wifi_demo.o
                0x00028c10                response_ok
 .sbss.connection_id
                0x00028c14        0x4 build/./wifi_demo.o
                0x00028c14                connection_id
 .sbss.led_status
                0x00028c18        0x1 build/./wifi_demo.o
                0x00028c18                led_status
 *fill*         0x00028c19        0x3 
 .sbss          0x00028c1c        0x4 /home/joelphilip/Documents/C2S/Trisul32/vega-sdk/bsp/libvega.a(stdlib.o)
                0x00028c1c                loop_count
 *(.scommon)

.bss            0x00028c20       0x50
 *(.bss)
 .bss           0x00028c20       0x50 /home/joelphilip/Documents/C2S/Trisul32/vega-sdk/bsp/libvega.a(rawfloat.o)
                0x00028c70                        _bss_end = .

.bss.TXBuffer   0x00028c70      0x4b0
 .bss.TXBuffer  0x00028c70      0x4b0 build/./wifi_demo.o
                0x00028c70                TXBuffer

.bss.http_request
                0x00029120      0x4b0
 .bss.http_request
                0x00029120      0x4b0 build/./wifi_demo.o
                0x00029120                http_request

.bss.http_page  0x000295d0      0x4b0
 .bss.http_page
                0x000295d0      0x4b0 build/./wifi_demo.o
                0x000295d0                http_page

.bss.html_page  0x00029a80      0x4b0
 .bss.html_page
                0x00029a80      0x4b0 build/./wifi_demo.o
                0x00029a80                html_page

.bss.__sf       0x00029f30      0x138
 .bss.__sf      0x00029f30      0x138 /home/joelphilip/Documents/C2S/Trisul32/vega-tools/toolchain/bin/../lib/gcc/riscv32-vega-elf/14.2.0/../../../../riscv32-vega-elf/lib/libc.a(libc_a-findfp.o)
                0x00029f30                __sf

.tdata          0x0002a068        0x0
                0x0002a068                        _tls_data = .
 *(.tdata.begin)
 .tdata.begin   0x0002a068        0x0 /home/joelphilip/Documents/C2S/Trisul32/vega-sdk/bsp/libvega.a(crt.o)
 *(.tdata)
 *(.tdata.end)
 .tdata.end     0x0002a068        0x0 /home/joelphilip/Documents/C2S/Trisul32/vega-sdk/bsp/libvega.a(crt.o)

.tbss           0x0002a068        0x0
 *(.tbss)
 *(.tbss.end)
 .tbss.end      0x0002a068        0x0 /home/joelphilip/Documents/C2S/Trisul32/vega-sdk/bsp/libvega.a(crt.o)

.heap           0x0002a068        0x0
                0x0002c068                        PROVIDE (_heap_end = (. + __heap_size))
                0x0002a068                        _end = .
OUTPUT(build/wifi_demo.elf elf32-littleriscv)

.comment        0x00000000       0x2b
 .comment       0x00000000       0x2b build/./wifi_demo.o
                                 0x1a (size before relaxing)
 .comment       0x0000002b       0x1a /home/joelphilip/Documents/C2S/Trisul32/vega-sdk/bsp/libvega.a(uart.o)
 .comment       0x0000002b       0x1a /home/joelphilip/Documents/C2S/Trisul32/vega-sdk/bsp/libvega.a(gpio.o)
 .comment       0x0000002b       0x1a /home/joelphilip/Documents/C2S/Trisul32/vega-sdk/bsp/libvega.a(stdlib.o)
 .comment       0x0000002b       0x1a /home/joelphilip/Documents/C2S/Trisul32/vega-sdk/bsp/libvega.a(rawfloat.o)
 .comment       0x0000002b       0x1a /home/joelphilip/Documents/C2S/Trisul32/vega-sdk/bsp/libvega.a(debug_uart.o)
 .comment       0x0000002b       0x13 /home/joelphilip/Documents/C2S/Trisul32/vega-tools/toolchain/bin/../lib/gcc/riscv32-vega-elf/14.2.0/../../../../riscv32-vega-elf/lib/libc.a(libc_a-strnlen.o)
 .comment       0x0000002b       0x13 /home/joelphilip/Documents/C2S/Trisul32/vega-tools/toolchain/bin/../lib/gcc/riscv32-vega-elf/14.2.0/../../../../riscv32-vega-elf/lib/libc.a(libc_a-strtok.o)
 .comment       0x0000002b       0x13 /home/joelphilip/Documents/C2S/Trisul32/vega-tools/toolchain/bin/../lib/gcc/riscv32-vega-elf/14.2.0/../../../../riscv32-vega-elf/lib/libc.a(libc_a-strtok_r.o)
 .comment       0x0000002b       0x13 /home/joelphilip/Documents/C2S/Trisul32/vega-tools/toolchain/bin/../lib/gcc/riscv32-vega-elf/14.2.0/../../../../riscv32-vega-elf/lib/libc.a(libc_a-impure.o)
 .comment       0x0000002b       0x13 /home/joelphilip/Documents/C2S/Trisul32/vega-tools/toolchain/bin/../lib/gcc/riscv32-vega-elf/14.2.0/../../../../riscv32-vega-elf/lib/libc.a(libc_a-memcpy.o)
 .comment       0x0000002b       0x13 /home/joelphilip/Documents/C2S/Trisul32/vega-tools/toolchain/bin/../lib/gcc/riscv32-vega-elf/14.2.0/../../../../riscv32-vega-elf/lib/libc.a(libc_a-strlen.o)
 .comment       0x0000002b       0x13 /home/joelphilip/Documents/C2S/Trisul32/vega-tools/toolchain/bin/../lib/gcc/riscv32-vega-elf/14.2.0/../../../../riscv32-vega-elf/lib/libc.a(libc_a-strcpy.o)
 .comment       0x0000002b       0x13 /home/joelphilip/Documents/C2S/Trisul32/vega-tools/toolchain/bin/../lib/gcc/riscv32-vega-elf/14.2.0/../../../../riscv32-vega-elf/lib/libc.a(libm_a-s_modf.o)
 .comment       0x0000002b       0x13 /home/joelphilip/Documents/C2S/Trisul32/vega-tools/toolchain/bin/../lib/gcc/riscv32-vega-elf/14.2.0/../../../../riscv32-vega-elf/lib/libc.a(libc_a-findfp.o)
 .comment       0x0000002b       0x13 /home/joelphilip/Documents/C2S/Trisul32/vega-tools/toolchain/bin/../lib/gcc/riscv32-vega-elf/14.2.0/../../../../riscv32-vega-elf/lib/libc.a(libm_a-s_fpclassify.o)
 .comment       0x0000002b       0x1a /home/joelphilip/Documents/C2S/Trisul32/vega-tools/toolchain/bin/../lib/gcc/riscv32-vega-elf/14.2.0/libgcc.a(adddf3.o)
 .comment       0x0000002b       0x1a /home/joelphilip/Documents/C2S/Trisul32/vega-tools/toolchain/bin/../lib/gcc/riscv32-vega-elf/14.2.0/libgcc.a(divdf3.o)
 .comment       0x0000002b       0x1a /home/joelphilip/Documents/C2S/Trisul32/vega-tools/toolchain/bin/../lib/gcc/riscv32-vega-elf/14.2.0/libgcc.a(eqdf2.o)
 .comment       0x0000002b       0x1a /home/joelphilip/Documents/C2S/Trisul32/vega-tools/toolchain/bin/../lib/gcc/riscv32-vega-elf/14.2.0/libgcc.a(gedf2.o)
 .comment       0x0000002b       0x1a /home/joelphilip/Documents/C2S/Trisul32/vega-tools/toolchain/bin/../lib/gcc/riscv32-vega-elf/14.2.0/libgcc.a(ledf2.o)
 .comment       0x0000002b       0x1a /home/joelphilip/Documents/C2S/Trisul32/vega-tools/toolchain/bin/../lib/gcc/riscv32-vega-elf/14.2.0/libgcc.a(muldf3.o)
 .comment       0x0000002b       0x1a /home/joelphilip/Documents/C2S/Trisul32/vega-tools/toolchain/bin/../lib/gcc/riscv32-vega-elf/14.2.0/libgcc.a(subdf3.o)
 .comment       0x0000002b       0x1a /home/joelphilip/Documents/C2S/Trisul32/vega-tools/toolchain/bin/../lib/gcc/riscv32-vega-elf/14.2.0/libgcc.a(fixdfsi.o)
 .comment       0x0000002b       0x1a /home/joelphilip/Documents/C2S/Trisul32/vega-tools/toolchain/bin/../lib/gcc/riscv32-vega-elf/14.2.0/libgcc.a(fixunsdfsi.o)
 .comment       0x0000002b       0x1a /home/joelphilip/Documents/C2S/Trisul32/vega-tools/toolchain/bin/../lib/gcc/riscv32-vega-elf/14.2.0/libgcc.a(floatunsidf.o)
 .comment       0x0000002b       0x1a /home/joelphilip/Documents/C2S/Trisul32/vega-tools/toolchain/bin/../lib/gcc/riscv32-vega-elf/14.2.0/libgcc.a(addsf3.o)
 .comment       0x0000002b       0x1a /home/joelphilip/Documents/C2S/Trisul32/vega-tools/toolchain/bin/../lib/gcc/riscv32-vega-elf/14.2.0/libgcc.a(divsf3.o)
 .comment       0x0000002b       0x1a /home/joelphilip/Documents/C2S/Trisul32/vega-tools/toolchain/bin/../lib/gcc/riscv32-vega-elf/14.2.0/libgcc.a(mulsf3.o)
 .comment       0x0000002b       0x1a /home/joelphilip/Documents/C2S/Trisul32/vega-tools/toolchain/bin/../lib/gcc/riscv32-vega-elf/14.2.0/libgcc.a(floatsisf.o)
 .comment       0x0000002b       0x1a /home/joelphilip/Documents/C2S/Trisul32/vega-tools/toolchain/bin/../lib/gcc/riscv32-vega-elf/14.2.0/libgcc.a(_clzsi2.o)
 .comment       0x0000002b       0x1a /home/joelphilip/Documents/C2S/Trisul32/vega-tools/toolchain/bin/../lib/gcc/riscv32-vega-elf/14.2.0/libgcc.a(_clz.o)

.note.GNU-stack
                0x00000000        0x0
 .note.GNU-stack
                0x00000000        0x0 build/./wifi_demo.o
 .note.GNU-stack
                0x00000000        0x0 /home/joelphilip/Documents/C2S/Trisul32/vega-sdk/bsp/libvega.a(uart.o)
 .note.GNU-stack
                0x00000000        0x0 /home/joelphilip/Documents/C2S/Trisul32/vega-sdk/bsp/libvega.a(gpio.o)
 .note.GNU-stack
                0x00000000        0x0 /home/joelphilip/Documents/C2S/Trisul32/vega-sdk/bsp/libvega.a(stdlib.o)
 .note.GNU-stack
                0x00000000        0x0 /home/joelphilip/Documents/C2S/Trisul32/vega-sdk/bsp/libvega.a(rawfloat.o)
 .note.GNU-stack
                0x00000000        0x0 /home/joelphilip/Documents/C2S/Trisul32/vega-sdk/bsp/libvega.a(debug_uart.o)
 .note.GNU-stack
                0x00000000        0x0 /home/joelphilip/Documents/C2S/Trisul32/vega-tools/toolchain/bin/../lib/gcc/riscv32-vega-elf/14.2.0/../../../../riscv32-vega-elf/lib/libc.a(libc_a-strnlen.o)
 .note.GNU-stack
                0x00000000        0x0 /home/joelphilip/Documents/C2S/Trisul32/vega-tools/toolchain/bin/../lib/gcc/riscv32-vega-elf/14.2.0/../../../../riscv32-vega-elf/lib/libc.a(libc_a-strtok.o)
 .note.GNU-stack
                0x00000000        0x0 /home/joelphilip/Documents/C2S/Trisul32/vega-tools/toolchain/bin/../lib/gcc/riscv32-vega-elf/14.2.0/../../../../riscv32-vega-elf/lib/libc.a(libc_a-strtok_r.o)
 .note.GNU-stack
                0x00000000        0x0 /home/joelphilip/Documents/C2S/Trisul32/vega-tools/toolchain/bin/../lib/gcc/riscv32-vega-elf/14.2.0/../../../../riscv32-vega-elf/lib/libc.a(libc_a-impure.o)
 .note.GNU-stack
                0x00000000        0x0 /home/joelphilip/Documents/C2S/Trisul32/vega-tools/toolchain/bin/../lib/gcc/riscv32-vega-elf/14.2.0/../../../../riscv32-vega-elf/lib/libc.a(libc_a-memcpy.o)
 .note.GNU-stack
                0x00000000        0x0 /home/joelphilip/Documents/C2S/Trisul32/vega-tools/toolchain/bin/../lib/gcc/riscv32-vega-elf/14.2.0/../../../../riscv32-vega-elf/lib/libc.a(libc_a-strlen.o)
 .note.GNU-stack
                0x00000000        0x0 /home/joelphilip/Documents/C2S/Trisul32/vega-tools/toolchain/bin/../lib/gcc/riscv32-vega-elf/14.2.0/../../../../riscv32-vega-elf/lib/libc.a(libc_a-strcpy.o)
 .note.GNU-stack
                0x00000000        0x0 /home/joelphilip/Documents/C2S/Trisul32/vega-tools/toolchain/bin/../lib/gcc/riscv32-vega-elf/14.2.0/../../../../riscv32-vega-elf/lib/libc.a(libm_a-s_modf.o)
 .note.GNU-stack
                0x00000000        0x0 /home/joelphilip/Documents/C2S/Trisul32/vega-tools/toolchain/bin/../lib/gcc/riscv32-vega-elf/14.2.0/../../../../riscv32-vega-elf/lib/libc.a(libc_a-findfp.o)
 .note.GNU-stack
                0x00000000        0x0 /home/joelphilip/Documents/C2S/Trisul32/vega-tools/toolchain/bin/../lib/gcc/riscv32-vega-elf/14.2.0/../../../../riscv32-vega-elf/lib/libc.a(libm_a-s_fpclassify.o)
 .note.GNU-stack
                0x00000000        0x0 /home/joelphilip/Documents/C2S/Trisul32/vega-tools/toolchain/bin/../lib/gcc/riscv32-vega-elf/14.2.0/libgcc.a(adddf3.o)
 .note.GNU-stack
                0x00000000        0x0 /home/joelphilip/Documents/C2S/Trisul32/vega-tools/toolchain/bin/../lib/gcc/riscv32-vega-elf/14.2.0/libgcc.a(divdf3.o)
 .note.GNU-stack
                0x00000000        0x0 /home/joelphilip/Documents/C2S/Trisul32/vega-tools/toolchain/bin/../lib/gcc/riscv32-vega-elf/14.2.0/libgcc.a(eqdf2.o)
 .note.GNU-stack
                0x00000000        0x0 /home/joelphilip/Documents/C2S/Trisul32/vega-tools/toolchain/bin/../lib/gcc/riscv32-vega-elf/14.2.0/libgcc.a(gedf2.o)
 .note.GNU-stack
                0x00000000        0x0 /home/joelphilip/Documents/C2S/Trisul32/vega-tools/toolchain/bin/../lib/gcc/riscv32-vega-elf/14.2.0/libgcc.a(ledf2.o)
 .note.GNU-stack
                0x00000000        0x0 /home/joelphilip/Documents/C2S/Trisul32/vega-tools/toolchain/bin/../lib/gcc/riscv32-vega-elf/14.2.0/libgcc.a(muldf3.o)
 .note.GNU-stack
                0x00000000        0x0 /home/joelphilip/Documents/C2S/Trisul32/vega-tools/toolchain/bin/../lib/gcc/riscv32-vega-elf/14.2.0/libgcc.a(subdf3.o)
 .note.GNU-stack
                0x00000000        0x0 /home/joelphilip/Documents/C2S/Trisul32/vega-tools/toolchain/bin/../lib/gcc/riscv32-vega-elf/14.2.0/libgcc.a(fixdfsi.o)
 .note.GNU-stack
                0x00000000        0x0 /home/joelphilip/Documents/C2S/Trisul32/vega-tools/toolchain/bin/../lib/gcc/riscv32-vega-elf/14.2.0/libgcc.a(fixunsdfsi.o)
 .note.GNU-stack
                0x00000000        0x0 /home/joelphilip/Documents/C2S/Trisul32/vega-tools/toolchain/bin/../lib/gcc/riscv32-vega-elf/14.2.0/libgcc.a(floatunsidf.o)
 .note.GNU-stack
                0x00000000        0x0 /home/joelphilip/Documents/C2S/Trisul32/vega-tools/toolchain/bin/../lib/gcc/riscv32-vega-elf/14.2.0/libgcc.a(addsf3.o)
 .note.GNU-stack
                0x00000000        0x0 /home/joelphilip/Documents/C2S/Trisul32/vega-tools/toolchain/bin/../lib/gcc/riscv32-vega-elf/14.2.0/libgcc.a(divsf3.o)
 .note.GNU-stack
                0x00000000        0x0 /home/joelphilip/Documents/C2S/Trisul32/vega-tools/toolchain/bin/../lib/gcc/riscv32-vega-elf/14.2.0/libgcc.a(mulsf3.o)
 .note.GNU-stack
                0x00000000        0x0 /home/joelphilip/Documents/C2S/Trisul32/vega-tools/toolchain/bin/../lib/gcc/riscv32-vega-elf/14.2.0/libgcc.a(floatsisf.o)
 .note.GNU-stack
                0x00000000        0x0 /home/joelphilip/Documents/C2S/Trisul32/vega-tools/toolchain/bin/../lib/gcc/riscv32-vega-elf/14.2.0/libgcc.a(_clzsi2.o)
 .note.GNU-stack
                0x00000000        0x0 /home/joelphilip/Documents/C2S/Trisul32/vega-tools/toolchain/bin/../lib/gcc/riscv32-vega-elf/14.2.0/libgcc.a(_clz.o)

.riscv.attributes
                0x00000000       0x4f
 .riscv.attributes
                0x00000000       0x4b build/./wifi_demo.o
 .riscv.attributes
                0x0000004b       0x4b /home/joelphilip/Documents/C2S/Trisul32/vega-sdk/bsp/libvega.a(uart.o)
 .riscv.attributes
                0x00000096       0x4b /home/joelphilip/Documents/C2S/Trisul32/vega-sdk/bsp/libvega.a(gpio.o)
 .riscv.attributes
                0x000000e1       0x4f /home/joelphilip/Documents/C2S/Trisul32/vega-sdk/bsp/libvega.a(stdlib.o)
 .riscv.attributes
                0x00000130       0x4b /home/joelphilip/Documents/C2S/Trisul32/vega-sdk/bsp/libvega.a(rawfloat.o)
 .riscv.attributes
                0x0000017b       0x4d /home/joelphilip/Documents/C2S/Trisul32/vega-sdk/bsp/libvega.a(crt.o)
 .riscv.attributes
                0x000001c8       0x4b /home/joelphilip/Documents/C2S/Trisul32/vega-sdk/bsp/libvega.a(debug_uart.o)
 .riscv.attributes
                0x00000213       0x4b /home/joelphilip/Documents/C2S/Trisul32/vega-tools/toolchain/bin/../lib/gcc/riscv32-vega-elf/14.2.0/../../../../riscv32-vega-elf/lib/libc.a(libc_a-strnlen.o)
 .riscv.attributes
                0x0000025e       0x4b /home/joelphilip/Documents/C2S/Trisul32/vega-tools/toolchain/bin/../lib/gcc/riscv32-vega-elf/14.2.0/../../../../riscv32-vega-elf/lib/libc.a(libc_a-strtok.o)
 .riscv.attributes
                0x000002a9       0x4b /home/joelphilip/Documents/C2S/Trisul32/vega-tools/toolchain/bin/../lib/gcc/riscv32-vega-elf/14.2.0/../../../../riscv32-vega-elf/lib/libc.a(libc_a-strtok_r.o)
 .riscv.attributes
                0x000002f4       0x4b /home/joelphilip/Documents/C2S/Trisul32/vega-tools/toolchain/bin/../lib/gcc/riscv32-vega-elf/14.2.0/../../../../riscv32-vega-elf/lib/libc.a(libc_a-impure.o)
 .riscv.attributes
                0x0000033f       0x49 /home/joelphilip/Documents/C2S/Trisul32/vega-tools/toolchain/bin/../lib/gcc/riscv32-vega-elf/14.2.0/../../../../riscv32-vega-elf/lib/libc.a(libc_a-memset.o)
 .riscv.attributes
                0x00000388       0x4b /home/joelphilip/Documents/C2S/Trisul32/vega-tools/toolchain/bin/../lib/gcc/riscv32-vega-elf/14.2.0/../../../../riscv32-vega-elf/lib/libc.a(libc_a-memcpy.o)
 .riscv.attributes
                0x000003d3       0x4b /home/joelphilip/Documents/C2S/Trisul32/vega-tools/toolchain/bin/../lib/gcc/riscv32-vega-elf/14.2.0/../../../../riscv32-vega-elf/lib/libc.a(libc_a-strlen.o)
 .riscv.attributes
                0x0000041e       0x4b /home/joelphilip/Documents/C2S/Trisul32/vega-tools/toolchain/bin/../lib/gcc/riscv32-vega-elf/14.2.0/../../../../riscv32-vega-elf/lib/libc.a(libc_a-strcpy.o)
 .riscv.attributes
                0x00000469       0x49 /home/joelphilip/Documents/C2S/Trisul32/vega-tools/toolchain/bin/../lib/gcc/riscv32-vega-elf/14.2.0/../../../../riscv32-vega-elf/lib/libc.a(libc_a-strcmp.o)
 .riscv.attributes
                0x000004b2       0x4b /home/joelphilip/Documents/C2S/Trisul32/vega-tools/toolchain/bin/../lib/gcc/riscv32-vega-elf/14.2.0/../../../../riscv32-vega-elf/lib/libc.a(libm_a-s_modf.o)
 .riscv.attributes
                0x000004fd       0x4b /home/joelphilip/Documents/C2S/Trisul32/vega-tools/toolchain/bin/../lib/gcc/riscv32-vega-elf/14.2.0/../../../../riscv32-vega-elf/lib/libc.a(libc_a-findfp.o)
 .riscv.attributes
                0x00000548       0x4b /home/joelphilip/Documents/C2S/Trisul32/vega-tools/toolchain/bin/../lib/gcc/riscv32-vega-elf/14.2.0/../../../../riscv32-vega-elf/lib/libc.a(libm_a-s_fpclassify.o)
 .riscv.attributes
                0x00000593       0x4b /home/joelphilip/Documents/C2S/Trisul32/vega-tools/toolchain/bin/../lib/gcc/riscv32-vega-elf/14.2.0/libgcc.a(adddf3.o)
 .riscv.attributes
                0x000005de       0x4b /home/joelphilip/Documents/C2S/Trisul32/vega-tools/toolchain/bin/../lib/gcc/riscv32-vega-elf/14.2.0/libgcc.a(divdf3.o)
 .riscv.attributes
                0x00000629       0x4b /home/joelphilip/Documents/C2S/Trisul32/vega-tools/toolchain/bin/../lib/gcc/riscv32-vega-elf/14.2.0/libgcc.a(eqdf2.o)
 .riscv.attributes
                0x00000674       0x4b /home/joelphilip/Documents/C2S/Trisul32/vega-tools/toolchain/bin/../lib/gcc/riscv32-vega-elf/14.2.0/libgcc.a(gedf2.o)
 .riscv.attributes
                0x000006bf       0x4b /home/joelphilip/Documents/C2S/Trisul32/vega-tools/toolchain/bin/../lib/gcc/riscv32-vega-elf/14.2.0/libgcc.a(ledf2.o)
 .riscv.attributes
                0x0000070a       0x4b /home/joelphilip/Documents/C2S/Trisul32/vega-tools/toolchain/bin/../lib/gcc/riscv32-vega-elf/14.2.0/libgcc.a(muldf3.o)
 .riscv.attributes
                0x00000755       0x4b /home/joelphilip/Documents/C2S/Trisul32/vega-tools/toolchain/bin/../lib/gcc/riscv32-vega-elf/14.2.0/libgcc.a(subdf3.o)
 .riscv.attributes
                0x000007a0       0x4b /home/joelphilip/Documents/C2S/Trisul32/vega-tools/toolchain/bin/../lib/gcc/riscv32-vega-elf/14.2.0/libgcc.a(fixdfsi.o)
 .riscv.attributes
                0x000007eb       0x4b /home/joelphilip/Documents/C2S/Trisul32/vega-tools/toolchain/bin/../lib/gcc/riscv32-vega-elf/14.2.0/libgcc.a(fixunsdfsi.o)
 .riscv.attributes
                0x00000836       0x4b /home/joelphilip/Documents/C2S/Trisul32/vega-tools/toolchain/bin/../lib/gcc/riscv32-vega-elf/14.2.0/libgcc.a(floatunsidf.o)
 .riscv.attributes
                0x00000881       0x4b /home/joelphilip/Documents/C2S/Trisul32/vega-tools/toolchain/bin/../lib/gcc/riscv32-vega-elf/14.2.0/libgcc.a(addsf3.o)
 .riscv.attributes
                0x000008cc       0x4b /home/joelphilip/Documents/C2S/Trisul32/vega-tools/toolchain/bin/../lib/gcc/riscv32-vega-elf/14.2.0/libgcc.a(divsf3.o)
 .riscv.attributes
                0x00000917       0x4b /home/joelphilip/Documents/C2S/Trisul32/vega-tools/toolchain/bin/../lib/gcc/riscv32-vega-elf/14.2.0/libgcc.a(mulsf3.o)
 .riscv.attributes
                0x00000962       0x4b /home/joelphilip/Documents/C2S/Trisul32/vega-tools/toolchain/bin/../lib/gcc/riscv32-vega-elf/14.2.0/libgcc.a(floatsisf.o)
 .riscv.attributes
                0x000009ad       0x4b /home/joelphilip/Documents/C2S/Trisul32/vega-tools/toolchain/bin/../lib/gcc/riscv32-vega-elf/14.2.0/libgcc.a(_clzsi2.o)
 .riscv.attributes
                0x000009f8       0x4b /home/joelphilip/Documents/C2S/Trisul32/vega-tools/toolchain/bin/../lib/gcc/riscv32-vega-elf/14.2.0/libgcc.a(_clz.o)

.debug_info     0x00000000     0x312f
 .debug_info    0x00000000      0x4f6 /home/joelphilip/Documents/C2S/Trisul32/vega-tools/toolchain/bin/../lib/gcc/riscv32-vega-elf/14.2.0/libgcc.a(adddf3.o)
 .debug_info    0x000004f6      0x683 /home/joelphilip/Documents/C2S/Trisul32/vega-tools/toolchain/bin/../lib/gcc/riscv32-vega-elf/14.2.0/libgcc.a(divdf3.o)
 .debug_info    0x00000b79      0x221 /home/joelphilip/Documents/C2S/Trisul32/vega-tools/toolchain/bin/../lib/gcc/riscv32-vega-elf/14.2.0/libgcc.a(eqdf2.o)
 .debug_info    0x00000d9a      0x220 /home/joelphilip/Documents/C2S/Trisul32/vega-tools/toolchain/bin/../lib/gcc/riscv32-vega-elf/14.2.0/libgcc.a(gedf2.o)
 .debug_info    0x00000fba      0x220 /home/joelphilip/Documents/C2S/Trisul32/vega-tools/toolchain/bin/../lib/gcc/riscv32-vega-elf/14.2.0/libgcc.a(ledf2.o)
 .debug_info    0x000011da      0x6ac /home/joelphilip/Documents/C2S/Trisul32/vega-tools/toolchain/bin/../lib/gcc/riscv32-vega-elf/14.2.0/libgcc.a(muldf3.o)
 .debug_info    0x00001886      0x4f2 /home/joelphilip/Documents/C2S/Trisul32/vega-tools/toolchain/bin/../lib/gcc/riscv32-vega-elf/14.2.0/libgcc.a(subdf3.o)
 .debug_info    0x00001d78      0x1c2 /home/joelphilip/Documents/C2S/Trisul32/vega-tools/toolchain/bin/../lib/gcc/riscv32-vega-elf/14.2.0/libgcc.a(fixdfsi.o)
 .debug_info    0x00001f3a      0x1a9 /home/joelphilip/Documents/C2S/Trisul32/vega-tools/toolchain/bin/../lib/gcc/riscv32-vega-elf/14.2.0/libgcc.a(fixunsdfsi.o)
 .debug_info    0x000020e3      0x25d /home/joelphilip/Documents/C2S/Trisul32/vega-tools/toolchain/bin/../lib/gcc/riscv32-vega-elf/14.2.0/libgcc.a(floatunsidf.o)
 .debug_info    0x00002340      0x2e8 /home/joelphilip/Documents/C2S/Trisul32/vega-tools/toolchain/bin/../lib/gcc/riscv32-vega-elf/14.2.0/libgcc.a(addsf3.o)
 .debug_info    0x00002628      0x360 /home/joelphilip/Documents/C2S/Trisul32/vega-tools/toolchain/bin/../lib/gcc/riscv32-vega-elf/14.2.0/libgcc.a(divsf3.o)
 .debug_info    0x00002988      0x350 /home/joelphilip/Documents/C2S/Trisul32/vega-tools/toolchain/bin/../lib/gcc/riscv32-vega-elf/14.2.0/libgcc.a(mulsf3.o)
 .debug_info    0x00002cd8      0x213 /home/joelphilip/Documents/C2S/Trisul32/vega-tools/toolchain/bin/../lib/gcc/riscv32-vega-elf/14.2.0/libgcc.a(floatsisf.o)
 .debug_info    0x00002eeb      0x157 /home/joelphilip/Documents/C2S/Trisul32/vega-tools/toolchain/bin/../lib/gcc/riscv32-vega-elf/14.2.0/libgcc.a(_clzsi2.o)
 .debug_info    0x00003042       0xed /home/joelphilip/Documents/C2S/Trisul32/vega-tools/toolchain/bin/../lib/gcc/riscv32-vega-elf/14.2.0/libgcc.a(_clz.o)

.debug_abbrev   0x00000000     0x151f
 .debug_abbrev  0x00000000      0x186 /home/joelphilip/Documents/C2S/Trisul32/vega-tools/toolchain/bin/../lib/gcc/riscv32-vega-elf/14.2.0/libgcc.a(adddf3.o)
 .debug_abbrev  0x00000186      0x17c /home/joelphilip/Documents/C2S/Trisul32/vega-tools/toolchain/bin/../lib/gcc/riscv32-vega-elf/14.2.0/libgcc.a(divdf3.o)
 .debug_abbrev  0x00000302      0x153 /home/joelphilip/Documents/C2S/Trisul32/vega-tools/toolchain/bin/../lib/gcc/riscv32-vega-elf/14.2.0/libgcc.a(eqdf2.o)
 .debug_abbrev  0x00000455      0x168 /home/joelphilip/Documents/C2S/Trisul32/vega-tools/toolchain/bin/../lib/gcc/riscv32-vega-elf/14.2.0/libgcc.a(gedf2.o)
 .debug_abbrev  0x000005bd      0x168 /home/joelphilip/Documents/C2S/Trisul32/vega-tools/toolchain/bin/../lib/gcc/riscv32-vega-elf/14.2.0/libgcc.a(ledf2.o)
 .debug_abbrev  0x00000725      0x185 /home/joelphilip/Documents/C2S/Trisul32/vega-tools/toolchain/bin/../lib/gcc/riscv32-vega-elf/14.2.0/libgcc.a(muldf3.o)
 .debug_abbrev  0x000008aa      0x186 /home/joelphilip/Documents/C2S/Trisul32/vega-tools/toolchain/bin/../lib/gcc/riscv32-vega-elf/14.2.0/libgcc.a(subdf3.o)
 .debug_abbrev  0x00000a30      0x15f /home/joelphilip/Documents/C2S/Trisul32/vega-tools/toolchain/bin/../lib/gcc/riscv32-vega-elf/14.2.0/libgcc.a(fixdfsi.o)
 .debug_abbrev  0x00000b8f      0x162 /home/joelphilip/Documents/C2S/Trisul32/vega-tools/toolchain/bin/../lib/gcc/riscv32-vega-elf/14.2.0/libgcc.a(fixunsdfsi.o)
 .debug_abbrev  0x00000cf1      0x163 /home/joelphilip/Documents/C2S/Trisul32/vega-tools/toolchain/bin/../lib/gcc/riscv32-vega-elf/14.2.0/libgcc.a(floatunsidf.o)
 .debug_abbrev  0x00000e54      0x17d /home/joelphilip/Documents/C2S/Trisul32/vega-tools/toolchain/bin/../lib/gcc/riscv32-vega-elf/14.2.0/libgcc.a(addsf3.o)
 .debug_abbrev  0x00000fd1      0x14c /home/joelphilip/Documents/C2S/Trisul32/vega-tools/toolchain/bin/../lib/gcc/riscv32-vega-elf/14.2.0/libgcc.a(divsf3.o)
 .debug_abbrev  0x0000111d      0x15b /home/joelphilip/Documents/C2S/Trisul32/vega-tools/toolchain/bin/../lib/gcc/riscv32-vega-elf/14.2.0/libgcc.a(mulsf3.o)
 .debug_abbrev  0x00001278      0x16d /home/joelphilip/Documents/C2S/Trisul32/vega-tools/toolchain/bin/../lib/gcc/riscv32-vega-elf/14.2.0/libgcc.a(floatsisf.o)
 .debug_abbrev  0x000013e5       0xca /home/joelphilip/Documents/C2S/Trisul32/vega-tools/toolchain/bin/../lib/gcc/riscv32-vega-elf/14.2.0/libgcc.a(_clzsi2.o)
 .debug_abbrev  0x000014af       0x70 /home/joelphilip/Documents/C2S/Trisul32/vega-tools/toolchain/bin/../lib/gcc/riscv32-vega-elf/14.2.0/libgcc.a(_clz.o)

.debug_loclists
                0x00000000     0x3cd2
 .debug_loclists
                0x00000000      0xa8e /home/joelphilip/Documents/C2S/Trisul32/vega-tools/toolchain/bin/../lib/gcc/riscv32-vega-elf/14.2.0/libgcc.a(adddf3.o)
 .debug_loclists
                0x00000a8e      0xa17 /home/joelphilip/Documents/C2S/Trisul32/vega-tools/toolchain/bin/../lib/gcc/riscv32-vega-elf/14.2.0/libgcc.a(divdf3.o)
 .debug_loclists
                0x000014a5       0x6f /home/joelphilip/Documents/C2S/Trisul32/vega-tools/toolchain/bin/../lib/gcc/riscv32-vega-elf/14.2.0/libgcc.a(eqdf2.o)
 .debug_loclists
                0x00001514      0x117 /home/joelphilip/Documents/C2S/Trisul32/vega-tools/toolchain/bin/../lib/gcc/riscv32-vega-elf/14.2.0/libgcc.a(gedf2.o)
 .debug_loclists
                0x0000162b      0x117 /home/joelphilip/Documents/C2S/Trisul32/vega-tools/toolchain/bin/../lib/gcc/riscv32-vega-elf/14.2.0/libgcc.a(ledf2.o)
 .debug_loclists
                0x00001742      0x7bb /home/joelphilip/Documents/C2S/Trisul32/vega-tools/toolchain/bin/../lib/gcc/riscv32-vega-elf/14.2.0/libgcc.a(muldf3.o)
 .debug_loclists
                0x00001efd      0xafd /home/joelphilip/Documents/C2S/Trisul32/vega-tools/toolchain/bin/../lib/gcc/riscv32-vega-elf/14.2.0/libgcc.a(subdf3.o)
 .debug_loclists
                0x000029fa       0xac /home/joelphilip/Documents/C2S/Trisul32/vega-tools/toolchain/bin/../lib/gcc/riscv32-vega-elf/14.2.0/libgcc.a(fixdfsi.o)
 .debug_loclists
                0x00002aa6       0x72 /home/joelphilip/Documents/C2S/Trisul32/vega-tools/toolchain/bin/../lib/gcc/riscv32-vega-elf/14.2.0/libgcc.a(fixunsdfsi.o)
 .debug_loclists
                0x00002b18       0xc4 /home/joelphilip/Documents/C2S/Trisul32/vega-tools/toolchain/bin/../lib/gcc/riscv32-vega-elf/14.2.0/libgcc.a(floatunsidf.o)
 .debug_loclists
                0x00002bdc      0x828 /home/joelphilip/Documents/C2S/Trisul32/vega-tools/toolchain/bin/../lib/gcc/riscv32-vega-elf/14.2.0/libgcc.a(addsf3.o)
 .debug_loclists
                0x00003404      0x3c2 /home/joelphilip/Documents/C2S/Trisul32/vega-tools/toolchain/bin/../lib/gcc/riscv32-vega-elf/14.2.0/libgcc.a(divsf3.o)
 .debug_loclists
                0x000037c6      0x337 /home/joelphilip/Documents/C2S/Trisul32/vega-tools/toolchain/bin/../lib/gcc/riscv32-vega-elf/14.2.0/libgcc.a(mulsf3.o)
 .debug_loclists
                0x00003afd      0x191 /home/joelphilip/Documents/C2S/Trisul32/vega-tools/toolchain/bin/../lib/gcc/riscv32-vega-elf/14.2.0/libgcc.a(floatsisf.o)
 .debug_loclists
                0x00003c8e       0x44 /home/joelphilip/Documents/C2S/Trisul32/vega-tools/toolchain/bin/../lib/gcc/riscv32-vega-elf/14.2.0/libgcc.a(_clzsi2.o)

.debug_aranges  0x00000000      0x1f8
 .debug_aranges
                0x00000000       0x20 /home/joelphilip/Documents/C2S/Trisul32/vega-tools/toolchain/bin/../lib/gcc/riscv32-vega-elf/14.2.0/libgcc.a(adddf3.o)
 .debug_aranges
                0x00000020       0x20 /home/joelphilip/Documents/C2S/Trisul32/vega-tools/toolchain/bin/../lib/gcc/riscv32-vega-elf/14.2.0/libgcc.a(divdf3.o)
 .debug_aranges
                0x00000040       0x20 /home/joelphilip/Documents/C2S/Trisul32/vega-tools/toolchain/bin/../lib/gcc/riscv32-vega-elf/14.2.0/libgcc.a(eqdf2.o)
 .debug_aranges
                0x00000060       0x20 /home/joelphilip/Documents/C2S/Trisul32/vega-tools/toolchain/bin/../lib/gcc/riscv32-vega-elf/14.2.0/libgcc.a(gedf2.o)
 .debug_aranges
                0x00000080       0x20 /home/joelphilip/Documents/C2S/Trisul32/vega-tools/toolchain/bin/../lib/gcc/riscv32-vega-elf/14.2.0/libgcc.a(ledf2.o)
 .debug_aranges
                0x000000a0       0x20 /home/joelphilip/Documents/C2S/Trisul32/vega-tools/toolchain/bin/../lib/gcc/riscv32-vega-elf/14.2.0/libgcc.a(muldf3.o)
 .debug_aranges
                0x000000c0       0x20 /home/joelphilip/Documents/C2S/Trisul32/vega-tools/toolchain/bin/../lib/gcc/riscv32-vega-elf/14.2.0/libgcc.a(subdf3.o)
 .debug_aranges
                0x000000e0       0x20 /home/joelphilip/Documents/C2S/Trisul32/vega-tools/toolchain/bin/../lib/gcc/riscv32-vega-elf/14.2.0/libgcc.a(fixdfsi.o)
 .debug_aranges
                0x00000100       0x20 /home/joelphilip/Documents/C2S/Trisul32/vega-tools/toolchain/bin/../lib/gcc/riscv32-vega-elf/14.2.0/libgcc.a(fixunsdfsi.o)
 .debug_aranges
                0x00000120       0x20 /home/joelphilip/Documents/C2S/Trisul32/vega-tools/toolchain/bin/../lib/gcc/riscv32-vega-elf/14.2.0/libgcc.a(floatunsidf.o)
 .debug_aranges
                0x00000140       0x20 /home/joelphilip/Documents/C2S/Trisul32/vega-tools/toolchain/bin/../lib/gcc/riscv32-vega-elf/14.2.0/libgcc.a(addsf3.o)
 .debug_aranges
                0x00000160       0x20 /home/joelphilip/Documents/C2S/Trisul32/vega-tools/toolchain/bin/../lib/gcc/riscv32-vega-elf/14.2.0/libgcc.a(divsf3.o)
 .debug_aranges
                0x00000180       0x20 /home/joelphilip/Documents/C2S/Trisul32/vega-tools/toolchain/bin/../lib/gcc/riscv32-vega-elf/14.2.0/libgcc.a(mulsf3.o)
 .debug_aranges
                0x000001a0       0x20 /home/joelphilip/Documents/C2S/Trisul32/vega-tools/toolchain/bin/../lib/gcc/riscv32-vega-elf/14.2.0/libgcc.a(floatsisf.o)
 .debug_aranges
                0x000001c0       0x20 /home/joelphilip/Documents/C2S/Trisul32/vega-tools/toolchain/bin/../lib/gcc/riscv32-vega-elf/14.2.0/libgcc.a(_clzsi2.o)
 .debug_aranges
                0x000001e0       0x18 /home/joelphilip/Documents/C2S/Trisul32/vega-tools/toolchain/bin/../lib/gcc/riscv32-vega-elf/14.2.0/libgcc.a(_clz.o)

.debug_rnglists
                0x00000000      0x6d2
 .debug_rnglists
                0x00000000       0xf2 /home/joelphilip/Documents/C2S/Trisul32/vega-tools/toolchain/bin/../lib/gcc/riscv32-vega-elf/14.2.0/libgcc.a(adddf3.o)
 .debug_rnglists
                0x000000f2       0xce /home/joelphilip/Documents/C2S/Trisul32/vega-tools/toolchain/bin/../lib/gcc/riscv32-vega-elf/14.2.0/libgcc.a(divdf3.o)
 .debug_rnglists
                0x000001c0       0x23 /home/joelphilip/Documents/C2S/Trisul32/vega-tools/toolchain/bin/../lib/gcc/riscv32-vega-elf/14.2.0/libgcc.a(eqdf2.o)
 .debug_rnglists
                0x000001e3       0x33 /home/joelphilip/Documents/C2S/Trisul32/vega-tools/toolchain/bin/../lib/gcc/riscv32-vega-elf/14.2.0/libgcc.a(gedf2.o)
 .debug_rnglists
                0x00000216       0x33 /home/joelphilip/Documents/C2S/Trisul32/vega-tools/toolchain/bin/../lib/gcc/riscv32-vega-elf/14.2.0/libgcc.a(ledf2.o)
 .debug_rnglists
                0x00000249      0x149 /home/joelphilip/Documents/C2S/Trisul32/vega-tools/toolchain/bin/../lib/gcc/riscv32-vega-elf/14.2.0/libgcc.a(muldf3.o)
 .debug_rnglists
                0x00000392       0xf2 /home/joelphilip/Documents/C2S/Trisul32/vega-tools/toolchain/bin/../lib/gcc/riscv32-vega-elf/14.2.0/libgcc.a(subdf3.o)
 .debug_rnglists
                0x00000484       0x13 /home/joelphilip/Documents/C2S/Trisul32/vega-tools/toolchain/bin/../lib/gcc/riscv32-vega-elf/14.2.0/libgcc.a(fixdfsi.o)
 .debug_rnglists
                0x00000497       0x16 /home/joelphilip/Documents/C2S/Trisul32/vega-tools/toolchain/bin/../lib/gcc/riscv32-vega-elf/14.2.0/libgcc.a(fixunsdfsi.o)
 .debug_rnglists
                0x000004ad       0x2d /home/joelphilip/Documents/C2S/Trisul32/vega-tools/toolchain/bin/../lib/gcc/riscv32-vega-elf/14.2.0/libgcc.a(floatunsidf.o)
 .debug_rnglists
                0x000004da       0xce /home/joelphilip/Documents/C2S/Trisul32/vega-tools/toolchain/bin/../lib/gcc/riscv32-vega-elf/14.2.0/libgcc.a(addsf3.o)
 .debug_rnglists
                0x000005a8       0x68 /home/joelphilip/Documents/C2S/Trisul32/vega-tools/toolchain/bin/../lib/gcc/riscv32-vega-elf/14.2.0/libgcc.a(divsf3.o)
 .debug_rnglists
                0x00000610       0x63 /home/joelphilip/Documents/C2S/Trisul32/vega-tools/toolchain/bin/../lib/gcc/riscv32-vega-elf/14.2.0/libgcc.a(mulsf3.o)
 .debug_rnglists
                0x00000673       0x49 /home/joelphilip/Documents/C2S/Trisul32/vega-tools/toolchain/bin/../lib/gcc/riscv32-vega-elf/14.2.0/libgcc.a(floatsisf.o)
 .debug_rnglists
                0x000006bc       0x16 /home/joelphilip/Documents/C2S/Trisul32/vega-tools/toolchain/bin/../lib/gcc/riscv32-vega-elf/14.2.0/libgcc.a(_clzsi2.o)

.debug_line     0x00000000     0x788a
 .debug_line    0x00000000     0x1377 /home/joelphilip/Documents/C2S/Trisul32/vega-tools/toolchain/bin/../lib/gcc/riscv32-vega-elf/14.2.0/libgcc.a(adddf3.o)
 .debug_line    0x00001377     0x110e /home/joelphilip/Documents/C2S/Trisul32/vega-tools/toolchain/bin/../lib/gcc/riscv32-vega-elf/14.2.0/libgcc.a(divdf3.o)
 .debug_line    0x00002485      0x277 /home/joelphilip/Documents/C2S/Trisul32/vega-tools/toolchain/bin/../lib/gcc/riscv32-vega-elf/14.2.0/libgcc.a(eqdf2.o)
 .debug_line    0x000026fc      0x347 /home/joelphilip/Documents/C2S/Trisul32/vega-tools/toolchain/bin/../lib/gcc/riscv32-vega-elf/14.2.0/libgcc.a(gedf2.o)
 .debug_line    0x00002a43      0x347 /home/joelphilip/Documents/C2S/Trisul32/vega-tools/toolchain/bin/../lib/gcc/riscv32-vega-elf/14.2.0/libgcc.a(ledf2.o)
 .debug_line    0x00002d8a      0xf02 /home/joelphilip/Documents/C2S/Trisul32/vega-tools/toolchain/bin/../lib/gcc/riscv32-vega-elf/14.2.0/libgcc.a(muldf3.o)
 .debug_line    0x00003c8c     0x1384 /home/joelphilip/Documents/C2S/Trisul32/vega-tools/toolchain/bin/../lib/gcc/riscv32-vega-elf/14.2.0/libgcc.a(subdf3.o)
 .debug_line    0x00005010      0x1df /home/joelphilip/Documents/C2S/Trisul32/vega-tools/toolchain/bin/../lib/gcc/riscv32-vega-elf/14.2.0/libgcc.a(fixdfsi.o)
 .debug_line    0x000051ef      0x1bb /home/joelphilip/Documents/C2S/Trisul32/vega-tools/toolchain/bin/../lib/gcc/riscv32-vega-elf/14.2.0/libgcc.a(fixunsdfsi.o)
 .debug_line    0x000053aa      0x223 /home/joelphilip/Documents/C2S/Trisul32/vega-tools/toolchain/bin/../lib/gcc/riscv32-vega-elf/14.2.0/libgcc.a(floatunsidf.o)
 .debug_line    0x000055cd      0xd4c /home/joelphilip/Documents/C2S/Trisul32/vega-tools/toolchain/bin/../lib/gcc/riscv32-vega-elf/14.2.0/libgcc.a(addsf3.o)
 .debug_line    0x00006319      0x8cd /home/joelphilip/Documents/C2S/Trisul32/vega-tools/toolchain/bin/../lib/gcc/riscv32-vega-elf/14.2.0/libgcc.a(divsf3.o)
 .debug_line    0x00006be6      0x810 /home/joelphilip/Documents/C2S/Trisul32/vega-tools/toolchain/bin/../lib/gcc/riscv32-vega-elf/14.2.0/libgcc.a(mulsf3.o)
 .debug_line    0x000073f6      0x37a /home/joelphilip/Documents/C2S/Trisul32/vega-tools/toolchain/bin/../lib/gcc/riscv32-vega-elf/14.2.0/libgcc.a(floatsisf.o)
 .debug_line    0x00007770       0xdb /home/joelphilip/Documents/C2S/Trisul32/vega-tools/toolchain/bin/../lib/gcc/riscv32-vega-elf/14.2.0/libgcc.a(_clzsi2.o)
 .debug_line    0x0000784b       0x3f /home/joelphilip/Documents/C2S/Trisul32/vega-tools/toolchain/bin/../lib/gcc/riscv32-vega-elf/14.2.0/libgcc.a(_clz.o)

.debug_str      0x00000000      0x7da
 .debug_str     0x00000000      0x7da /home/joelphilip/Documents/C2S/Trisul32/vega-tools/toolchain/bin/../lib/gcc/riscv32-vega-elf/14.2.0/libgcc.a(adddf3.o)
                                0x2ae (size before relaxing)
 .debug_str     0x000007da      0x370 /home/joelphilip/Documents/C2S/Trisul32/vega-tools/toolchain/bin/../lib/gcc/riscv32-vega-elf/14.2.0/libgcc.a(divdf3.o)
 .debug_str     0x000007da      0x1c0 /home/joelphilip/Documents/C2S/Trisul32/vega-tools/toolchain/bin/../lib/gcc/riscv32-vega-elf/14.2.0/libgcc.a(eqdf2.o)
 .debug_str     0x000007da      0x1e4 /home/joelphilip/Documents/C2S/Trisul32/vega-tools/toolchain/bin/../lib/gcc/riscv32-vega-elf/14.2.0/libgcc.a(gedf2.o)
 .debug_str     0x000007da      0x1e4 /home/joelphilip/Documents/C2S/Trisul32/vega-tools/toolchain/bin/../lib/gcc/riscv32-vega-elf/14.2.0/libgcc.a(ledf2.o)
 .debug_str     0x000007da      0x3c8 /home/joelphilip/Documents/C2S/Trisul32/vega-tools/toolchain/bin/../lib/gcc/riscv32-vega-elf/14.2.0/libgcc.a(muldf3.o)
 .debug_str     0x000007da      0x2ae /home/joelphilip/Documents/C2S/Trisul32/vega-tools/toolchain/bin/../lib/gcc/riscv32-vega-elf/14.2.0/libgcc.a(subdf3.o)
 .debug_str     0x000007da      0x1bb /home/joelphilip/Documents/C2S/Trisul32/vega-tools/toolchain/bin/../lib/gcc/riscv32-vega-elf/14.2.0/libgcc.a(fixdfsi.o)
 .debug_str     0x000007da      0x1b7 /home/joelphilip/Documents/C2S/Trisul32/vega-tools/toolchain/bin/../lib/gcc/riscv32-vega-elf/14.2.0/libgcc.a(fixunsdfsi.o)
 .debug_str     0x000007da      0x253 /home/joelphilip/Documents/C2S/Trisul32/vega-tools/toolchain/bin/../lib/gcc/riscv32-vega-elf/14.2.0/libgcc.a(floatunsidf.o)
 .debug_str     0x000007da      0x271 /home/joelphilip/Documents/C2S/Trisul32/vega-tools/toolchain/bin/../lib/gcc/riscv32-vega-elf/14.2.0/libgcc.a(addsf3.o)
 .debug_str     0x000007da      0x2db /home/joelphilip/Documents/C2S/Trisul32/vega-tools/toolchain/bin/../lib/gcc/riscv32-vega-elf/14.2.0/libgcc.a(divsf3.o)
 .debug_str     0x000007da      0x296 /home/joelphilip/Documents/C2S/Trisul32/vega-tools/toolchain/bin/../lib/gcc/riscv32-vega-elf/14.2.0/libgcc.a(mulsf3.o)
 .debug_str     0x000007da      0x239 /home/joelphilip/Documents/C2S/Trisul32/vega-tools/toolchain/bin/../lib/gcc/riscv32-vega-elf/14.2.0/libgcc.a(floatsisf.o)
 .debug_str     0x000007da      0x1de /home/joelphilip/Documents/C2S/Trisul32/vega-tools/toolchain/bin/../lib/gcc/riscv32-vega-elf/14.2.0/libgcc.a(_clzsi2.o)
 .debug_str     0x000007da      0x1c1 /home/joelphilip/Documents/C2S/Trisul32/vega-tools/toolchain/bin/../lib/gcc/riscv32-vega-elf/14.2.0/libgcc.a(_clz.o)

.debug_line_str
                0x00000000      0x2ff
 .debug_line_str
                0x00000000      0x2ff /home/joelphilip/Documents/C2S/Trisul32/vega-tools/toolchain/bin/../lib/gcc/riscv32-vega-elf/14.2.0/libgcc.a(adddf3.o)
                                 0xf2 (size before relaxing)
 .debug_line_str
                0x000002ff       0xfc /home/joelphilip/Documents/C2S/Trisul32/vega-tools/toolchain/bin/../lib/gcc/riscv32-vega-elf/14.2.0/libgcc.a(divdf3.o)
 .debug_line_str
                0x000002ff       0xff /home/joelphilip/Documents/C2S/Trisul32/vega-tools/toolchain/bin/../lib/gcc/riscv32-vega-elf/14.2.0/libgcc.a(eqdf2.o)
 .debug_line_str
                0x000002ff       0xff /home/joelphilip/Documents/C2S/Trisul32/vega-tools/toolchain/bin/../lib/gcc/riscv32-vega-elf/14.2.0/libgcc.a(gedf2.o)
 .debug_line_str
                0x000002ff       0xff /home/joelphilip/Documents/C2S/Trisul32/vega-tools/toolchain/bin/../lib/gcc/riscv32-vega-elf/14.2.0/libgcc.a(ledf2.o)
 .debug_line_str
                0x000002ff       0xfc /home/joelphilip/Documents/C2S/Trisul32/vega-tools/toolchain/bin/../lib/gcc/riscv32-vega-elf/14.2.0/libgcc.a(muldf3.o)
 .debug_line_str
                0x000002ff       0xf2 /home/joelphilip/Documents/C2S/Trisul32/vega-tools/toolchain/bin/../lib/gcc/riscv32-vega-elf/14.2.0/libgcc.a(subdf3.o)
 .debug_line_str
                0x000002ff       0xff /home/joelphilip/Documents/C2S/Trisul32/vega-tools/toolchain/bin/../lib/gcc/riscv32-vega-elf/14.2.0/libgcc.a(fixdfsi.o)
 .debug_line_str
                0x000002ff      0x108 /home/joelphilip/Documents/C2S/Trisul32/vega-tools/toolchain/bin/../lib/gcc/riscv32-vega-elf/14.2.0/libgcc.a(fixunsdfsi.o)
 .debug_line_str
                0x000002ff      0x10b /home/joelphilip/Documents/C2S/Trisul32/vega-tools/toolchain/bin/../lib/gcc/riscv32-vega-elf/14.2.0/libgcc.a(floatunsidf.o)
 .debug_line_str
                0x000002ff       0xf2 /home/joelphilip/Documents/C2S/Trisul32/vega-tools/toolchain/bin/../lib/gcc/riscv32-vega-elf/14.2.0/libgcc.a(addsf3.o)
 .debug_line_str
                0x000002ff       0xf2 /home/joelphilip/Documents/C2S/Trisul32/vega-tools/toolchain/bin/../lib/gcc/riscv32-vega-elf/14.2.0/libgcc.a(divsf3.o)
 .debug_line_str
                0x000002ff       0xfc /home/joelphilip/Documents/C2S/Trisul32/vega-tools/toolchain/bin/../lib/gcc/riscv32-vega-elf/14.2.0/libgcc.a(mulsf3.o)
 .debug_line_str
                0x000002ff      0x105 /home/joelphilip/Documents/C2S/Trisul32/vega-tools/toolchain/bin/../lib/gcc/riscv32-vega-elf/14.2.0/libgcc.a(floatsisf.o)
 .debug_line_str
                0x000002ff       0xe6 /home/joelphilip/Documents/C2S/Trisul32/vega-tools/toolchain/bin/../lib/gcc/riscv32-vega-elf/14.2.0/libgcc.a(_clzsi2.o)
 .debug_line_str
                0x000002ff       0xe6 /home/joelphilip/Documents/C2S/Trisul32/vega-tools/toolchain/bin/../lib/gcc/riscv32-vega-elf/14.2.0/libgcc.a(_clz.o)

.debug_frame    0x00000000      0x35c
 .debug_frame   0x00000000       0x4c /home/joelphilip/Documents/C2S/Trisul32/vega-tools/toolchain/bin/../lib/gcc/riscv32-vega-elf/14.2.0/libgcc.a(adddf3.o)
 .debug_frame   0x0000004c       0x5c /home/joelphilip/Documents/C2S/Trisul32/vega-tools/toolchain/bin/../lib/gcc/riscv32-vega-elf/14.2.0/libgcc.a(divdf3.o)
 .debug_frame   0x000000a8       0x20 /home/joelphilip/Documents/C2S/Trisul32/vega-tools/toolchain/bin/../lib/gcc/riscv32-vega-elf/14.2.0/libgcc.a(eqdf2.o)
 .debug_frame   0x000000c8       0x20 /home/joelphilip/Documents/C2S/Trisul32/vega-tools/toolchain/bin/../lib/gcc/riscv32-vega-elf/14.2.0/libgcc.a(gedf2.o)
 .debug_frame   0x000000e8       0x20 /home/joelphilip/Documents/C2S/Trisul32/vega-tools/toolchain/bin/../lib/gcc/riscv32-vega-elf/14.2.0/libgcc.a(ledf2.o)
 .debug_frame   0x00000108       0x5c /home/joelphilip/Documents/C2S/Trisul32/vega-tools/toolchain/bin/../lib/gcc/riscv32-vega-elf/14.2.0/libgcc.a(muldf3.o)
 .debug_frame   0x00000164       0x4c /home/joelphilip/Documents/C2S/Trisul32/vega-tools/toolchain/bin/../lib/gcc/riscv32-vega-elf/14.2.0/libgcc.a(subdf3.o)
 .debug_frame   0x000001b0       0x20 /home/joelphilip/Documents/C2S/Trisul32/vega-tools/toolchain/bin/../lib/gcc/riscv32-vega-elf/14.2.0/libgcc.a(fixdfsi.o)
 .debug_frame   0x000001d0       0x20 /home/joelphilip/Documents/C2S/Trisul32/vega-tools/toolchain/bin/../lib/gcc/riscv32-vega-elf/14.2.0/libgcc.a(fixunsdfsi.o)
 .debug_frame   0x000001f0       0x3c /home/joelphilip/Documents/C2S/Trisul32/vega-tools/toolchain/bin/../lib/gcc/riscv32-vega-elf/14.2.0/libgcc.a(floatunsidf.o)
 .debug_frame   0x0000022c       0x40 /home/joelphilip/Documents/C2S/Trisul32/vega-tools/toolchain/bin/../lib/gcc/riscv32-vega-elf/14.2.0/libgcc.a(addsf3.o)
 .debug_frame   0x0000026c       0x4c /home/joelphilip/Documents/C2S/Trisul32/vega-tools/toolchain/bin/../lib/gcc/riscv32-vega-elf/14.2.0/libgcc.a(divsf3.o)
 .debug_frame   0x000002b8       0x4c /home/joelphilip/Documents/C2S/Trisul32/vega-tools/toolchain/bin/../lib/gcc/riscv32-vega-elf/14.2.0/libgcc.a(mulsf3.o)
 .debug_frame   0x00000304       0x38 /home/joelphilip/Documents/C2S/Trisul32/vega-tools/toolchain/bin/../lib/gcc/riscv32-vega-elf/14.2.0/libgcc.a(floatsisf.o)
 .debug_frame   0x0000033c       0x20 /home/joelphilip/Documents/C2S/Trisul32/vega-tools/toolchain/bin/../lib/gcc/riscv32-vega-elf/14.2.0/libgcc.a(_clzsi2.o)
